Component: ARM Compiler 5.06 update 7 (build 960) Tool: armlink [4d3601]

==============================================================================

Section Cross References

    startup_stm32f429xx.o(STACK) refers (Special) to heapauxi.o(.text) for __use_two_region_memory
    startup_stm32f429xx.o(HEAP) refers (Special) to heapauxi.o(.text) for __use_two_region_memory
    startup_stm32f429xx.o(RESET) refers (Special) to heapauxi.o(.text) for __use_two_region_memory
    startup_stm32f429xx.o(RESET) refers to startup_stm32f429xx.o(STACK) for __initial_sp
    startup_stm32f429xx.o(RESET) refers to startup_stm32f429xx.o(.text) for Reset_Handler
    startup_stm32f429xx.o(RESET) refers to stm32f4xx_it.o(i.NMI_Handler) for NMI_Handler
    startup_stm32f429xx.o(RESET) refers to stm32f4xx_it.o(i.HardFault_Handler) for HardFault_Handler
    startup_stm32f429xx.o(RESET) refers to stm32f4xx_it.o(i.MemManage_Handler) for MemManage_Handler
    startup_stm32f429xx.o(RESET) refers to stm32f4xx_it.o(i.BusFault_Handler) for BusFault_Handler
    startup_stm32f429xx.o(RESET) refers to stm32f4xx_it.o(i.UsageFault_Handler) for UsageFault_Handler
    startup_stm32f429xx.o(RESET) refers to port.o(.emb_text) for SVC_Handler
    startup_stm32f429xx.o(RESET) refers to stm32f4xx_it.o(i.DebugMon_Handler) for DebugMon_Handler
    startup_stm32f429xx.o(RESET) refers to cmsis_os2.o(i.SysTick_Handler) for SysTick_Handler
    startup_stm32f429xx.o(RESET) refers to stm32f4xx_it.o(i.TIM2_IRQHandler) for TIM2_IRQHandler
    startup_stm32f429xx.o(.text) refers (Special) to heapauxi.o(.text) for __use_two_region_memory
    startup_stm32f429xx.o(.text) refers to system_stm32f4xx.o(i.SystemInit) for SystemInit
    startup_stm32f429xx.o(.text) refers to __main.o(!!!main) for __main
    startup_stm32f429xx.o(.text) refers to startup_stm32f429xx.o(HEAP) for Heap_Mem
    startup_stm32f429xx.o(.text) refers to startup_stm32f429xx.o(STACK) for Stack_Mem
    main.o(i.HAL_TIM_PeriodElapsedCallback) refers to stm32f4xx_hal.o(i.HAL_IncTick) for HAL_IncTick
    main.o(i.SystemClock_Config) refers to rt_memclr_w.o(.text) for __aeabi_memclr4
    main.o(i.SystemClock_Config) refers to stm32f4xx_hal_rcc.o(i.HAL_RCC_OscConfig) for HAL_RCC_OscConfig
    main.o(i.SystemClock_Config) refers to main.o(i.Error_Handler) for Error_Handler
    main.o(i.SystemClock_Config) refers to stm32f4xx_hal_pwr_ex.o(i.HAL_PWREx_EnableOverDrive) for HAL_PWREx_EnableOverDrive
    main.o(i.SystemClock_Config) refers to stm32f4xx_hal_rcc.o(i.HAL_RCC_ClockConfig) for HAL_RCC_ClockConfig
    main.o(i.main) refers to stm32f4xx_hal.o(i.HAL_Init) for HAL_Init
    main.o(i.main) refers to main.o(i.SystemClock_Config) for SystemClock_Config
    main.o(i.main) refers to trckernelport.o(i.vTraceEnable) for vTraceEnable
    main.o(i.main) refers to gpio.o(i.MX_GPIO_Init) for MX_GPIO_Init
    main.o(i.main) refers to usart.o(i.MX_USART1_UART_Init) for MX_USART1_UART_Init
    main.o(i.main) refers to tasks.o(i.xTaskCreate) for xTaskCreate
    main.o(i.main) refers to cmsis_os2.o(i.osKernelInitialize) for osKernelInitialize
    main.o(i.main) refers to freertos.o(i.MX_FREERTOS_Init) for MX_FREERTOS_Init
    main.o(i.main) refers to cmsis_os2.o(i.osKernelStart) for osKernelStart
    main.o(i.main) refers to main.o(.data) for green_led_arg
    main.o(i.main) refers to main.o(i.tfLed) for tfLed
    main.o(i.main) refers to main.o(i.tfUart) for tfUart
    main.o(i.tfLed) refers to tasks.o(i.xTaskGetTickCount) for xTaskGetTickCount
    main.o(i.tfLed) refers to trcstreamingrecorder.o(i.xTraceRegisterString) for xTraceRegisterString
    main.o(i.tfLed) refers to f2d.o(x$fpl$f2d) for __aeabi_f2d
    main.o(i.tfLed) refers to sin.o(i.__hardfp_sin) for __hardfp_sin
    main.o(i.tfLed) refers to dmul.o(x$fpl$dmul) for __aeabi_dmul
    main.o(i.tfLed) refers to d2f.o(x$fpl$d2f) for __aeabi_d2f
    main.o(i.tfLed) refers to trcstreamingrecorder.o(i.vTracePrintF) for vTracePrintF
    main.o(i.tfLed) refers to stm32f4xx_hal_gpio.o(i.HAL_GPIO_TogglePin) for HAL_GPIO_TogglePin
    main.o(i.tfLed) refers to tasks.o(i.vTaskDelayUntil) for vTaskDelayUntil
    main.o(i.tfUart) refers to tasks.o(i.xTaskGetTickCount) for xTaskGetTickCount
    main.o(i.tfUart) refers to trcstreamingrecorder.o(i.xTraceRegisterString) for xTraceRegisterString
    main.o(i.tfUart) refers to trcstreamingrecorder.o(i.vTracePrintF) for vTracePrintF
    main.o(i.tfUart) refers to stm32f4xx_hal_uart.o(i.HAL_UART_Transmit) for HAL_UART_Transmit
    main.o(i.tfUart) refers to tasks.o(i.vTaskDelayUntil) for vTaskDelayUntil
    main.o(i.tfUart) refers to usart.o(.bss) for huart1
    gpio.o(i.MX_GPIO_Init) refers to rt_memclr_w.o(.text) for __aeabi_memclr4
    gpio.o(i.MX_GPIO_Init) refers to stm32f4xx_hal_gpio.o(i.HAL_GPIO_WritePin) for HAL_GPIO_WritePin
    gpio.o(i.MX_GPIO_Init) refers to stm32f4xx_hal_gpio.o(i.HAL_GPIO_Init) for HAL_GPIO_Init
[...]
    .bss                                     0x2000012c   Section       68  usart.o(.bss)
    .bss                                     0x20000170   Section       72  stm32f4xx_hal_timebase_tim.o(.bss)
    .bss                                     0x200001b8   Section       64  queue.o(.bss)
    .bss                                     0x200001f8   Section     1220  tasks.o(.bss)
    pxReadyTasksLists                        0x200001f8   Data        1120  tasks.o(.bss)
    xDelayedTaskList1                        0x20000658   Data          20  tasks.o(.bss)
    xDelayedTaskList2                        0x2000066c   Data          20  tasks.o(.bss)
    xPendingReadyList                        0x20000680   Data          20  tasks.o(.bss)
    xTasksWaitingTermination                 0x20000694   Data          20  tasks.o(.bss)
    xSuspendedTaskList                       0x200006a8   Data          20  tasks.o(.bss)
    .bss                                     0x200006bc   Section      280  timers.o(.bss)
    xActiveTimerList1                        0x200006bc   Data          20  timers.o(.bss)
    xActiveTimerList2                        0x200006d0   Data          20  timers.o(.bss)
    xStaticTimerQueue                        0x200006e4   Data          80  timers.o(.bss)
    ucStaticTimerQueueStorage                0x20000734   Data         160  timers.o(.bss)
    .bss                                     0x200007d4   Section     1720  cmsis_os2.o(.bss)
    Idle_TCB                                 0x200007d4   Data          92  cmsis_os2.o(.bss)
    Idle_Stack                               0x20000830   Data         512  cmsis_os2.o(.bss)
    Timer_TCB                                0x20000a30   Data          92  cmsis_os2.o(.bss)
    Timer_Stack                              0x20000a8c   Data        1024  cmsis_os2.o(.bss)
    .bss                                     0x20000e8c   Section    15360  heap_4.o(.bss)
    ucHeap                                   0x20000e8c   Data       15360  heap_4.o(.bss)
    .bss                                     0x20004a8c   Section     6148  trckernelport.o(.bss)
    stackTzCtrl                              0x20004a8c   Data        1024  trckernelport.o(.bss)
    tcbTzCtrl                                0x20004e8c   Data          92  trckernelport.o(.bss)
    _TzCtrlData                              0x20006270   Data          32  trckernelport.o(.bss)
    .bss                                     0x20006290   Section     1700  trcstreamingrecorder.o(.bss)
    symbolTable                              0x20006290   Data        1280  trcstreamingrecorder.o(.bss)
    objectDataTable                          0x20006790   Data         320  trcstreamingrecorder.o(.bss)
    ISR_stack                                0x200068d0   Data          32  trcstreamingrecorder.o(.bss)
    xEventDataDummy                          0x200068f0   Data          68  trcstreamingrecorder.o(.bss)
    .bss                                     0x20006934   Section      248  segger_rtt.o(.bss)
    _acUpBuffer                              0x200069dc   Data          64  segger_rtt.o(.bss)
    _acDownBuffer                            0x20006a1c   Data          16  segger_rtt.o(.bss)
    .bss                                     0x20006a2c   Section       96  libspace.o(.bss)
    HEAP                                     0x20006a90   Section     2048  startup_stm32f429xx.o(HEAP)
    Heap_Mem                                 0x20006a90   Data        2048  startup_stm32f429xx.o(HEAP)
    STACK                                    0x20007290   Section     2048  startup_stm32f429xx.o(STACK)
    Stack_Mem                                0x20007290   Data        2048  startup_stm32f429xx.o(STACK)
    __initial_sp                             0x20007a90   Data           0  startup_stm32f429xx.o(STACK)

    Global Symbols

    Symbol Name                              Value     Ov Type        Size  Object(Section)

    BuildAttributes$$THM_ISAv4$E$P$D$K$B$S$7EM$VFPi3$EXTD16$VFPS$VFMA$PE$A:L22UL41UL21$X:L11$S22US41US21$IEEE1$IW$USESV6$~STKCKD$USESV7$~SHL$OTIME$ROPI$IEEEX$EBA8$UX$STANDARDLIB$REQ8$PRES8$EABIv2 0x00000000   Number         0  anon$$obj.o ABSOLUTE
    __ARM_use_no_argv                        0x00000000   Number         0  main.o ABSOLUTE
    _printf_flags                            0x00000000   Number         0  printf_stubs.o ABSOLUTE
    _printf_return_value                     0x00000000   Number         0  printf_stubs.o ABSOLUTE
    _printf_sizespec                         0x00000000   Number         0  printf_stubs.o ABSOLUTE
    _printf_widthprec                        0x00000000   Number         0  printf_stubs.o ABSOLUTE
    __ARM_exceptions_init                     - Undefined Weak Reference
    __alloca_initialize                       - Undefined Weak Reference
    __arm_fini_                               - Undefined Weak Reference
    __arm_preinit_                            - Undefined Weak Reference
    __cpp_initialize__aeabi_                  - Undefined Weak Reference
    __cxa_finalize                            - Undefined Weak Reference
    __sigvec_lookup                           - Undefined Weak Reference
    _atexit_init                              - Undefined Weak Reference
    _call_atexit_fns                          - Undefined Weak Reference
    _clock_init                               - Undefined Weak Reference
    _fp_trap_init                             - Undefined Weak Reference
    _fp_trap_shutdown                         - Undefined Weak Reference
    _get_lc_collate                           - Undefined Weak Reference
    _get_lc_monetary                          - Undefined Weak Reference
    _get_lc_time                              - Undefined Weak Reference
    _getenv_init                              - Undefined Weak Reference
    _handle_redirection                       - Undefined Weak Reference
    _init_alloc                               - Undefined Weak Reference
    _init_user_alloc                          - Undefined Weak Reference
    _initio                                   - Undefined Weak Reference
    _printf_mbtowc                            - Undefined Weak Reference
    _printf_wc                                - Undefined Weak Reference
    _rand_init                                - Undefined Weak Reference
    _signal_finish                            - Undefined Weak Reference
    _signal_init                              - Undefined Weak Reference
    _terminate_alloc                          - Undefined Weak Reference
    _terminate_user_alloc                     - Undefined Weak Reference
    _terminateio                              - Undefined Weak Reference
    __Vectors_Size                           0x000001ac   Number         0  startup_stm32f429xx.o ABSOLUTE
    __Vectors                                0x08000000   Data           4  startup_stm32f429xx.o(RESET)
    __Vectors_End                            0x080001ac   Data           0  startup_stm32f429xx.o(RESET)
    __main                                   0x080001ad   Thumb Code     8  __main.o(!!!main)
    __scatterload                            0x080001b5   Thumb Code     0  __scatter.o(!!!scatter)
    __scatterload_rt2                        0x080001b5   Thumb Code    44  __scatter.o(!!!scatter)
    __scatterload_rt2_thumb_only             0x080001b5   Thumb Code     0  __scatter.o(!!!scatter)
    __scatterload_null                       0x080001c3   Thumb Code     0  __scatter.o(!!!scatter)
    __decompress                             0x080001e9   Thumb Code    58  __dczerorl.o(!!dczerorl)
    __decompress0                            0x080001e9   Thumb Code     0  __dczerorl.o(!!dczerorl)
    __scatterload_zeroinit                   0x08000225   Thumb Code    28  __scatter_zi.o(!!handler_zi)
    __rt_lib_init                            0x08000241   Thumb Code     0  libinit.o(.ARM.Collect$$libinit$$00000000)
    __rt_lib_init_fp_1                       0x08000243   Thumb Code     0  libinit2.o(.ARM.Collect$$libinit$$00000001)
    __rt_lib_init_alloca_1                   0x08000247   Thumb Code     0  libinit2.o(.ARM.Collect$$libinit$$0000002E)
    __rt_lib_init_argv_1                     0x08000247   Thumb Code     0  libinit2.o(.ARM.Collect$$libinit$$0000002C)
    __rt_lib_init_atexit_1                   0x08000247   Thumb Code     0  libinit2.o(.ARM.Collect$$libinit$$0000001B)
    __rt_lib_init_clock_1                    0x08000247   Thumb Code     0  libinit2.o(.ARM.Collect$$libinit$$00000021)
    __rt_lib_init_cpp_1                      0x08000247   Thumb Code     0  libinit2.o(.ARM.Collect$$libinit$$00000032)
    __rt_lib_init_exceptions_1               0x08000247   Thumb Code     0  libinit2.o(.ARM.Collect$$libinit$$00000030)
    __rt_lib_init_fp_trap_1                  0x08000247   Thumb Code     0  libinit2.o(.ARM.Collect$$libinit$$0000001F)
    __rt_lib_init_getenv_1                   0x08000247   Thumb Code     0  libinit2.o(.ARM.Collect$$libinit$$00000023)
    __rt_lib_init_heap_1                     0x08000247   Thumb Code     0  libinit2.o(.ARM.Collect$$libinit$$0000000A)
    __rt_lib_init_lc_collate_1               0x08000247   Thumb Code     0  libinit2.o(.ARM.Collect$$libinit$$00000011)
    __rt_lib_init_lc_ctype_1                 0x08000247   Thumb Code     0  libinit2.o(.ARM.Collect$$libinit$$00000013)
    __rt_lib_init_lc_monetary_1              0x08000247   Thumb Code     0  libinit2.o(.ARM.Collect$$libinit$$00000015)
    __rt_lib_init_lc_numeric_1               0x08000247   Thumb Code     0  libinit2.o(.ARM.Collect$$libinit$$00000017)
    __rt_lib_init_lc_time_1                  0x08000247   Thumb Code     0  libinit2.o(.ARM.Collect$$libinit$$00000019)
    __rt_lib_init_preinit_1                  0x08000247   Thumb Code     0  libinit2.o(.ARM.Collect$$libinit$$00000004)
    __rt_lib_init_rand_1                     0x08000247   Thumb Code     0  libinit2.o(.ARM.Collect$$libinit$$0000000E)
    __rt_lib_init_return                     0x08000247   Thumb Code     0  libinit2.o(.ARM.Collect$$libinit$$00000033)
    __rt_lib_init_signal_1                   0x08000247   Thumb Code     0  libinit2.o(.ARM.Collect$$libinit$$0000001D)
    __rt_lib_init_stdio_1                    0x08000247   Thumb Code     0  libinit2.o(.ARM.Collect$$libinit$$00000025)
    __rt_lib_init_user_alloc_1               0x08000247   Thumb Code     0  libinit2.o(.ARM.Collect$$libinit$$0000000C)
    __rt_lib_shutdown                        0x08000249   Thumb Code     0  libshutdown.o(.ARM.Collect$$libshutdown$$00000000)
    __rt_lib_shutdown_cpp_1                  0x0800024b   Thumb Code     0  libshutdown2.o(.ARM.Collect$$libshutdown$$00000004)
    __rt_lib_shutdown_fini_1                 0x0800024b   Thumb Code     0  libshutdown2.o(.ARM.Collect$$libshutdown$$00000002)
    __rt_lib_shutdown_fp_trap_1              0x0800024b   Thumb Code     0  libshutdown2.o(.ARM.Collect$$libshutdown$$00000009)
    __rt_lib_shutdown_heap_1                 0x0800024b   Thumb Code     0  libshutdown2.o(.ARM.Collect$$libshutdown$$00000011)
    __rt_lib_shutdown_return                 0x0800024b   Thumb Code     0  libshutdown2.o(.ARM.Collect$$libshutdown$$00000012)
    __rt_lib_shutdown_signal_1               0x0800024b   Thumb Code     0  libshutdown2.o(.ARM.Collect$$libshutdown$$0000000C)
    __rt_lib_shutdown_stdio_1                0x0800024b   Thumb Code     0  libshutdown2.o(.ARM.Collect$$libshutdown$$00000006)
    __rt_lib_shutdown_user_alloc_1           0x0800024b   Thumb Code     0  libshutdown2.o(.ARM.Collect$$libshutdown$$0000000E)
    __rt_entry                               0x0800024d   Thumb Code     0  __rtentry.o(.ARM.Collect$$rtentry$$00000000)
    __rt_entry_presh_1                       0x0800024d   Thumb Code     0  __rtentry2.o(.ARM.Collect$$rtentry$$00000002)
    __rt_entry_sh                            0x0800024d   Thumb Code     0  __rtentry4.o(.ARM.Collect$$rtentry$$00000004)
    __rt_entry_li                            0x08000253   Thumb Code     0  __rtentry2.o(.ARM.Collect$$rtentry$$0000000A)
    __rt_entry_postsh_1                      0x08000253   Thumb Code     0  __rtentry2.o(.ARM.Collect$$rtentry$$00000009)
    __rt_entry_main                          0x08000257   Thumb Code     0  __rtentry2.o(.ARM.Collect$$rtentry$$0000000D)
    __rt_entry_postli_1                      0x08000257   Thumb Code     0  __rtentry2.o(.ARM.Collect$$rtentry$$0000000C)
    __rt_exit                                0x0800025f   Thumb Code     0  rtexit.o(.ARM.Collect$$rtexit$$00000000)
    __rt_exit_ls                             0x08000261   Thumb Code     0  rtexit2.o(.ARM.Collect$$rtexit$$00000003)
    __rt_exit_prels_1                        0x08000261   Thumb Code     0  rtexit2.o(.ARM.Collect$$rtexit$$00000002)
    __rt_exit_exit                           0x08000265   Thumb Code     0  rtexit2.o(.ARM.Collect$$rtexit$$00000004)
    SVC_Handler                              0x0800026d   Thumb Code    28  port.o(.emb_text)
    __asm___6_port_c_39a90d8d__prvStartFirstTask 0x0800028d   Thumb Code    36  port.o(.emb_text)
    __asm___6_port_c_39a90d8d__prvEnableVFP  0x080002b5   Thumb Code    16  port.o(.emb_text)
    PendSV_Handler                           0x080002c9   Thumb Code    88  port.o(.emb_text)
    vPortGetIPSR                             0x08000325   Thumb Code     6  port.o(.emb_text)
    Reset_Handler                            0x0800032d   Thumb Code     8  startup_stm32f429xx.o(.text)
    ADC_IRQHandler                           0x08000347   Thumb Code     0  startup_stm32f429xx.o(.text)
    CAN1_RX0_IRQHandler                      0x08000347   Thumb Code     0  startup_stm32f429xx.o(.text)
    CAN1_RX1_IRQHandler                      0x08000347   Thumb Code     0  startup_stm32f429xx.o(.text)
    CAN1_SCE_IRQHandler                      0x08000347   Thumb Code     0  startup_stm32f429xx.o(.text)
    CAN1_TX_IRQHandler                       0x08000347   Thumb Code     0  startup_stm32f429xx.o(.text)
    CAN2_RX0_IRQHandler                      0x08000347   Thumb Code     0  startup_stm32f429xx.o(.text)
    CAN2_RX1_IRQHandler                      0x08000347   Thumb Code     0  startup_stm32f429xx.o(.text)
    CAN2_SCE_IRQHandler                      0x08000347   Thumb Code     0  startup_stm32f429xx.o(.text)
    CAN2_TX_IRQHandler                       0x08000347   Thumb Code     0  startup_stm32f429xx.o(.text)
    DCMI_IRQHandler                          0x08000347   Thumb Code     0  startup_stm32f429xx.o(.text)
    DMA1_Stream0_IRQHandler                  0x08000347   Thumb Code     0  startup_stm32f429xx.o(.text)
    DMA1_Stream1_IRQHandler                  0x08000347   Thumb Code     0  startup_stm32f429xx.o(.text)
    DMA1_Stream2_IRQHandler                  0x08000347   Thumb Code     0  startup_stm32f429xx.o(.text)
    DMA1_Stream3_IRQHandler                  0x08000347   Thumb Code     0  startup_stm32f429xx.o(.text)
    DMA1_Stream4_IRQHandler                  0x08000347   Thumb Code     0  startup_stm32f429xx.o(.text)
    DMA1_Stream5_IRQHandler                  0x08000347   Thumb Code     0  startup_stm32f429xx.o(.text)
    DMA1_Stream6_IRQHandler                  0x08000347   Thumb Code     0  startup_stm32f429xx.o(.text)
    DMA1_Stream7_IRQHandler                  0x08000347   Thumb Code     0  startup_stm32f429xx.o(.text)
    DMA2D_IRQHandler                         0x08000347   Thumb Code     0  startup_stm32f429xx.o(.text)
    DMA2_Stream0_IRQHandler                  0x08000347   Thumb Code     0  startup_stm32f429xx.o(.text)
    DMA2_Stream1_IRQHandler                  0x08000347   Thumb Code     0  startup_stm32f429xx.o(.text)
    DMA2_Stream2_IRQHandler                  0x08000347   Thumb Code     0  startup_stm32f429xx.o(.text)
    DMA2_Stream3_IRQHandler                  0x08000347   Thumb Code     0  startup_stm32f429xx.o(.text)
    DMA2_Stream4_IRQHandler                  0x08000347   Thumb Code     0  startup_stm32f429xx.o(.text)
    DMA2_Stream5_IRQHandler                  0x08000347   Thumb Code     0  startup_stm32f429xx.o(.text)
    DMA2_Stream6_IRQHandler                  0x08000347   Thumb Code     0  startup_stm32f429xx.o(.text)
    DMA2_Stream7_IRQHandler                  0x08000347   Thumb Code     0  startup_stm32f429xx.o(.text)
    ETH_IRQHandler                           0x08000347   Thumb Code     0  startup_stm32f429xx.o(.text)
    ETH_WKUP_IRQHandler                      0x08000347   Thumb Code     0  startup_stm32f429xx.o(.text)
    EXTI0_IRQHandler                         0x08000347   Thumb Code     0  startup_stm32f429xx.o(.text)
    EXTI15_10_IRQHandler                     0x08000347   Thumb Code     0  startup_stm32f429xx.o(.text)
    EXTI1_IRQHandler                         0x08000347   Thumb Code     0  startup_stm32f429xx.o(.text)
    EXTI2_IRQHandler                         0x08000347   Thumb Code     0  startup_stm32f429xx.o(.text)
    EXTI3_IRQHandler                         0x08000347   Thumb Code     0  startup_stm32f429xx.o(.text)
    EXTI4_IRQHandler                         0x08000347   Thumb Code     0  startup_stm32f429xx.o(.text)
    EXTI9_5_IRQHandler                       0x08000347   Thumb Code     0  startup_stm32f429xx.o(.text)
    FLASH_IRQHandler                         0x08000347   Thumb Code     0  startup_stm32f429xx.o(.text)
    FMC_IRQHandler                           0x08000347   Thumb Code     0  startup_stm32f429xx.o(.text)
    FPU_IRQHandler                           0x08000347   Thumb Code     0  startup_stm32f429xx.o(.text)
    HASH_RNG_IRQHandler                      0x08000347   Thumb Code     0  startup_stm32f429xx.o(.text)
    I2C1_ER_IRQHandler                       0x08000347   Thumb Code     0  startup_stm32f429xx.o(.text)
    I2C1_EV_IRQHandler                       0x08000347   Thumb Code     0  startup_stm32f429xx.o(.text)
    I2C2_ER_IRQHandler                       0x08000347   Thumb Code     0  startup_stm32f429xx.o(.text)
    I2C2_EV_IRQHandler                       0x08000347   Thumb Code     0  startup_stm32f429xx.o(.text)
    I2C3_ER_IRQHandler                       0x08000347   Thumb Code     0  startup_stm32f429xx.o(.text)
    I2C3_EV_IRQHandler                       0x08000347   Thumb Code     0  startup_stm32f429xx.o(.text)
    LTDC_ER_IRQHandler                       0x08000347   Thumb Code     0  startup_stm32f429xx.o(.text)
    LTDC_IRQHandler                          0x08000347   Thumb Code     0  startup_stm32f429xx.o(.text)
    OTG_FS_IRQHandler                        0x08000347   Thumb Code     0  startup_stm32f429xx.o(.text)
    OTG_FS_WKUP_IRQHandler                   0x08000347   Thumb Code     0  startup_stm32f429xx.o(.text)
    OTG_HS_EP1_IN_IRQHandler                 0x08000347   Thumb Code     0  startup_stm32f429xx.o(.text)
    OTG_HS_EP1_OUT_IRQHandler                0x08000347   Thumb Code     0  startup_stm32f429xx.o(.text)
    OTG_HS_IRQHandler                        0x08000347   Thumb Code     0  startup_stm32f429xx.o(.text)
    OTG_HS_WKUP_IRQHandler                   0x08000347   Thumb Code     0  startup_stm32f429xx.o(.text)
    PVD_IRQHandler                           0x08000347   Thumb Code     0  startup_stm32f429xx.o(.text)
    RCC_IRQHandler                           0x08000347   Thumb Code     0  startup_stm32f429xx.o(.text)
    RTC_Alarm_IRQHandler                     0x08000347   Thumb Code     0  startup_stm32f429xx.o(.text)
    RTC_WKUP_IRQHandler                      0x08000347   Thumb Code     0  startup_stm32f429xx.o(.text)
    SAI1_IRQHandler                          0x08000347   Thumb Code     0  startup_stm32f429xx.o(.text)
    SDIO_IRQHandler                          0x08000347   Thumb Code     0  startup_stm32f429xx.o(.text)
    SPI1_IRQHandler                          0x08000347   Thumb Code     0  startup_stm32f429xx.o(.text)
    SPI2_IRQHandler                          0x08000347   Thumb Code     0  startup_stm32f429xx.o(.text)
    SPI3_IRQHandler                          0x08000347   Thumb Code     0  startup_stm32f429xx.o(.text)
    SPI4_IRQHandler                          0x08000347   Thumb Code     0  startup_stm32f429xx.o(.text)
    SPI5_IRQHandler                          0x08000347   Thumb Code     0  startup_stm32f429xx.o(.text)
    SPI6_IRQHandler                          0x08000347   Thumb Code     0  startup_stm32f429xx.o(.text)
    TAMP_STAMP_IRQHandler                    0x08000347   Thumb Code     0  startup_stm32f429xx.o(.text)
    TIM1_BRK_TIM9_IRQHandler                 0x08000347   Thumb Code     0  startup_stm32f429xx.o(.text)
    TIM1_CC_IRQHandler                       0x08000347   Thumb Code     0  startup_stm32f429xx.o(.text)
    TIM1_TRG_COM_TIM11_IRQHandler            0x08000347   Thumb Code     0  startup_stm32f429xx.o(.text)
    TIM1_UP_TIM10_IRQHandler                 0x08000347   Thumb Code     0  startup_stm32f429xx.o(.text)
    TIM3_IRQHandler                          0x08000347   Thumb Code     0  startup_stm32f429xx.o(.text)
    TIM4_IRQHandler                          0x08000347   Thumb Code     0  startup_stm32f429xx.o(.text)
    TIM5_IRQHandler                          0x08000347   Thumb Code     0  startup_stm32f429xx.o(.text)
    TIM6_DAC_IRQHandler                      0x08000347   Thumb Code     0  startup_stm32f429xx.o(.text)
    TIM7_IRQHandler                          0x08000347   Thumb Code     0  startup_stm32f429xx.o(.text)
    TIM8_BRK_TIM12_IRQHandler                0x08000347   Thumb Code     0  startup_stm32f429xx.o(.text)
    TIM8_CC_IRQHandler                       0x08000347   Thumb Code     0  startup_stm32f429xx.o(.text)
    TIM8_TRG_COM_TIM14_IRQHandler            0x08000347   Thumb Code     0  startup_stm32f429xx.o(.text)
    TIM8_UP_TIM13_IRQHandler                 0x08000347   Thumb Code     0  startup_stm32f429xx.o(.text)
    UART4_IRQHandler                         0x08000347   Thumb Code     0  startup_stm32f429xx.o(.text)
    UART5_IRQHandler                         0x08000347   Thumb Code     0  startup_stm32f429xx.o(.text)
    UART7_IRQHandler                         0x08000347   Thumb Code     0  startup_stm32f429xx.o(.text)
    UART8_IRQHandler                         0x08000347   Thumb Code     0  startup_stm32f429xx.o(.text)
    USART1_IRQHandler                        0x08000347   Thumb Code     0  startup_stm32f429xx.o(.text)
    USART2_IRQHandler                        0x08000347   Thumb Code     0  startup_stm32f429xx.o(.text)
    USART3_IRQHandler                        0x08000347   Thumb Code     0  startup_stm32f429xx.o(.text)
    USART6_IRQHandler                        0x08000347   Thumb Code     0  startup_stm32f429xx.o(.text)
    WWDG_IRQHandler                          0x08000347   Thumb Code     0  startup_stm32f429xx.o(.text)
    __user_initial_stackheap                 0x08000349   Thumb Code     0  startup_stm32f429xx.o(.text)
    __aeabi_uldivmod                         0x0800036d   Thumb Code     0  lludivv7m.o(.text)
    _ll_udiv                                 0x0800036d   Thumb Code   238  lludivv7m.o(.text)
    strcpy                                   0x0800045b   Thumb Code    72  strcpy.o(.text)
    __aeabi_memcpy                           0x080004a3   Thumb Code     0  rt_memcpy_v6.o(.text)
    __rt_memcpy                              0x080004a3   Thumb Code   138  rt_memcpy_v6.o(.text)
    _memcpy_lastbytes                        0x08000509   Thumb Code     0  rt_memcpy_v6.o(.text)
    __aeabi_memset                           0x0800052d   Thumb Code    16  aeabi_memset.o(.text)
    __aeabi_memclr4                          0x0800053d   Thumb Code     0  rt_memclr_w.o(.text)
    __aeabi_memclr8                          0x0800053d   Thumb Code     0  rt_memclr_w.o(.text)
    __rt_memclr_w                            0x0800053d   Thumb Code    78  rt_memclr_w.o(.text)
    _memset_w                                0x08000541   Thumb Code     0  rt_memclr_w.o(.text)
    __use_two_region_memory                  0x0800058b   Thumb Code     2  heapauxi.o(.text)
    __rt_heap_escrow$2region                 0x0800058d   Thumb Code     2  heapauxi.o(.text)
    __rt_heap_expand$2region                 0x0800058f   Thumb Code     2  heapauxi.o(.text)
    __read_errno                             0x08000591   Thumb Code    10  _rserrno.o(.text)
    __set_errno                              0x0800059b   Thumb Code    12  _rserrno.o(.text)
    __aeabi_memcpy4                          0x080005a7   Thumb Code     0  rt_memcpy_w.o(.text)
    __aeabi_memcpy8                          0x080005a7   Thumb Code     0  rt_memcpy_w.o(.text)
    __rt_memcpy_w                            0x080005a7   Thumb Code   100  rt_memcpy_w.o(.text)
    _memcpy_lastbytes_aligned                0x080005ef   Thumb Code     0  rt_memcpy_w.o(.text)
    __aeabi_memclr                           0x0800060b   Thumb Code     0  rt_memclr.o(.text)
    __rt_memclr                              0x0800060b   Thumb Code    68  rt_memclr.o(.text)
    _memset                                  0x0800060f   Thumb Code     0  rt_memclr.o(.text)
    __aeabi_errno_addr                       0x08000651   Thumb Code     8  rt_errno_addr_intlibspace.o(.text)
    __errno$intlibspace                      0x08000651   Thumb Code     0  rt_errno_addr_intlibspace.o(.text)
    __rt_errno_addr$intlibspace              0x08000651   Thumb Code     0  rt_errno_addr_intlibspace.o(.text)
    __user_libspace                          0x08000659   Thumb Code     8  libspace.o(.text)
    __user_perproc_libspace                  0x08000659   Thumb Code     0  libspace.o(.text)
    __user_perthread_libspace                0x08000659   Thumb Code     0  libspace.o(.text)
    __user_setup_stackheap                   0x08000661   Thumb Code    74  sys_stackheap_outer.o(.text)
    exit                                     0x080006ab   Thumb Code    18  exit.o(.text)
    _sys_exit                                0x080006bd   Thumb Code     8  sys_exit.o(.text)
    __I$use$semihosting                      0x080006c9   Thumb Code     0  use_no_semi.o(.text)
    __use_no_semihosting_swi                 0x080006c9   Thumb Code     2  use_no_semi.o(.text)
    BusFault_Handler                         0x080006cb   Thumb Code     4  stm32f4xx_it.o(i.BusFault_Handler)
    __semihosting_library_function           0x080006cb   Thumb Code     0  indicate_semi.o(.text)
    DebugMon_Handler                         0x080006cf   Thumb Code     2  stm32f4xx_it.o(i.DebugMon_Handler)
    Error_Handler                            0x080006d1   Thumb Code     6  main.o(i.Error_Handler)
    HAL_GPIO_Init                            0x080006d9   Thumb Code   472  stm32f4xx_hal_gpio.o(i.HAL_GPIO_Init)
    HAL_GPIO_TogglePin                       0x080008e5   Thumb Code    20  stm32f4xx_hal_gpio.o(i.HAL_GPIO_TogglePin)
    HAL_GPIO_WritePin                        0x080008f9   Thumb Code    12  stm32f4xx_hal_gpio.o(i.HAL_GPIO_WritePin)
    HAL_GetTick                              0x08000905   Thumb Code     6  stm32f4xx_hal.o(i.HAL_GetTick)
    HAL_IncTick                              0x08000911   Thumb Code    16  stm32f4xx_hal.o(i.HAL_IncTick)
    HAL_Init                                 0x08000929   Thumb Code    54  stm32f4xx_hal.o(i.HAL_Init)
    HAL_InitTick                             0x08000965   Thumb Code   124  stm32f4xx_hal_timebase_tim.o(i.HAL_InitTick)
    HAL_MspInit                              0x080009ed   Thumb Code    78  stm32f4xx_hal_msp.o(i.HAL_MspInit)
    HAL_NVIC_EnableIRQ                       0x08000a41   Thumb Code    32  stm32f4xx_hal_cortex.o(i.HAL_NVIC_EnableIRQ)
    HAL_NVIC_SetPriority                     0x08000a61   Thumb Code   124  stm32f4xx_hal_cortex.o(i.HAL_NVIC_SetPriority)
    HAL_NVIC_SetPriorityGrouping             0x08000add   Thumb Code    32  stm32f4xx_hal_cortex.o(i.HAL_NVIC_SetPriorityGrouping)
    HAL_PWREx_EnableOverDrive                0x08000b05   Thumb Code   128  stm32f4xx_hal_pwr_ex.o(i.HAL_PWREx_EnableOverDrive)
    HAL_RCC_ClockConfig                      0x08000b91   Thumb Code   368  stm32f4xx_hal_rcc.o(i.HAL_RCC_ClockConfig)
    HAL_RCC_GetClockConfig                   0x08000d15   Thumb Code    58  stm32f4xx_hal_rcc.o(i.HAL_RCC_GetClockConfig)
    HAL_RCC_GetHCLKFreq                      0x08000d59   Thumb Code     6  stm32f4xx_hal_rcc.o(i.HAL_RCC_GetHCLKFreq)
    HAL_RCC_GetPCLK1Freq                     0x08000d65   Thumb Code    22  stm32f4xx_hal_rcc.o(i.HAL_RCC_GetPCLK1Freq)
    HAL_RCC_GetPCLK2Freq                     0x08000d85   Thumb Code    22  stm32f4xx_hal_rcc.o(i.HAL_RCC_GetPCLK2Freq)
    HAL_RCC_GetSysClockFreq                  0x08000da5   Thumb Code   162  stm32f4xx_hal_rcc.o(i.HAL_RCC_GetSysClockFreq)
    HAL_RCC_OscConfig                        0x08000e55   Thumb Code  1172  stm32f4xx_hal_rcc.o(i.HAL_RCC_OscConfig)
    HAL_TIMEx_BreakCallback                  0x080012f1   Thumb Code     2  stm32f4xx_hal_tim_ex.o(i.HAL_TIMEx_BreakCallback)
    HAL_TIMEx_CommutCallback                 0x080012f3   Thumb Code     2  stm32f4xx_hal_tim_ex.o(i.HAL_TIMEx_CommutCallback)
    HAL_TIM_Base_Init                        0x080012f5   Thumb Code   102  stm32f4xx_hal_tim.o(i.HAL_TIM_Base_Init)
    HAL_TIM_Base_MspInit                     0x0800135b   Thumb Code     2  stm32f4xx_hal_tim.o(i.HAL_TIM_Base_MspInit)
    HAL_TIM_Base_Start_IT                    0x0800135d   Thumb Code   138  stm32f4xx_hal_tim.o(i.HAL_TIM_Base_Start_IT)
    HAL_TIM_IC_CaptureCallback               0x08001405   Thumb Code     2  stm32f4xx_hal_tim.o(i.HAL_TIM_IC_CaptureCallback)
    HAL_TIM_IRQHandler                       0x08001407   Thumb Code   406  stm32f4xx_hal_tim.o(i.HAL_TIM_IRQHandler)
    HAL_TIM_OC_DelayElapsedCallback          0x0800159d   Thumb Code     2  stm32f4xx_hal_tim.o(i.HAL_TIM_OC_DelayElapsedCallback)
    HAL_TIM_PWM_PulseFinishedCallback        0x0800159f   Thumb Code     2  stm32f4xx_hal_tim.o(i.HAL_TIM_PWM_PulseFinishedCallback)
    HAL_TIM_PeriodElapsedCallback            0x080015a1   Thumb Code    18  main.o(i.HAL_TIM_PeriodElapsedCallback)
    HAL_TIM_TriggerCallback                  0x080015b3   Thumb Code     2  stm32f4xx_hal_tim.o(i.HAL_TIM_TriggerCallback)
    HAL_UART_Init                            0x080015b5   Thumb Code   114  stm32f4xx_hal_uart.o(i.HAL_UART_Init)
    HAL_UART_MspInit                         0x08001629   Thumb Code   124  usart.o(i.HAL_UART_MspInit)
    HAL_UART_Transmit                        0x080016b1   Thumb Code   210  stm32f4xx_hal_uart.o(i.HAL_UART_Transmit)
    HardFault_Handler                        0x08001783   Thumb Code     4  stm32f4xx_it.o(i.HardFault_Handler)
    MX_FREERTOS_Init                         0x08001787   Thumb Code     2  freertos.o(i.MX_FREERTOS_Init)
    MX_GPIO_Init                             0x08001789   Thumb Code   144  gpio.o(i.MX_GPIO_Init)
    MX_USART1_UART_Init                      0x08001821   Thumb Code    46  usart.o(i.MX_USART1_UART_Init)
    MemManage_Handler                        0x08001859   Thumb Code     4  stm32f4xx_it.o(i.MemManage_Handler)
    NMI_Handler                              0x0800185d   Thumb Code     4  stm32f4xx_it.o(i.NMI_Handler)
    SEGGER_RTT_ConfigDownBuffer              0x08001861   Thumb Code   164  segger_rtt.o(i.SEGGER_RTT_ConfigDownBuffer)
    SEGGER_RTT_ConfigUpBuffer                0x08001909   Thumb Code   164  segger_rtt.o(i.SEGGER_RTT_ConfigUpBuffer)
    SEGGER_RTT_Read                          0x080019b1   Thumb Code    56  segger_rtt.o(i.SEGGER_RTT_Read)
    SEGGER_RTT_ReadNoLock                    0x080019e9   Thumb Code   148  segger_rtt.o(i.SEGGER_RTT_ReadNoLock)
    SEGGER_RTT_Write                         0x08001a81   Thumb Code    68  segger_rtt.o(i.SEGGER_RTT_Write)
    SEGGER_RTT_WriteNoLock                   0x08001ac9   Thumb Code   126  segger_rtt.o(i.SEGGER_RTT_WriteNoLock)
    SysTick_Handler                          0x08001b4d   Thumb Code    22  cmsis_os2.o(i.SysTick_Handler)
    SystemClock_Config                       0x08001b65   Thumb Code   182  main.o(i.SystemClock_Config)
    SystemInit                               0x08001c25   Thumb Code    14  system_stm32f4xx.o(i.SystemInit)
    TIM2_IRQHandler                          0x08001c39   Thumb Code    10  stm32f4xx_it.o(i.TIM2_IRQHandler)
    TIM_Base_SetConfig                       0x08001c49   Thumb Code   170  stm32f4xx_hal_tim.o(i.TIM_Base_SetConfig)
    UsageFault_Handler                       0x0800202f   Thumb Code     4  stm32f4xx_it.o(i.UsageFault_Handler)
    __ARM_fpclassify                         0x0800217b   Thumb Code    48  fpclassify.o(i.__ARM_fpclassify)
    __hardfp_sin                             0x080021f1   Thumb Code   180  sin.o(i.__hardfp_sin)
    __ieee754_rem_pio2                       0x080022b9   Thumb Code   938  rred.o(i.__ieee754_rem_pio2)
    __kernel_cos                             0x080026f1   Thumb Code   322  cos_i.o(i.__kernel_cos)
    __kernel_poly                            0x08002861   Thumb Code   248  poly.o(i.__kernel_poly)
    __kernel_sin                             0x08002959   Thumb Code   280  sin_i.o(i.__kernel_sin)
    __mathlib_dbl_infnan                     0x08002a89   Thumb Code    20  dunder.o(i.__mathlib_dbl_infnan)
    __mathlib_dbl_invalid                    0x08002aa1   Thumb Code    24  dunder.o(i.__mathlib_dbl_invalid)
    __mathlib_dbl_underflow                  0x08002ac1   Thumb Code    24  dunder.o(i.__mathlib_dbl_underflow)
    fabs                                     0x08002ae7   Thumb Code    24  fabs.o(i.fabs)
    main                                     0x08002b01   Thumb Code   130  main.o(i.main)
    osKernelInitialize                       0x08002bcd   Thumb Code    38  cmsis_os2.o(i.osKernelInitialize)
    osKernelStart                            0x08002bf9   Thumb Code    82  cmsis_os2.o(i.osKernelStart)
    prvIsValidCommand                        0x080033a9   Thumb Code    68  trcstreamingrecorder.o(i.prvIsValidCommand)
    prvProcessCommand                        0x080033ed   Thumb Code    24  trcstreamingrecorder.o(i.prvProcessCommand)
    prvTraceError                            0x0800380d   Thumb Code    76  trcstreamingrecorder.o(i.prvTraceError)
    prvTraceGetCurrentTask                   0x08003889   Thumb Code     6  trcstreamingrecorder.o(i.prvTraceGetCurrentTask)
    prvTraceGetCurrentTaskHandle             0x08003895   Thumb Code     8  trckernelport.o(i.prvTraceGetCurrentTaskHandle)
    prvTraceGetQueueNumber                   0x08003b65   Thumb Code    12  trckernelport.o(i.prvTraceGetQueueNumber)
    prvTraceGetQueueNumberHigh16             0x08003b71   Thumb Code    20  trckernelport.o(i.prvTraceGetQueueNumberHigh16)
    prvTraceGetTaskNumberHigh16              0x08003b85   Thumb Code    20  trckernelport.o(i.prvTraceGetTaskNumberHigh16)
    prvTraceInitCortexM                      0x08003b99   Thumb Code    76  trcstreamingrecorder.o(i.prvTraceInitCortexM)
    prvTraceSaveObjectData                   0x08003bf5   Thumb Code   124  trcstreamingrecorder.o(i.prvTraceSaveObjectData)
    prvTraceSaveObjectSymbol                 0x08003c7d   Thumb Code   128  trcstreamingrecorder.o(i.prvTraceSaveObjectSymbol)
    prvTraceSaveSymbol                       0x08003d0d   Thumb Code    54  trcstreamingrecorder.o(i.prvTraceSaveSymbol)
    prvTraceSetCurrentTask                   0x08003d4d   Thumb Code     6  trcstreamingrecorder.o(i.prvTraceSetCurrentTask)
    prvTraceSetQueueNumberHigh16             0x08003d59   Thumb Code    28  trckernelport.o(i.prvTraceSetQueueNumberHigh16)
    prvTraceSetTaskNumberHigh16              0x08003d75   Thumb Code    28  trckernelport.o(i.prvTraceSetTaskNumberHigh16)
    prvTraceStoreEvent1                      0x08003d91   Thumb Code   106  trcstreamingrecorder.o(i.prvTraceStoreEvent1)
    prvTraceStoreEvent2                      0x08003e09   Thumb Code   114  trcstreamingrecorder.o(i.prvTraceStoreEvent2)
    prvTraceStoreEvent3                      0x08003e89   Thumb Code   120  trcstreamingrecorder.o(i.prvTraceStoreEvent3)
    prvTraceStoreSimpleStringEventHelper     0x080040e5   Thumb Code   272  trcstreamingrecorder.o(i.prvTraceStoreSimpleStringEventHelper)
    prvTraceStoreStringEvent                 0x080042bd   Thumb Code    58  trcstreamingrecorder.o(i.prvTraceStoreStringEvent)
    prvTraceWarning                          0x0800453d   Thumb Code    60  trcstreamingrecorder.o(i.prvTraceWarning)
    pvPortMalloc                             0x08004601   Thumb Code   382  heap_4.o(i.pvPortMalloc)
    pxPortInitialiseStack                    0x080047a5   Thumb Code    38  port.o(i.pxPortInitialiseStack)
    readFromRTT                              0x080047d1   Thumb Code    48  trcstreamingport.o(i.readFromRTT)
    tfLed                                    0x08004805   Thumb Code   160  main.o(i.tfLed)
    tfUart                                   0x080048c1   Thumb Code    66  main.o(i.tfUart)
    uxListRemove                             0x0800493d   Thumb Code    40  list.o(i.uxListRemove)
    uxQueueGetQueueNumber                    0x08004965   Thumb Code     6  queue.o(i.uxQueueGetQueueNumber)
    uxTaskGetTaskNumber                      0x0800496b   Thumb Code    14  tasks.o(i.uxTaskGetTaskNumber)
    vApplicationGetIdleTaskMemory            0x08004979   Thumb Code    14  cmsis_os2.o(i.vApplicationGetIdleTaskMemory)
    vApplicationGetTimerTaskMemory           0x08004991   Thumb Code    16  cmsis_os2.o(i.vApplicationGetTimerTaskMemory)
    vListInitialise                          0x080049a9   Thumb Code    26  list.o(i.vListInitialise)
    vListInitialiseItem                      0x080049c3   Thumb Code     6  list.o(i.vListInitialiseItem)
    vListInsert                              0x080049c9   Thumb Code    52  list.o(i.vListInsert)
    vListInsertEnd                           0x080049fd   Thumb Code    24  list.o(i.vListInsertEnd)
    vPortEnterCritical                       0x08004a15   Thumb Code    76  port.o(i.vPortEnterCritical)
    vPortExitCritical                        0x08004a69   Thumb Code    56  port.o(i.vPortExitCritical)
    vPortFree                                0x08004aa5   Thumb Code   196  heap_4.o(i.vPortFree)
    vPortSetupTimerInterrupt                 0x08004b7d   Thumb Code    36  port.o(i.vPortSetupTimerInterrupt)
    vPortValidateInterruptPriority           0x08004ba5   Thumb Code   106  port.o(i.vPortValidateInterruptPriority)
    vQueueAddToRegistry                      0x08004c1d   Thumb Code    62  queue.o(i.vQueueAddToRegistry)
    vQueueSetQueueNumber                     0x08004c61   Thumb Code     4  queue.o(i.vQueueSetQueueNumber)
    vQueueWaitForMessageRestricted           0x08004c65   Thumb Code    74  queue.o(i.vQueueWaitForMessageRestricted)
    vTaskDelay                               0x08004cb1   Thumb Code   108  tasks.o(i.vTaskDelay)
    vTaskDelayUntil                          0x08004d29   Thumb Code   226  tasks.o(i.vTaskDelayUntil)
    vTaskInternalSetTimeOutState             0x08004e1d   Thumb Code    14  tasks.o(i.vTaskInternalSetTimeOutState)
    vTaskMissedYield                         0x08004e35   Thumb Code     8  tasks.o(i.vTaskMissedYield)
    vTaskPlaceOnEventList                    0x08004e41   Thumb Code    52  tasks.o(i.vTaskPlaceOnEventList)
    vTaskPlaceOnEventListRestricted          0x08004e79   Thumb Code    94  tasks.o(i.vTaskPlaceOnEventListRestricted)
    vTaskSetTaskNumber                       0x08004ee5   Thumb Code     8  tasks.o(i.vTaskSetTaskNumber)
    vTaskStartScheduler                      0x08004eed   Thumb Code   222  tasks.o(i.vTaskStartScheduler)
    vTaskSuspendAll                          0x08004ff5   Thumb Code    12  tasks.o(i.vTaskSuspendAll)
    vTaskSwitchContext                       0x08005005   Thumb Code   188  tasks.o(i.vTaskSwitchContext)
    vTraceEnable                             0x080050dd   Thumb Code   222  trckernelport.o(i.vTraceEnable)
    vTraceInitialize                         0x080051f5   Thumb Code   168  trcstreamingrecorder.o(i.vTraceInitialize)
    vTracePrintF                             0x080052f9   Thumb Code    30  trcstreamingrecorder.o(i.vTracePrintF)
    vTraceStop                               0x08005317   Thumb Code    10  trcstreamingrecorder.o(i.vTraceStop)
    vTraceVPrintF                            0x08005321   Thumb Code   108  trcstreamingrecorder.o(i.vTraceVPrintF)
    writeToRTT                               0x0800538d   Thumb Code    32  trcstreamingport.o(i.writeToRTT)
    xPortStartScheduler                      0x080053ad   Thumb Code   372  port.o(i.xPortStartScheduler)
    xPortSysTickHandler                      0x0800553d   Thumb Code    46  port.o(i.xPortSysTickHandler)
    xQueueGenericCreateStatic                0x08005571   Thumb Code   318  queue.o(i.xQueueGenericCreateStatic)
    xQueueGenericReset                       0x080056b5   Thumb Code   146  queue.o(i.xQueueGenericReset)
    xQueueGenericSend                        0x0800574d   Thumb Code   826  queue.o(i.xQueueGenericSend)
    xQueueGenericSendFromISR                 0x08005a91   Thumb Code   388  queue.o(i.xQueueGenericSendFromISR)
    xQueueReceive                            0x08005c19   Thumb Code   756  queue.o(i.xQueueReceive)
    xTaskCheckForTimeOut                     0x08005f15   Thumb Code   132  tasks.o(i.xTaskCheckForTimeOut)
    xTaskCreate                              0x08005fa1   Thumb Code   100  tasks.o(i.xTaskCreate)
    xTaskCreateStatic                        0x08006005   Thumb Code   186  tasks.o(i.xTaskCreateStatic)
    xTaskGetCurrentTaskHandle                0x080060c1   Thumb Code     6  tasks.o(i.xTaskGetCurrentTaskHandle)
    xTaskGetSchedulerState                   0x080060cd   Thumb Code    24  tasks.o(i.xTaskGetSchedulerState)
    xTaskGetTickCount                        0x080060ed   Thumb Code     6  tasks.o(i.xTaskGetTickCount)
    xTaskIncrementTick                       0x080060f9   Thumb Code   344  tasks.o(i.xTaskIncrementTick)
    xTaskPriorityDisinherit                  0x08006285   Thumb Code   222  tasks.o(i.xTaskPriorityDisinherit)
    xTaskRemoveFromEventList                 0x08006375   Thumb Code   148  tasks.o(i.xTaskRemoveFromEventList)
    xTaskResumeAll                           0x08006425   Thumb Code   244  tasks.o(i.xTaskResumeAll)
    xTimerCreateTimerTask                    0x08006541   Thumb Code   100  timers.o(i.xTimerCreateTimerTask)
    xTimerGenericCommand                     0x080065b9   Thumb Code   128  timers.o(i.xTimerGenericCommand)
    xTraceIsRecordingEnabled                 0x0800663d   Thumb Code     6  trcstreamingrecorder.o(i.xTraceIsRecordingEnabled)
    xTraceRegisterString                     0x08006649   Thumb Code    46  trcstreamingrecorder.o(i.xTraceRegisterString)
    __aeabi_dneg                             0x08006677   Thumb Code     0  basic.o(x$fpl$basic)
    _dneg                                    0x08006677   Thumb Code     6  basic.o(x$fpl$basic)
    __aeabi_fneg                             0x0800667d   Thumb Code     0  basic.o(x$fpl$basic)
    _fneg                                    0x0800667d   Thumb Code     6  basic.o(x$fpl$basic)
    _dabs                                    0x08006683   Thumb Code     6  basic.o(x$fpl$basic)
    _fabs                                    0x08006689   Thumb Code     6  basic.o(x$fpl$basic)
    __aeabi_d2f                              0x08006691   Thumb Code     0  d2f.o(x$fpl$d2f)
    _d2f                                     0x08006691   Thumb Code    98  d2f.o(x$fpl$d2f)
    __aeabi_dadd                             0x080066f5   Thumb Code     0  daddsub_clz.o(x$fpl$dadd)
    _dadd                                    0x080066f5   Thumb Code   332  daddsub_clz.o(x$fpl$dadd)
    __aeabi_ddiv                             0x08006845   Thumb Code     0  ddiv.o(x$fpl$ddiv)
    _ddiv                                    0x08006845   Thumb Code   552  ddiv.o(x$fpl$ddiv)
    __aeabi_d2iz                             0x08006af5   Thumb Code     0  dfix.o(x$fpl$dfix)
    _dfix                                    0x08006af5   Thumb Code    94  dfix.o(x$fpl$dfix)
    __aeabi_i2d                              0x08006b53   Thumb Code     0  dflt_clz.o(x$fpl$dflt)
    _dflt                                    0x08006b53   Thumb Code    46  dflt_clz.o(x$fpl$dflt)
    __aeabi_ui2d                             0x08006b81   Thumb Code     0  dflt_clz.o(x$fpl$dfltu)
    _dfltu                                   0x08006b81   Thumb Code    38  dflt_clz.o(x$fpl$dfltu)
    __aeabi_dmul                             0x08006ba9   Thumb Code     0  dmul.o(x$fpl$dmul)
    _dmul                                    0x08006ba9   Thumb Code   332  dmul.o(x$fpl$dmul)
    __fpl_dnaninf                            0x08006cfd   Thumb Code   156  dnaninf.o(x$fpl$dnaninf)
    __fpl_dretinf                            0x08006d99   Thumb Code    12  dretinf.o(x$fpl$dretinf)
    __aeabi_drsub                            0x08006da5   Thumb Code     0  daddsub_clz.o(x$fpl$drsb)
    _drsb                                    0x08006da5   Thumb Code    22  daddsub_clz.o(x$fpl$drsb)
    __aeabi_dsub                             0x08006dbd   Thumb Code     0  daddsub_clz.o(x$fpl$dsub)
    _dsub                                    0x08006dbd   Thumb Code   464  daddsub_clz.o(x$fpl$dsub)
    __aeabi_f2d                              0x08006f91   Thumb Code     0  f2d.o(x$fpl$f2d)
    _f2d                                     0x08006f91   Thumb Code    86  f2d.o(x$fpl$f2d)
    __fpl_fnaninf                            0x08006fe7   Thumb Code   140  fnaninf.o(x$fpl$fnaninf)
    _fp_init                                 0x08007073   Thumb Code    10  fpinit.o(x$fpl$fpinit)
    __fplib_config_fpu_vfp                   0x0800707b   Thumb Code     0  fpinit.o(x$fpl$fpinit)
    __fplib_config_pureend_doubles           0x0800707b   Thumb Code     0  fpinit.o(x$fpl$fpinit)
    __fpl_fretinf                            0x0800707d   Thumb Code    10  fretinf.o(x$fpl$fretinf)
    AHBPrescTable                            0x08007086   Data          16  system_stm32f4xx.o(.constdata)
    __I$use$fp                               0x08007086   Number         0  usenofp.o(x$fpl$usenofp)
    APBPrescTable                            0x08007096   Data           8  system_stm32f4xx.o(.constdata)
    Region$$Table$$Base                      0x080071c0   Number         0  anon$$obj.o(Region$$Table)
    Region$$Table$$Limit                     0x080071e0   Number         0  anon$$obj.o(Region$$Table)
    uwTick                                   0x20000018   Data           4  stm32f4xx_hal.o(.data)
    uwTickPrio                               0x2000001c   Data           4  stm32f4xx_hal.o(.data)
    uwTickFreq                               0x20000020   Data           1  stm32f4xx_hal.o(.data)
    SystemCoreClock                          0x20000024   Data           4  system_stm32f4xx.o(.data)
    pxCurrentTCB                             0x20000028   Data           4  tasks.o(.data)
    trcWarningChannel                        0x200000b0   Data           4  trckernelport.o(.data)
    PSFExtensionInfo                         0x200000c4   Data           4  trcstreamingrecorder.o(.data)
    trcHeapCounter                           0x200000dc   Data           4  trcstreamingrecorder.o(.data)
    trcHeapMax                               0x200000e0   Data           4  trcstreamingrecorder.o(.data)
    isPendingContextSwitch                   0x200000f8   Data           4  trcstreamingrecorder.o(.data)
    uiTraceTickCount                         0x200000fc   Data           4  trcstreamingrecorder.o(.data)
    timestampFrequency                       0x20000100   Data           4  trcstreamingrecorder.o(.data)
    DroppedEventCounter                      0x20000104   Data           4  trcstreamingrecorder.o(.data)
    NoRoomForSymbol                          0x20000108   Data           4  trcstreamingrecorder.o(.data)
    NoRoomForObjectData                      0x2000010c   Data           4  trcstreamingrecorder.o(.data)
    LongestSymbolName                        0x20000110   Data           4  trcstreamingrecorder.o(.data)
    MaxBytesTruncated                        0x20000114   Data           4  trcstreamingrecorder.o(.data)
    CurrentFilterMask                        0x20000118   Data           2  trcstreamingrecorder.o(.data)
    CurrentFilterGroup                       0x2000011a   Data           2  trcstreamingrecorder.o(.data)
    uiTraceSystemState                       0x2000011c   Data           4  trcstreamingrecorder.o(.data)
    RecorderEnabled                          0x20000120   Data           4  trcstreamingrecorder.o(.data)
    RecorderInitialized                      0x20000124   Data           4  trcstreamingrecorder.o(.data)
    huart1                                   0x2000012c   Data          68  usart.o(.bss)
    htim2                                    0x20000170   Data          72  stm32f4xx_hal_timebase_tim.o(.bss)
    xQueueRegistry                           0x200001b8   Data          64  queue.o(.bss)
    _TzTraceData                             0x20004ee8   Data        5000  trckernelport.o(.bss)
    _SEGGER_RTT                              0x20006934   Data         168  segger_rtt.o(.bss)
    __libspace_start                         0x20006a2c   Data          96  libspace.o(.bss)
    __temporary_stack_top$libspace           0x20006a8c   Data           0  libspace.o(.bss)



==============================================================================

Memory Map of the image

  Image Entry point : 0x080001ad

  Load Region LR_IROM1 (Base: 0x08000000, Size: 0x0000730c, Max: 0x00200000, ABSOLUTE, COMPRESSED[0x000071f8])

    Execution Region ER_IROM1 (Exec base: 0x08000000, Load base: 0x08000000, Size: 0x000071e0, Max: 0x00200000, ABSOLUTE)

    Exec Addr    Load Addr    Size         Type   Attr      Idx    E Section Name        Object

    0x08000000   0x08000000   0x000001ac   Data   RO            3    RESET               startup_stm32f429xx.o
    0x080001ac   0x080001ac   0x00000008   Code   RO         5795  * !!!main             c_w.l(__main.o)
    0x080001b4   0x080001b4   0x00000034   Code   RO         6227    !!!scatter          c_w.l(__scatter.o)
    0x080001e8   0x080001e8   0x0000003a   Code   RO         6225    !!dczerorl          c_w.l(__dczerorl.o)
    0x08000222   0x08000222   0x00000002   PAD
    0x08000224   0x08000224   0x0000001c   Code   RO         6229    !!handler_zi        c_w.l(__scatter_zi.o)
    0x08000240   0x08000240   0x00000002   Code   RO         6089    .ARM.Collect$$libinit$$00000000  c_w.l(libinit.o)
    0x08000242   0x08000242   0x00000004   Code   RO         6105    .ARM.Collect$$libinit$$00000001  c_w.l(libinit2.o)
    0x08000246   0x08000246   0x00000000   Code   RO         6108    .ARM.Collect$$libinit$$00000004  c_w.l(libinit2.o)
    0x08000246   0x08000246   0x00000000   Code   RO         6111    .ARM.Collect$$libinit$$0000000A  c_w.l(libinit2.o)
    0x08000246   0x08000246   0x00000000   Code   RO         6113    .ARM.Collect$$libinit$$0000000C  c_w.l(libinit2.o)
    0x08000246   0x08000246   0x00000000   Code   RO         6115    .ARM.Collect$$libinit$$0000000E  c_w.l(libinit2.o)
    0x08000246   0x08000246   0x00000000   Code   RO         6118    .ARM.Collect$$libinit$$00000011  c_w.l(libinit2.o)
    0x08000246   0x08000246   0x00000000   Code   RO         6120    .ARM.Collect$$libinit$$00000013  c_w.l(libinit2.o)
    0x08000246   0x08000246   0x00000000   Code   RO         6122    .ARM.Collect$$libinit$$00000015  c_w.l(libinit2.o)
    0x08000246   0x08000246   0x00000000   Code   RO         6124    .ARM.Collect$$libinit$$00000017  c_w.l(libinit2.o)
    0x08000246   0x08000246   0x00000000   Code   RO         6126    .ARM.Collect$$libinit$$00000019  c_w.l(libinit2.o)
    0x08000246   0x08000246   0x00000000   Code   RO         6128    .ARM.Collect$$libinit$$0000001B  c_w.l(libinit2.o)
    0x08000246   0x08000246   0x00000000   Code   RO         6130    .ARM.Collect$$libinit$$0000001D  c_w.l(libinit2.o)
    0x08000246   0x08000246   0x00000000   Code   RO         6132    .ARM.Collect$$libinit$$0000001F  c_w.l(libinit2.o)
    0x08000246   0x08000246   0x00000000   Code   RO         6134    .ARM.Collect$$libinit$$00000021  c_w.l(libinit2.o)
    0x08000246   0x08000246   0x00000000   Code   RO         6136    .ARM.Collect$$libinit$$00000023  c_w.l(libinit2.o)
    0x08000246   0x08000246   0x00000000   Code   RO         6138    .ARM.Collect$$libinit$$00000025  c_w.l(libinit2.o)
    0x08000246   0x08000246   0x00000000   Code   RO         6142    .ARM.Collect$$libinit$$0000002C  c_w.l(libinit2.o)
    0x08000246   0x08000246   0x00000000   Code   RO         6144    .ARM.Collect$$libinit$$0000002E  c_w.l(libinit2.o)
    0x08000246   0x08000246   0x00000000   Code   RO         6146    .ARM.Collect$$libinit$$00000030  c_w.l(libinit2.o)
    0x08000246   0x08000246   0x00000000   Code   RO         6148    .ARM.Collect$$libinit$$00000032  c_w.l(libinit2.o)
    0x08000246   0x08000246   0x00000002   Code   RO         6149    .ARM.Collect$$libinit$$00000033  c_w.l(libinit2.o)
    0x08000248   0x08000248   0x00000002   Code   RO         6180    .ARM.Collect$$libshutdown$$00000000  c_w.l(libshutdown.o)
    0x0800024a   0x0800024a   0x00000000   Code   RO         6206    .ARM.Collect$$libshutdown$$00000002  c_w.l(libshutdown2.o)
    0x0800024a   0x0800024a   0x00000000   Code   RO         6208    .ARM.Collect$$libshutdown$$00000004  c_w.l(libshutdown2.o)
    0x0800024a   0x0800024a   0x00000000   Code   RO         6210    .ARM.Collect$$libshutdown$$00000006  c_w.l(libshutdown2.o)
    0x0800024a   0x0800024a   0x00000000   Code   RO         6213    .ARM.Collect$$libshutdown$$00000009  c_w.l(libshutdown2.o)
    0x0800024a   0x0800024a   0x00000000   Code   RO         6216    .ARM.Collect$$libshutdown$$0000000C  c_w.l(libshutdown2.o)
    0x0800024a   0x0800024a   0x00000000   Code   RO         6218    .ARM.Collect$$libshutdown$$0000000E  c_w.l(libshutdown2.o)
    0x0800024a   0x0800024a   0x00000000   Code   RO         6221    .ARM.Collect$$libshutdown$$00000011  c_w.l(libshutdown2.o)
    0x0800024a   0x0800024a   0x00000002   Code   RO         6222    .ARM.Collect$$libshutdown$$00000012  c_w.l(libshutdown2.o)
    0x0800024c   0x0800024c   0x00000000   Code   RO         5815    .ARM.Collect$$rtentry$$00000000  c_w.l(__rtentry.o)
    0x0800024c   0x0800024c   0x00000000   Code   RO         5967    .ARM.Collect$$rtentry$$00000002  c_w.l(__rtentry2.o)
    0x0800024c   0x0800024c   0x00000006   Code   RO         5979    .ARM.Collect$$rtentry$$00000004  c_w.l(__rtentry4.o)
    0x08000252   0x08000252   0x00000000   Code   RO         5969    .ARM.Collect$$rtentry$$00000009  c_w.l(__rtentry2.o)
    0x08000252   0x08000252   0x00000004   Code   RO         5970    .ARM.Collect$$rtentry$$0000000A  c_w.l(__rtentry2.o)
    0x08000256   0x08000256   0x00000000   Code   RO         5972    .ARM.Collect$$rtentry$$0000000C  c_w.l(__rtentry2.o)
    0x08000256   0x08000256   0x00000008   Code   RO         5973    .ARM.Collect$$rtentry$$0000000D  c_w.l(__rtentry2.o)
    0x0800025e   0x0800025e   0x00000002   Code   RO         6092    .ARM.Collect$$rtexit$$00000000  c_w.l(rtexit.o)
    0x08000260   0x08000260   0x00000000   Code   RO         6153    .ARM.Collect$$rtexit$$00000002  c_w.l(rtexit2.o)
    0x08000260   0x08000260   0x00000004   Code   RO         6154    .ARM.Collect$$rtexit$$00000003  c_w.l(rtexit2.o)
    0x08000264   0x08000264   0x00000006   Code   RO         6155    .ARM.Collect$$rtexit$$00000004  c_w.l(rtexit2.o)
    0x0800026a   0x0800026a   0x00000002   PAD
    0x0800026c   0x0800026c   0x000000be   Code   RO         4971    .emb_text           port.o
    0x0800032a   0x0800032a   0x00000002   PAD
    0x0800032c   0x0800032c   0x00000040   Code   RO            4    .text               startup_stm32f429xx.o
    0x0800036c   0x0800036c   0x000000ee   Code   RO         5777    .text               c_w.l(lludivv7m.o)
    0x0800045a   0x0800045a   0x00000048   Code   RO         5781    .text               c_w.l(strcpy.o)
    0x080004a2   0x080004a2   0x0000008a   Code   RO         5785    .text               c_w.l(rt_memcpy_v6.o)
    0x0800052c   0x0800052c   0x00000010   Code   RO         5789    .text               c_w.l(aeabi_memset.o)
    0x0800053c   0x0800053c   0x0000004e   Code   RO         5791    .text               c_w.l(rt_memclr_w.o)
    0x0800058a   0x0800058a   0x00000006   Code   RO         5793    .text               c_w.l(heapauxi.o)
    0x08000590   0x08000590   0x00000016   Code   RO         5820    .text               c_w.l(_rserrno.o)
    0x080005a6   0x080005a6   0x00000064   Code   RO         5915    .text               c_w.l(rt_memcpy_w.o)
    0x0800060a   0x0800060a   0x00000044   Code   RO         5917    .text               c_w.l(rt_memclr.o)
    0x0800064e   0x0800064e   0x00000002   PAD
    0x08000650   0x08000650   0x00000008   Code   RO         5986    .text               c_w.l(rt_errno_addr_intlibspace.o)
    0x08000658   0x08000658   0x00000008   Code   RO         6036    .text               c_w.l(libspace.o)
    0x08000660   0x08000660   0x0000004a   Code   RO         6039    .text               c_w.l(sys_stackheap_outer.o)
    0x080006aa   0x080006aa   0x00000012   Code   RO         6078    .text               c_w.l(exit.o)
    0x080006bc   0x080006bc   0x0000000c   Code   RO         6150    .text               c_w.l(sys_exit.o)
    0x080006c8   0x080006c8   0x00000002   Code   RO         6169    .text               c_w.l(use_no_semi.o)
    0x080006ca   0x080006ca   0x00000000   Code   RO         6171    .text               c_w.l(indicate_semi.o)
    0x080006ca   0x080006ca   0x00000004   Code   RO          355    i.BusFault_Handler  stm32f4xx_it.o
    0x080006ce   0x080006ce   0x00000002   Code   RO          356    i.DebugMon_Handler  stm32f4xx_it.o
    0x080006d0   0x080006d0   0x00000006   Code   RO           13    i.Error_Handler     main.o
    0x080006d6   0x080006d6   0x00000002   PAD
    0x080006d8   0x080006d8   0x0000020c   Code   RO          939    i.HAL_GPIO_Init     stm32f4xx_hal_gpio.o
    0x080008e4   0x080008e4   0x00000014   Code   RO          942    i.HAL_GPIO_TogglePin  stm32f4xx_hal_gpio.o
    0x080008f8   0x080008f8   0x0000000c   Code   RO          943    i.HAL_GPIO_WritePin  stm32f4xx_hal_gpio.o
    0x08000904   0x08000904   0x0000000c   Code   RO         1496    i.HAL_GetTick       stm32f4xx_hal.o
    0x08000910   0x08000910   0x00000018   Code   RO         1502    i.HAL_IncTick       stm32f4xx_hal.o
    0x08000928   0x08000928   0x0000003c   Code   RO         1503    i.HAL_Init          stm32f4xx_hal.o
    0x08000964   0x08000964   0x00000088   Code   RO          443    i.HAL_InitTick      stm32f4xx_hal_timebase_tim.o
    0x080009ec   0x080009ec   0x00000054   Code   RO          419    i.HAL_MspInit       stm32f4xx_hal_msp.o
    0x08000a40   0x08000a40   0x00000020   Code   RO         1346    i.HAL_NVIC_EnableIRQ  stm32f4xx_hal_cortex.o
    0x08000a60   0x08000a60   0x0000007c   Code   RO         1352    i.HAL_NVIC_SetPriority  stm32f4xx_hal_cortex.o
    0x08000adc   0x08000adc   0x00000028   Code   RO         1353    i.HAL_NVIC_SetPriorityGrouping  stm32f4xx_hal_cortex.o
    0x08000b04   0x08000b04   0x0000008c   Code   RO         1275    i.HAL_PWREx_EnableOverDrive  stm32f4xx_hal_pwr_ex.o
    0x08000b90   0x08000b90   0x00000184   Code   RO          483    i.HAL_RCC_ClockConfig  stm32f4xx_hal_rcc.o
    0x08000d14   0x08000d14   0x00000044   Code   RO          487    i.HAL_RCC_GetClockConfig  stm32f4xx_hal_rcc.o
    0x08000d58   0x08000d58   0x0000000c   Code   RO          488    i.HAL_RCC_GetHCLKFreq  stm32f4xx_hal_rcc.o
    0x08000d64   0x08000d64   0x00000020   Code   RO          490    i.HAL_RCC_GetPCLK1Freq  stm32f4xx_hal_rcc.o
    0x08000d84   0x08000d84   0x00000020   Code   RO          491    i.HAL_RCC_GetPCLK2Freq  stm32f4xx_hal_rcc.o
    0x08000da4   0x08000da4   0x000000b0   Code   RO          492    i.HAL_RCC_GetSysClockFreq  stm32f4xx_hal_rcc.o
    0x08000e54   0x08000e54   0x0000049c   Code   RO          495    i.HAL_RCC_OscConfig  stm32f4xx_hal_rcc.o
    0x080012f0   0x080012f0   0x00000002   Code   RO         2468    i.HAL_TIMEx_BreakCallback  stm32f4xx_hal_tim_ex.o
    0x080012f2   0x080012f2   0x00000002   Code   RO         2469    i.HAL_TIMEx_CommutCallback  stm32f4xx_hal_tim_ex.o
    0x080012f4   0x080012f4   0x00000066   Code   RO         1753    i.HAL_TIM_Base_Init  stm32f4xx_hal_tim.o
    0x0800135a   0x0800135a   0x00000002   Code   RO         1755    i.HAL_TIM_Base_MspInit  stm32f4xx_hal_tim.o
    0x0800135c   0x0800135c   0x000000a8   Code   RO         1758    i.HAL_TIM_Base_Start_IT  stm32f4xx_hal_tim.o
    0x08001404   0x08001404   0x00000002   Code   RO         1787    i.HAL_TIM_IC_CaptureCallback  stm32f4xx_hal_tim.o
    0x08001406   0x08001406   0x00000196   Code   RO         1801    i.HAL_TIM_IRQHandler  stm32f4xx_hal_tim.o
    0x0800159c   0x0800159c   0x00000002   Code   RO         1804    i.HAL_TIM_OC_DelayElapsedCallback  stm32f4xx_hal_tim.o
    0x0800159e   0x0800159e   0x00000002   Code   RO         1831    i.HAL_TIM_PWM_PulseFinishedCallback  stm32f4xx_hal_tim.o
    0x080015a0   0x080015a0   0x00000012   Code   RO           14    i.HAL_TIM_PeriodElapsedCallback  main.o
    0x080015b2   0x080015b2   0x00000002   Code   RO         1844    i.HAL_TIM_TriggerCallback  stm32f4xx_hal_tim.o
    0x080015b4   0x080015b4   0x00000072   Code   RO         2764    i.HAL_UART_Init     stm32f4xx_hal_uart.o
    0x08001626   0x08001626   0x00000002   PAD
    0x08001628   0x08001628   0x00000088   Code   RO          314    i.HAL_UART_MspInit  usart.o
    0x080016b0   0x080016b0   0x000000d2   Code   RO         2772    i.HAL_UART_Transmit  stm32f4xx_hal_uart.o
    0x08001782   0x08001782   0x00000004   Code   RO          357    i.HardFault_Handler  stm32f4xx_it.o
    0x08001786   0x08001786   0x00000002   Code   RO          270    i.MX_FREERTOS_Init  freertos.o
    0x08001788   0x08001788   0x00000098   Code   RO          246    i.MX_GPIO_Init      gpio.o
    0x08001820   0x08001820   0x00000038   Code   RO          315    i.MX_USART1_UART_Init  usart.o
    0x08001858   0x08001858   0x00000004   Code   RO          358    i.MemManage_Handler  stm32f4xx_it.o
    0x0800185c   0x0800185c   0x00000004   Code   RO          359    i.NMI_Handler       stm32f4xx_it.o
    0x08001860   0x08001860   0x000000a8   Code   RO         5607    i.SEGGER_RTT_ConfigDownBuffer  segger_rtt.o
    0x08001908   0x08001908   0x000000a8   Code   RO         5608    i.SEGGER_RTT_ConfigUpBuffer  segger_rtt.o
    0x080019b0   0x080019b0   0x00000038   Code   RO         5613    i.SEGGER_RTT_Read   segger_rtt.o
    0x080019e8   0x080019e8   0x00000098   Code   RO         5614    i.SEGGER_RTT_ReadNoLock  segger_rtt.o
    0x08001a80   0x08001a80   0x00000048   Code   RO         5622    i.SEGGER_RTT_Write  segger_rtt.o
    0x08001ac8   0x08001ac8   0x00000084   Code   RO         5623    i.SEGGER_RTT_WriteNoLock  segger_rtt.o
    0x08001b4c   0x08001b4c   0x00000016   Code   RO         4371    i.SysTick_Handler   cmsis_os2.o
    0x08001b62   0x08001b62   0x00000002   PAD
    0x08001b64   0x08001b64   0x000000c0   Code   RO           15    i.SystemClock_Config  main.o
    0x08001c24   0x08001c24   0x00000014   Code   RO         3103    i.SystemInit        system_stm32f4xx.o
    0x08001c38   0x08001c38   0x00000010   Code   RO          360    i.TIM2_IRQHandler   stm32f4xx_it.o
    0x08001c48   0x08001c48   0x000000d8   Code   RO         1846    i.TIM_Base_SetConfig  stm32f4xx_hal_tim.o
    0x08001d20   0x08001d20   0x00000050   Code   RO         5060    i.TzCtrl            trckernelport.o
    0x08001d70   0x08001d70   0x0000022c   Code   RO         2791    i.UART_SetConfig    stm32f4xx_hal_uart.o
    0x08001f9c   0x08001f9c   0x00000092   Code   RO         2795    i.UART_WaitOnFlagUntilTimeout  stm32f4xx_hal_uart.o
    0x0800202e   0x0800202e   0x00000004   Code   RO          361    i.UsageFault_Handler  stm32f4xx_it.o
    0x08002032   0x08002032   0x00000002   PAD
    0x08002034   0x08002034   0x0000006c   Code   RO         5627    i._DoInit           segger_rtt.o
    0x080020a0   0x080020a0   0x0000001c   Code   RO         5628    i._GetAvailWriteSpace  segger_rtt.o
    0x080020bc   0x080020bc   0x00000072   Code   RO         5630    i._WriteBlocking    segger_rtt.o
    0x0800212e   0x0800212e   0x0000004c   Code   RO         5631    i._WriteNoCheck     segger_rtt.o
    0x0800217a   0x0800217a   0x00000030   Code   RO         6032    i.__ARM_fpclassify  m_wm.l(fpclassify.o)
    0x080021aa   0x080021aa   0x00000002   PAD
    0x080021ac   0x080021ac   0x00000010   Code   RO         1359    i.__NVIC_GetPriorityGrouping  stm32f4xx_hal_cortex.o
    0x080021bc   0x080021bc   0x00000028   Code   RO         1360    i.__NVIC_SetPriority  stm32f4xx_hal_cortex.o
    0x080021e4   0x080021e4   0x00000006   Code   RO         4373    i.__get_IPSR        cmsis_os2.o
    0x080021ea   0x080021ea   0x00000006   Code   RO         5216    i.__get_PRIMASK     trcstreamingrecorder.o
    0x080021f0   0x080021f0   0x000000c8   Code   RO         5803    i.__hardfp_sin      m_wm.l(sin.o)
    0x080022b8   0x080022b8   0x00000438   Code   RO         5955    i.__ieee754_rem_pio2  m_wm.l(rred.o)
    0x080026f0   0x080026f0   0x00000170   Code   RO         5938    i.__kernel_cos      m_wm.l(cos_i.o)
    0x08002860   0x08002860   0x000000f8   Code   RO         6034    i.__kernel_poly     m_wm.l(poly.o)
    0x08002958   0x08002958   0x00000130   Code   RO         5960    i.__kernel_sin      m_wm.l(sin_i.o)
    0x08002a88   0x08002a88   0x00000014   Code   RO         5942    i.__mathlib_dbl_infnan  m_wm.l(dunder.o)
    0x08002a9c   0x08002a9c   0x00000004   PAD
    0x08002aa0   0x08002aa0   0x00000020   Code   RO         5944    i.__mathlib_dbl_invalid  m_wm.l(dunder.o)
    0x08002ac0   0x08002ac0   0x00000020   Code   RO         5947    i.__mathlib_dbl_underflow  m_wm.l(dunder.o)
    0x08002ae0   0x08002ae0   0x00000006   Code   RO         5217    i.__set_PRIMASK     trcstreamingrecorder.o
    0x08002ae6   0x08002ae6   0x00000018   Code   RO         6028    i.fabs              m_wm.l(fabs.o)
    0x08002afe   0x08002afe   0x00000002   PAD
    0x08002b00   0x08002b00   0x000000cc   Code   RO           16    i.main              main.o
    0x08002bcc   0x08002bcc   0x0000002c   Code   RO         4388    i.osKernelInitialize  cmsis_os2.o
    0x08002bf8   0x08002bf8   0x00000060   Code   RO         4391    i.osKernelStart     cmsis_os2.o
    0x08002c58   0x08002c58   0x0000007c   Code   RO         3789    i.prvAddCurrentTaskToDelayedList  tasks.o
    0x08002cd4   0x08002cd4   0x0000012c   Code   RO         3790    i.prvAddNewTaskToReadyList  tasks.o
    0x08002e00   0x08002e00   0x00000074   Code   RO         4178    i.prvCheckForValidListAndQueue  timers.o
    0x08002e74   0x08002e74   0x00000060   Code   RO         5061    i.prvCheckRecorderStatus  trckernelport.o
    0x08002ed4   0x08002ed4   0x00000048   Code   RO         3791    i.prvCheckTasksWaitingTermination  tasks.o
    0x08002f1c   0x08002f1c   0x0000002a   Code   RO         3347    i.prvCopyDataFromQueue  queue.o
    0x08002f46   0x08002f46   0x0000007e   Code   RO         3348    i.prvCopyDataToQueue  queue.o
    0x08002fc4   0x08002fc4   0x00000050   Code   RO         3792    i.prvDeleteTCB      tasks.o
    0x08003014   0x08003014   0x00000028   Code   RO         4179    i.prvGetNextExpireTime  timers.o
    0x0800303c   0x0800303c   0x0000000c   Code   RO         5218    i.prvGetTimestamp32  trcstreamingrecorder.o
    0x08003048   0x08003048   0x0000007c   Code   RO         4904    i.prvHeapInit       heap_4.o
    0x080030c4   0x080030c4   0x00000028   Code   RO         3793    i.prvIdleTask       tasks.o
    0x080030ec   0x080030ec   0x0000009c   Code   RO         3351    i.prvInitialiseNewQueue  queue.o
    0x08003188   0x08003188   0x000000be   Code   RO         3794    i.prvInitialiseNewTask  tasks.o
    0x08003246   0x08003246   0x00000002   PAD
    0x08003248   0x08003248   0x00000068   Code   RO         3795    i.prvInitialiseTaskLists  tasks.o
    0x080032b0   0x080032b0   0x00000068   Code   RO         4905    i.prvInsertBlockIntoFreeList  heap_4.o
    0x08003318   0x08003318   0x00000058   Code   RO         4181    i.prvInsertTimerInActiveList  timers.o
    0x08003370   0x08003370   0x0000001a   Code   RO         3352    i.prvIsQueueEmpty   queue.o
    0x0800338a   0x0800338a   0x0000001e   Code   RO         3353    i.prvIsQueueFull    queue.o
    0x080033a8   0x080033a8   0x00000044   Code   RO         5219    i.prvIsValidCommand  trcstreamingrecorder.o
    0x080033ec   0x080033ec   0x00000018   Code   RO         5220    i.prvProcessCommand  trcstreamingrecorder.o
    0x08003404   0x08003404   0x00000074   Code   RO         4182    i.prvProcessExpiredTimer  timers.o
    0x08003478   0x08003478   0x00000164   Code   RO         4183    i.prvProcessReceivedCommands  timers.o
    0x080035dc   0x080035dc   0x00000074   Code   RO         4184    i.prvProcessTimerOrBlockTask  timers.o
    0x08003650   0x08003650   0x00000034   Code   RO         3797    i.prvResetNextTaskUnblockTime  tasks.o
    0x08003684   0x08003684   0x0000002c   Code   RO         4185    i.prvSampleTimeNow  timers.o
    0x080036b0   0x080036b0   0x0000005c   Code   RO         5221    i.prvSetRecorderEnabled  trcstreamingrecorder.o
    0x0800370c   0x0800370c   0x000000a4   Code   RO         4186    i.prvSwitchTimerLists  timers.o
    0x080037b0   0x080037b0   0x00000040   Code   RO         4972    i.prvTaskExitError  port.o
    0x080037f0   0x080037f0   0x0000001a   Code   RO         4187    i.prvTimerTask      timers.o
    0x0800380a   0x0800380a   0x00000002   PAD
    0x0800380c   0x0800380c   0x0000007c   Code   RO         5226    i.prvTraceError     trcstreamingrecorder.o
    0x08003888   0x08003888   0x0000000c   Code   RO         5227    i.prvTraceGetCurrentTask  trcstreamingrecorder.o
    0x08003894   0x08003894   0x00000008   Code   RO         5062    i.prvTraceGetCurrentTaskHandle  trckernelport.o
    0x0800389c   0x0800389c   0x000002c8   Code   RO         5228    i.prvTraceGetError  trcstreamingrecorder.o
    0x08003b64   0x08003b64   0x0000000c   Code   RO         5063    i.prvTraceGetQueueNumber  trckernelport.o
    0x08003b70   0x08003b70   0x00000014   Code   RO         5064    i.prvTraceGetQueueNumberHigh16  trckernelport.o
    0x08003b84   0x08003b84   0x00000014   Code   RO         5067    i.prvTraceGetTaskNumberHigh16  trckernelport.o
    0x08003b98   0x08003b98   0x0000005c   Code   RO         5229    i.prvTraceInitCortexM  trcstreamingrecorder.o
    0x08003bf4   0x08003bf4   0x00000088   Code   RO         5230    i.prvTraceSaveObjectData  trcstreamingrecorder.o
    0x08003c7c   0x08003c7c   0x00000090   Code   RO         5231    i.prvTraceSaveObjectSymbol  trcstreamingrecorder.o
    0x08003d0c   0x08003d0c   0x00000040   Code   RO         5232    i.prvTraceSaveSymbol  trcstreamingrecorder.o
    0x08003d4c   0x08003d4c   0x0000000c   Code   RO         5233    i.prvTraceSetCurrentTask  trcstreamingrecorder.o
    0x08003d58   0x08003d58   0x0000001c   Code   RO         5070    i.prvTraceSetQueueNumberHigh16  trckernelport.o
    0x08003d74   0x08003d74   0x0000001c   Code   RO         5072    i.prvTraceSetTaskNumberHigh16  trckernelport.o
    0x08003d90   0x08003d90   0x00000078   Code   RO         5236    i.prvTraceStoreEvent1  trcstreamingrecorder.o
    0x08003e08   0x08003e08   0x00000080   Code   RO         5237    i.prvTraceStoreEvent2  trcstreamingrecorder.o
    0x08003e88   0x08003e88   0x00000084   Code   RO         5238    i.prvTraceStoreEvent3  trcstreamingrecorder.o
    0x08003f0c   0x08003f0c   0x0000006c   Code   RO         5243    i.prvTraceStoreExtensionInfo  trcstreamingrecorder.o
    0x08003f78   0x08003f78   0x000000e0   Code   RO         5244    i.prvTraceStoreHeader  trcstreamingrecorder.o
    0x08004058   0x08004058   0x0000008c   Code   RO         5245    i.prvTraceStoreObjectDataTable  trcstreamingrecorder.o
    0x080040e4   0x080040e4   0x0000011c   Code   RO         5246    i.prvTraceStoreSimpleStringEventHelper  trcstreamingrecorder.o
    0x08004200   0x08004200   0x000000bc   Code   RO         5247    i.prvTraceStoreStartEvent  trcstreamingrecorder.o
    0x080042bc   0x080042bc   0x0000003a   Code   RO         5248    i.prvTraceStoreStringEvent  trcstreamingrecorder.o
    0x080042f6   0x080042f6   0x00000002   PAD
    0x080042f8   0x080042f8   0x00000114   Code   RO         5249    i.prvTraceStoreStringEventHelper  trcstreamingrecorder.o
    0x0800440c   0x0800440c   0x00000090   Code   RO         5250    i.prvTraceStoreSymbolTable  trcstreamingrecorder.o
    0x0800449c   0x0800449c   0x000000a0   Code   RO         5251    i.prvTraceStoreTSConfig  trcstreamingrecorder.o
    0x0800453c   0x0800453c   0x00000044   Code   RO         5252    i.prvTraceWarning   trcstreamingrecorder.o
    0x08004580   0x08004580   0x0000007e   Code   RO         3354    i.prvUnlockQueue    queue.o
    0x080045fe   0x080045fe   0x00000002   PAD
    0x08004600   0x08004600   0x000001a4   Code   RO         4906    i.pvPortMalloc      heap_4.o
    0x080047a4   0x080047a4   0x0000002c   Code   RO         4973    i.pxPortInitialiseStack  port.o
    0x080047d0   0x080047d0   0x00000034   Code   RO         5578    i.readFromRTT       trcstreamingport.o
    0x08004804   0x08004804   0x000000bc   Code   RO           17    i.tfLed             main.o
    0x080048c0   0x080048c0   0x0000007c   Code   RO           18    i.tfUart            main.o
    0x0800493c   0x0800493c   0x00000028   Code   RO         3294    i.uxListRemove      list.o
    0x08004964   0x08004964   0x00000006   Code   RO         3356    i.uxQueueGetQueueNumber  queue.o
    0x0800496a   0x0800496a   0x0000000e   Code   RO         3806    i.uxTaskGetTaskNumber  tasks.o
    0x08004978   0x08004978   0x00000018   Code   RO         4445    i.vApplicationGetIdleTaskMemory  cmsis_os2.o
    0x08004990   0x08004990   0x00000018   Code   RO         4446    i.vApplicationGetTimerTaskMemory  cmsis_os2.o
    0x080049a8   0x080049a8   0x0000001a   Code   RO         3295    i.vListInitialise   list.o
    0x080049c2   0x080049c2   0x00000006   Code   RO         3296    i.vListInitialiseItem  list.o
    0x080049c8   0x080049c8   0x00000034   Code   RO         3297    i.vListInsert       list.o
    0x080049fc   0x080049fc   0x00000018   Code   RO         3298    i.vListInsertEnd    list.o
    0x08004a14   0x08004a14   0x00000054   Code   RO         4975    i.vPortEnterCritical  port.o
    0x08004a68   0x08004a68   0x0000003c   Code   RO         4976    i.vPortExitCritical  port.o
    0x08004aa4   0x08004aa4   0x000000d8   Code   RO         4907    i.vPortFree         heap_4.o
    0x08004b7c   0x08004b7c   0x00000028   Code   RO         4977    i.vPortSetupTimerInterrupt  port.o
    0x08004ba4   0x08004ba4   0x00000078   Code   RO         4978    i.vPortValidateInterruptPriority  port.o
    0x08004c1c   0x08004c1c   0x00000044   Code   RO         3360    i.vQueueAddToRegistry  queue.o
    0x08004c60   0x08004c60   0x00000004   Code   RO         3362    i.vQueueSetQueueNumber  queue.o
    0x08004c64   0x08004c64   0x0000004a   Code   RO         3364    i.vQueueWaitForMessageRestricted  queue.o
    0x08004cae   0x08004cae   0x00000002   PAD
    0x08004cb0   0x08004cb0   0x00000078   Code   RO         3810    i.vTaskDelay        tasks.o
    0x08004d28   0x08004d28   0x000000f4   Code   RO         3811    i.vTaskDelayUntil   tasks.o
    0x08004e1c   0x08004e1c   0x00000018   Code   RO         3815    i.vTaskInternalSetTimeOutState  tasks.o
    0x08004e34   0x08004e34   0x0000000c   Code   RO         3816    i.vTaskMissedYield  tasks.o
    0x08004e40   0x08004e40   0x00000038   Code   RO         3818    i.vTaskPlaceOnEventList  tasks.o
    0x08004e78   0x08004e78   0x0000006c   Code   RO         3819    i.vTaskPlaceOnEventListRestricted  tasks.o
    0x08004ee4   0x08004ee4   0x00000008   Code   RO         3825    i.vTaskSetTaskNumber  tasks.o
    0x08004eec   0x08004eec   0x00000108   Code   RO         3827    i.vTaskStartScheduler  tasks.o
    0x08004ff4   0x08004ff4   0x00000010   Code   RO         3829    i.vTaskSuspendAll   tasks.o
    0x08005004   0x08005004   0x000000d8   Code   RO         3830    i.vTaskSwitchContext  tasks.o
    0x080050dc   0x080050dc   0x00000118   Code   RO         5074    i.vTraceEnable      trckernelport.o
    0x080051f4   0x080051f4   0x00000104   Code   RO         5255    i.vTraceInitialize  trcstreamingrecorder.o
    0x080052f8   0x080052f8   0x0000001e   Code   RO         5259    i.vTracePrintF      trcstreamingrecorder.o
    0x08005316   0x08005316   0x0000000a   Code   RO         5263    i.vTraceStop        trcstreamingrecorder.o
    0x08005320   0x08005320   0x0000006c   Code   RO         5267    i.vTraceVPrintF     trcstreamingrecorder.o
    0x0800538c   0x0800538c   0x00000020   Code   RO         5579    i.writeToRTT        trcstreamingport.o
    0x080053ac   0x080053ac   0x00000190   Code   RO         4979    i.xPortStartScheduler  port.o
    0x0800553c   0x0800553c   0x00000034   Code   RO         4980    i.xPortSysTickHandler  port.o
    0x08005570   0x08005570   0x00000144   Code   RO         3370    i.xQueueGenericCreateStatic  queue.o
    0x080056b4   0x080056b4   0x00000098   Code   RO         3371    i.xQueueGenericReset  queue.o
    0x0800574c   0x0800574c   0x00000344   Code   RO         3372    i.xQueueGenericSend  queue.o
    0x08005a90   0x08005a90   0x00000188   Code   RO         3373    i.xQueueGenericSendFromISR  queue.o
    0x08005c18   0x08005c18   0x000002fc   Code   RO         3382    i.xQueueReceive     queue.o
    0x08005f14   0x08005f14   0x0000008c   Code   RO         3832    i.xTaskCheckForTimeOut  tasks.o
    0x08005fa0   0x08005fa0   0x00000064   Code   RO         3833    i.xTaskCreate       tasks.o
    0x08006004   0x08006004   0x000000ba   Code   RO         3834    i.xTaskCreateStatic  tasks.o
    0x080060be   0x080060be   0x00000002   PAD
    0x080060c0   0x080060c0   0x0000000c   Code   RO         3837    i.xTaskGetCurrentTaskHandle  tasks.o
    0x080060cc   0x080060cc   0x00000020   Code   RO         3838    i.xTaskGetSchedulerState  tasks.o
    0x080060ec   0x080060ec   0x0000000c   Code   RO         3839    i.xTaskGetTickCount  tasks.o
    0x080060f8   0x080060f8   0x0000018c   Code   RO         3841    i.xTaskIncrementTick  tasks.o
    0x08006284   0x08006284   0x000000f0   Code   RO         3844    i.xTaskPriorityDisinherit  tasks.o
    0x08006374   0x08006374   0x000000b0   Code   RO         3846    i.xTaskRemoveFromEventList  tasks.o
    0x08006424   0x08006424   0x0000011c   Code   RO         3847    i.xTaskResumeAll    tasks.o
    0x08006540   0x08006540   0x00000078   Code   RO         4196    i.xTimerCreateTimerTask  timers.o
    0x080065b8   0x080065b8   0x00000084   Code   RO         4197    i.xTimerGenericCommand  timers.o
    0x0800663c   0x0800663c   0x0000000c   Code   RO         5269    i.xTraceIsRecordingEnabled  trcstreamingrecorder.o
    0x08006648   0x08006648   0x0000002e   Code   RO         5270    i.xTraceRegisterString  trcstreamingrecorder.o
    0x08006676   0x08006676   0x00000018   Code   RO         5919    x$fpl$basic         fz_wm.l(basic.o)
    0x0800668e   0x0800668e   0x00000002   PAD
    0x08006690   0x08006690   0x00000062   Code   RO         5797    x$fpl$d2f           fz_wm.l(d2f.o)
    0x080066f2   0x080066f2   0x00000002   PAD
    0x080066f4   0x080066f4   0x00000150   Code   RO         6006    x$fpl$dadd          fz_wm.l(daddsub_clz.o)
    0x08006844   0x08006844   0x000002b0   Code   RO         6013    x$fpl$ddiv          fz_wm.l(ddiv.o)
    0x08006af4   0x08006af4   0x0000005e   Code   RO         6016    x$fpl$dfix          fz_wm.l(dfix.o)
    0x08006b52   0x08006b52   0x0000002e   Code   RO         6021    x$fpl$dflt          fz_wm.l(dflt_clz.o)
    0x08006b80   0x08006b80   0x00000026   Code   RO         6020    x$fpl$dfltu         fz_wm.l(dflt_clz.o)
    0x08006ba6   0x08006ba6   0x00000002   PAD
    0x08006ba8   0x08006ba8   0x00000154   Code   RO         5799    x$fpl$dmul          fz_wm.l(dmul.o)
    0x08006cfc   0x08006cfc   0x0000009c   Code   RO         5921    x$fpl$dnaninf       fz_wm.l(dnaninf.o)
    0x08006d98   0x08006d98   0x0000000c   Code   RO         5923    x$fpl$dretinf       fz_wm.l(dretinf.o)
    0x08006da4   0x08006da4   0x00000016   Code   RO         6007    x$fpl$drsb          fz_wm.l(daddsub_clz.o)
    0x08006dba   0x08006dba   0x00000002   PAD
    0x08006dbc   0x08006dbc   0x000001d4   Code   RO         6008    x$fpl$dsub          fz_wm.l(daddsub_clz.o)
    0x08006f90   0x08006f90   0x00000056   Code   RO         5801    x$fpl$f2d           fz_wm.l(f2d.o)
    0x08006fe6   0x08006fe6   0x0000008c   Code   RO         5925    x$fpl$fnaninf       fz_wm.l(fnaninf.o)
    0x08007072   0x08007072   0x0000000a   Code   RO         6165    x$fpl$fpinit        fz_wm.l(fpinit.o)
    0x0800707c   0x0800707c   0x0000000a   Code   RO         5927    x$fpl$fretinf       fz_wm.l(fretinf.o)
    0x08007086   0x08007086   0x00000000   Code   RO         5937    x$fpl$usenofp       fz_wm.l(usenofp.o)
    0x08007086   0x08007086   0x00000018   Data   RO         3104    .constdata          system_stm32f4xx.o
    0x0800709e   0x0800709e   0x00000002   PAD
    0x080070a0   0x080070a0   0x00000030   Data   RO         5939    .constdata          m_wm.l(cos_i.o)
    0x080070d0   0x080070d0   0x000000c8   Data   RO         5957    .constdata          m_wm.l(rred.o)
    0x08007198   0x08007198   0x00000028   Data   RO         5961    .constdata          m_wm.l(sin_i.o)
    0x080071c0   0x080071c0   0x00000020   Data   RO         6223    Region$$Table       anon$$obj.o


    Execution Region RW_IRAM2 (Exec base: 0x10000000, Load base: 0x080071f8, Size: 0x00000000, Max: 0x00010000, ABSOLUTE)

    **** No section assigned to this execution region ****


    Execution Region RW_IRAM1 (Exec base: 0x20000000, Load base: 0x080071e0, Size: 0x00007a90, Max: 0x00030000, ABSOLUTE, COMPRESSED[0x00000018])

    Exec Addr    Load Addr    Size         Type   Attr      Idx    E Section Name        Object

    0x20000000   COMPRESSED   0x00000018   Data   RW           19    .data               main.o
    0x20000018   COMPRESSED   0x00000009   Data   RW         1510    .data               stm32f4xx_hal.o
    0x20000021   COMPRESSED   0x00000003   PAD
    0x20000024   COMPRESSED   0x00000004   Data   RW         3105    .data               system_stm32f4xx.o
    0x20000028   COMPRESSED   0x0000003c   Data   RW         3850    .data               tasks.o
    0x20000064   COMPRESSED   0x00000014   Data   RW         4205    .data               timers.o
    0x20000078   COMPRESSED   0x00000004   Data   RW         4448    .data               cmsis_os2.o
    0x2000007c   COMPRESSED   0x00000020   Data   RW         4913    .data               heap_4.o
    0x2000009c   COMPRESSED   0x0000000c   Data   RW         4981    .data               port.o
    0x200000a8   COMPRESSED   0x0000000c   Data   RW         5079    .data               trckernelport.o
    0x200000b4   COMPRESSED   0x00000078   Data   RW         5273    .data               trcstreamingrecorder.o
    0x2000012c        -       0x00000044   Zero   RW          316    .bss                usart.o
    0x20000170        -       0x00000048   Zero   RW          446    .bss                stm32f4xx_hal_timebase_tim.o
    0x200001b8        -       0x00000040   Zero   RW         3386    .bss                queue.o
    0x200001f8        -       0x000004c4   Zero   RW         3849    .bss                tasks.o
    0x200006bc        -       0x00000118   Zero   RW         4204    .bss                timers.o
    0x200007d4        -       0x000006b8   Zero   RW         4447    .bss                cmsis_os2.o
    0x20000e8c        -       0x00003c00   Zero   RW         4912    .bss                heap_4.o
    0x20004a8c        -       0x00001804   Zero   RW         5078    .bss                trckernelport.o
    0x20006290        -       0x000006a4   Zero   RW         5272    .bss                trcstreamingrecorder.o
    0x20006934        -       0x000000f8   Zero   RW         5632    .bss                segger_rtt.o
    0x20006a2c        -       0x00000060   Zero   RW         6037    .bss                c_w.l(libspace.o)
    0x20006a8c   COMPRESSED   0x00000004   PAD
    0x20006a90        -       0x00000800   Zero   RW            2    HEAP                startup_stm32f429xx.o
    0x20007290        -       0x00000800   Zero   RW            1    STACK               startup_stm32f429xx.o


==============================================================================

Image component sizes


      Code (inc. data)   RO Data    RW Data    ZI Data      Debug   Object Name

       216         38          0          4       1720      61799   cmsis_os2.o
         0          0          0          0          0      17916   event_groups.o
         2          0          0          0          0        475   freertos.o
       152          8          0          0          0        963   gpio.o
       864         92          0         32      15360       5011   heap_4.o
       148          0          0          0          0       3674   list.o
       732        170          0         24          0     780465   main.o
      1054         90          0         12          0      11977   port.o
      3126         96          0          0         64      19235   queue.o
      1074         58          0          0        248      13114   segger_rtt.o
        64         26        428          0       4096        860   startup_stm32f429xx.o
        96         20          0          9          0       8330   stm32f4xx_hal.o
       252         22          0          0          0      33782   stm32f4xx_hal_cortex.o
       556         52          0          0          0       2845   stm32f4xx_hal_gpio.o
        84          6          0          0          0        894   stm32f4xx_hal_msp.o
       140         12          0          0          0       1316   stm32f4xx_hal_pwr_ex.o
      1888         94          0          0          0       6409   stm32f4xx_hal_rcc.o
       902         76          0          0          0       6638   stm32f4xx_hal_tim.o
         4          0          0          0          0       1621   stm32f4xx_hal_tim_ex.o
       136         12          0          0         72       1523   stm32f4xx_hal_timebase_tim.o
      1026         10          0          0          0       3996   stm32f4xx_hal_uart.o
        38          6          0          0          0       3427   stm32f4xx_it.o
         0          0          0          0          0        392   stream_buffer.o
        20          6         24          4          0       1183   system_stm32f4xx.o
      3622        428          0         60       1220      31322   tasks.o
      1318        124          0         20        280      29059   timers.o
       572         76          0         12       6148      10880   trckernelport.o
        84          4          0          0          0       2119   trcstreamingport.o
      4000       1034          0        120       1700      39193   trcstreamingrecorder.o
       192         22          0          0         68       1766   usart.o

    ----------------------------------------------------------------------
     22384       2582        486        300      30976    1102184   Object Totals
         0          0         32          0          0          0   (incl. Generated)
        22          0          2          3          0          0   (incl. Padding)

    ----------------------------------------------------------------------

      Code (inc. data)   RO Data    RW Data    ZI Data      Debug   Library Member Name

        58          0          0          0          0          0   __dczerorl.o
         8          0          0          0          0         68   __main.o
         0          0          0          0          0          0   __rtentry.o
        12          0          0          0          0          0   __rtentry2.o
         6          0          0          0          0          0   __rtentry4.o
        52          8          0          0          0          0   __scatter.o
        28          0          0          0          0          0   __scatter_zi.o
        22          0          0          0          0        100   _rserrno.o
        16          0          0          0          0         68   aeabi_memset.o
        18          0          0          0          0         80   exit.o
         6          0          0          0          0        152   heapauxi.o
         0          0          0          0          0          0   indicate_semi.o
         2          0          0          0          0          0   libinit.o
         6          0          0          0          0          0   libinit2.o
         2          0          0          0          0          0   libshutdown.o
         2          0          0          0          0          0   libshutdown2.o
         8          4          0          0         96         68   libspace.o
       238          0          0          0          0        100   lludivv7m.o
         8          4          0          0          0         68   rt_errno_addr_intlibspace.o
        68          0          0          0          0         68   rt_memclr.o
        78          0          0          0          0         80   rt_memclr_w.o
       138          0          0          0          0         68   rt_memcpy_v6.o
       100          0          0          0          0         80   rt_memcpy_w.o
         2          0          0          0          0          0   rtexit.o
        10          0          0          0          0          0   rtexit2.o
        72          0          0          0          0         80   strcpy.o
        12          4          0          0          0         68   sys_exit.o
        74          0          0          0          0         80   sys_stackheap_outer.o
         2          0          0          0          0         68   use_no_semi.o
        24          0          0          0          0        164   basic.o
        98          4          0          0          0        140   d2f.o
       826         16          0          0          0        492   daddsub_clz.o
       688        140          0          0          0        256   ddiv.o
        94          4          0          0          0        140   dfix.o
        84          0          0          0          0        232   dflt_clz.o
       340         12          0          0          0        152   dmul.o
       156          4          0          0          0        140   dnaninf.o
        12          0          0          0          0        116   dretinf.o
        86          4          0          0          0        132   f2d.o
       140          4          0          0          0        132   fnaninf.o
        10          0          0          0          0        116   fpinit.o
        10          0          0          0          0        116   fretinf.o
         0          0          0          0          0          0   usenofp.o
       368         46         48          0          0        200   cos_i.o
        84         16          0          0          0        372   dunder.o
        24          0          0          0          0        124   fabs.o
        48          0          0          0          0        124   fpclassify.o
       248          0          0          0          0        152   poly.o
      1080        142        200          0          0        188   rred.o
       200         20          0          0          0        164   sin.o
       304         24         40          0          0        208   sin_i.o

    ----------------------------------------------------------------------
      5994        456        288          0        100       5156   Library Totals
        22          0          0          0          4          0   (incl. Padding)

    ----------------------------------------------------------------------

      Code (inc. data)   RO Data    RW Data    ZI Data      Debug   Library Name

      1048         20          0          0         96       1296   c_w.l
      2568        188          0          0          0       2328   fz_wm.l
      2356        248        288          0          0       1532   m_wm.l

    ----------------------------------------------------------------------
      5994        456        288          0        100       5156   Library Totals

    ----------------------------------------------------------------------

==============================================================================


      Code (inc. data)   RO Data    RW Data    ZI Data      Debug   

     28378       3038        774        300      31076    1086116   Grand Totals
     28378       3038        774         24      31076    1086116   ELF Image Totals (compressed)
     28378       3038        774         24          0          0   ROM Totals

==============================================================================

    Total RO  Size (Code + RO Data)                29152 (  28.47kB)
    Total RW  Size (RW Data + ZI Data)             31376 (  30.64kB)
    Total ROM Size (Code + RO Data + RW Data)      29176 (  28.49kB)

==============================================================================

