<html>
<body>
<pre>
<h1>µVision Build Log</h1>
<h2>Tool Versions:</h2>
IDE-Version: µVision V5.36.0.0
Copyright (C) 2021 ARM Ltd and ARM Germany GmbH. All rights reserved.
License Information: Masoud KARIMI, MY SONY, LIC=CRMW3-ACHZ0-QIT5M-XGIPZ-WJZCT-8T63Z
 
Tool Versions:
Toolchain:       MDK-ARM Professional  Version: 5.36.0.0
Toolchain Path:  C:\Keil_v5\ARM\ARMCC\Bin
C Compiler:      Armcc.exe V5.06 update 7 (build 960)
Assembler:       Armasm.exe V5.06 update 7 (build 960)
Linker/Locator:  ArmLink.exe V5.06 update 7 (build 960)
Library Manager: ArmAr.exe V5.06 update 7 (build 960)
Hex Converter:   FromElf.exe V5.06 update 7 (build 960)
CPU DLL:         SARMCM3.DLL V5.36.0.0
Dialog DLL:      DCM.DLL V1.17.3.0
Target DLL:      STLink\ST-LINKIII-KEIL_SWO.dll V3.0.9.0
Dialog DLL:      TCM.DLL V1.53.0.0
 
<h2>Project:</h2>
C:\Users\MY SONY\Desktop\Tracealyzer\fw_h7_tracealyzer\MDK-ARM\fw_h7_tracealyzer.uvprojx
Project File Date:  03/24/2022

<h2>Output:</h2>
*** Using Compiler 'V5.06 update 7 (build 960)', folder: 'C:\Keil_v5\ARM\ARMCC\Bin'
Build target 'fw_h7_tracealyzer'
compiling gpio.c...
compiling freertos.c...
..\Middlewares\Third_Party\TraceRecorder\include\trcRecorder.h(1813): warning:  #1295-D: Deprecated declaration prvTraceEndStoreEvent - give arg types
  uint32_t prvTraceEndStoreEvent();
../Core/Src/freertos.c: 1 warning, 0 errors
compiling main.c...
..\Middlewares\Third_Party\TraceRecorder\include\trcRecorder.h(1813): warning:  #1295-D: Deprecated declaration prvTraceEndStoreEvent - give arg types
  uint32_t prvTraceEndStoreEvent();
../Core/Src/main.c: 1 warning, 0 errors
compiling dma.c...
compiling usart.c...
compiling stm32h7xx_it.c...
compiling stm32h7xx_hal_msp.c...
compiling stm32h7xx_hal_timebase_tim.c...
compiling stm32h7xx_hal_pcd.c...
compiling stm32h7xx_hal_pcd_ex.c...
compiling stm32h7xx_ll_usb.c...
compiling stm32h7xx_hal_rcc.c...
compiling stm32h7xx_hal_rcc_ex.c...
compiling stm32h7xx_hal_flash.c...
compiling stm32h7xx_hal_flash_ex.c...
compiling stm32h7xx_hal_gpio.c...
compiling stm32h7xx_hal_hsem.c...
compiling stm32h7xx_hal_dma.c...
compiling stm32h7xx_hal_mdma.c...
compiling stm32h7xx_hal_dma_ex.c...
compiling stm32h7xx_hal_pwr.c...
compiling stm32h7xx_hal_cortex.c...
compiling stm32h7xx_hal_pwr_ex.c...
compiling stm32h7xx_hal.c...
compiling stm32h7xx_hal_i2c_ex.c...
compiling stm32h7xx_hal_exti.c...
compiling stm32h7xx_hal_i2c.c...
compiling stm32h7xx_hal_tim_ex.c...
compiling stm32h7xx_hal_tim.c...
compiling stm32h7xx_hal_uart.c...
compiling stm32h7xx_hal_uart_ex.c...
compiling system_stm32h7xx.c...
compiling croutine.c...
..\Middlewares\Third_Party\TraceRecorder\include\trcRecorder.h(1813): warning:  #1295-D: Deprecated declaration prvTraceEndStoreEvent - give arg types
  uint32_t prvTraceEndStoreEvent();
../Middlewares/Third_Party/FreeRTOS/Source/croutine.c: 1 warning, 0 errors
compiling event_groups.c...
..\Middlewares\Third_Party\TraceRecorder\include\trcRecorder.h(1813): warning:  #1295-D: Deprecated declaration prvTraceEndStoreEvent - give arg types
  uint32_t prvTraceEndStoreEvent();
../Middlewares/Third_Party/FreeRTOS/Source/event_groups.c: 1 warning, 0 errors
compiling list.c...
..\Middlewares\Third_Party\TraceRecorder\include\trcRecorder.h(1813): warning:  #1295-D: Deprecated declaration prvTraceEndStoreEvent - give arg types
  uint32_t prvTraceEndStoreEvent();
../Middlewares/Third_Party/FreeRTOS/Source/list.c: 1 warning, 0 errors
compiling queue.c...
..\Middlewares\Third_Party\TraceRecorder\include\trcRecorder.h(1813): warning:  #1295-D: Deprecated declaration prvTraceEndStoreEvent - give arg types
  uint32_t prvTraceEndStoreEvent();
../Middlewares/Third_Party/FreeRTOS/Source/queue.c: 1 warning, 0 errors
compiling stream_buffer.c...
..\Middlewares\Third_Party\TraceRecorder\include\trcRecorder.h(1813): warning:  #1295-D: Deprecated declaration prvTraceEndStoreEvent - give arg types
  uint32_t prvTraceEndStoreEvent();
../Middlewares/Third_Party/FreeRTOS/Source/stream_buffer.c: 1 warning, 0 errors
compiling timers.c...
..\Middlewares\Third_Party\TraceRecorder\include\trcRecorder.h(1813): warning:  #1295-D: Deprecated declaration prvTraceEndStoreEvent - give arg types
  uint32_t prvTraceEndStoreEvent();
../Middlewares/Third_Party/FreeRTOS/Source/timers.c: 1 warning, 0 errors
compiling tasks.c...
..\Middlewares\Third_Party\TraceRecorder\include\trcRecorder.h(1813): warning:  #1295-D: Deprecated declaration prvTraceEndStoreEvent - give arg types
  uint32_t prvTraceEndStoreEvent();
../Middlewares/Third_Party/FreeRTOS/Source/tasks.c: 1 warning, 0 errors
compiling port.c...
..\Middlewares\Third_Party\TraceRecorder\include\trcRecorder.h(1813): warning:  #1295-D: Deprecated declaration prvTraceEndStoreEvent - give arg types
  uint32_t prvTraceEndStoreEvent();
../Middlewares/Third_Party/FreeRTOS/Source/portable/RVDS/ARM_CM4F/port.c: 1 warning, 0 errors
compiling cmsis_os.c...
..\Middlewares\Third_Party\TraceRecorder\include\trcRecorder.h(1813): warning:  #1295-D: Deprecated declaration prvTraceEndStoreEvent - give arg types
  uint32_t prvTraceEndStoreEvent();
../Middlewares/Third_Party/FreeRTOS/Source/CMSIS_RTOS/cmsis_os.c: 1 warning, 0 errors
compiling heap_4.c...
..\Middlewares\Third_Party\TraceRecorder\include\trcRecorder.h(1813): warning:  #1295-D: Deprecated declaration prvTraceEndStoreEvent - give arg types
  uint32_t prvTraceEndStoreEvent();
../Middlewares/Third_Party/FreeRTOS/Source/portable/MemMang/heap_4.c: 1 warning, 0 errors
compiling trcSnapshotRecorder.c...
..\Middlewares\Third_Party\TraceRecorder\include\trcRecorder.h(1813): warning:  #1295-D: Deprecated declaration prvTraceEndStoreEvent - give arg types
  uint32_t prvTraceEndStoreEvent();
..\Middlewares\Third_Party\TraceRecorder\trcSnapshotRecorder.c: 1 warning, 0 errors
compiling trcKernelPort.c...
..\Middlewares\Third_Party\TraceRecorder\include\trcRecorder.h(1813): warning:  #1295-D: Deprecated declaration prvTraceEndStoreEvent - give arg types
  uint32_t prvTraceEndStoreEvent();
..\Middlewares\Third_Party\TraceRecorder\trcKernelPort.c(321): warning:  #177-D: variable "pCurrentTCB"  was declared but never referenced
  static void* pCurrentTCB = NULL;
..\Middlewares\Third_Party\TraceRecorder\trcKernelPort.c: 2 warnings, 0 errors
compiling trcStreamingRecorder.c...
..\Middlewares\Third_Party\TraceRecorder\include\trcRecorder.h(1813): warning:  #1295-D: Deprecated declaration prvTraceEndStoreEvent - give arg types
  uint32_t prvTraceEndStoreEvent();
..\Middlewares\Third_Party\TraceRecorder\trcStreamingRecorder.c(217): warning:  #177-D: variable "xEventDataDummy"  was declared but never referenced
  static largestEventType xEventDataDummy = { { 0, 0, 0 }, { 0 } };
..\Middlewares\Third_Party\TraceRecorder\trcStreamingRecorder.c: 2 warnings, 0 errors
compiling usb_device.c...
compiling trcInternalBuffer.c...
..\Middlewares\Third_Party\TraceRecorder\include\trcRecorder.h(1813): warning:  #1295-D: Deprecated declaration prvTraceEndStoreEvent - give arg types
  uint32_t prvTraceEndStoreEvent();
..\Middlewares\Third_Party\TraceRecorder\trcInternalBuffer.c: 1 warning, 0 errors
compiling trcStreamingPort.c...
..\Middlewares\Third_Party\TraceRecorder\include\trcRecorder.h(1813): warning:  #1295-D: Deprecated declaration prvTraceEndStoreEvent - give arg types
  uint32_t prvTraceEndStoreEvent();
..\Middlewares\Third_Party\TraceRecorder\streamports\STM32_USB_CDC\trcStreamingPort.c(115): warning:  #223-D: function "vTaskDelay" declared implicitly
  		TRC_OS_DELAY( TRC_CFG_DELAY_ON_BUSY );
..\Middlewares\Third_Party\TraceRecorder\streamports\STM32_USB_CDC\trcStreamingPort.c: 2 warnings, 0 errors
compiling usbd_desc.c...
compiling usbd_cdc_if.c...
compiling usbd_conf.c...
compiling usbd_core.c...
compiling usbd_ioreq.c...
compiling usbd_ctlreq.c...
compiling usbd_cdc.c...
linking...
Program Size: Code=44636 RO-data=800 RW-data=696 ZI-data=36328  
FromELF: creating hex file...
"fw_h7_tracealyzer\fw_h7_tracealyzer.axf" - 0 Error(s), 20 Warning(s).

<h2>Software Packages used:</h2>

Package Vendor: ARM
                http://www.keil.com/pack/ARM.CMSIS.5.8.0.pack
                ARM.CMSIS.5.8.0
                CMSIS (Common Microcontroller Software Interface Standard)
   * Component: CORE Version: 5.5.0

Package Vendor: Keil
                http://www.keil.com/pack/Keil.STM32H7xx_DFP.2.8.0.pack
                Keil.STM32H7xx_DFP.2.8.0
                STMicroelectronics STM32H7 Series Device Support and Examples

<h2>Collection of Component include folders:</h2>
  .\RTE\_fw_h7_tracealyzer
  C:\Keil_v5\ARM\PACK\ARM\CMSIS\5.8.0\CMSIS\Core\Include
  C:\Keil_v5\ARM\PACK\Keil\STM32H7xx_DFP\2.8.0\Drivers\CMSIS\Device\ST\STM32H7xx\Include

<h2>Collection of Component Files used:</h2>

   * Component: ARM::CMSIS:CORE:5.5.0
      Include file:  CMSIS\Core\Include\tz_context.h
Build Time Elapsed:  00:07:38
</pre>
</body>
</html>
