Component: ARM Compiler 5.06 update 7 (build 960) Tool: armlink [4d3601]

==============================================================================

Section Cross References

    startup_stm32h743xx.o(STACK) refers (Special) to heapauxi.o(.text) for __use_two_region_memory
    startup_stm32h743xx.o(HEAP) refers (Special) to heapauxi.o(.text) for __use_two_region_memory
    startup_stm32h743xx.o(RESET) refers (Special) to heapauxi.o(.text) for __use_two_region_memory
    startup_stm32h743xx.o(RESET) refers to startup_stm32h743xx.o(STACK) for __initial_sp
    startup_stm32h743xx.o(RESET) refers to startup_stm32h743xx.o(.text) for Reset_Handler
    startup_stm32h743xx.o(RESET) refers to stm32h7xx_it.o(i.NMI_Handler) for NMI_Handler
    startup_stm32h743xx.o(RESET) refers to stm32h7xx_it.o(i.HardFault_Handler) for HardFault_Handler
    startup_stm32h743xx.o(RESET) refers to stm32h7xx_it.o(i.MemManage_Handler) for MemManage_Handler
    startup_stm32h743xx.o(RESET) refers to stm32h7xx_it.o(i.BusFault_Handler) for BusFault_Handler
    startup_stm32h743xx.o(RESET) refers to stm32h7xx_it.o(i.UsageFault_Handler) for UsageFault_Handler
    startup_stm32h743xx.o(RESET) refers to port.o(.emb_text) for SVC_Handler
    startup_stm32h743xx.o(RESET) refers to stm32h7xx_it.o(i.DebugMon_Handler) for DebugMon_Handler
    startup_stm32h743xx.o(RESET) refers to port.o(i.SysTick_Handler) for SysTick_Handler
    startup_stm32h743xx.o(RESET) refers to stm32h7xx_it.o(i.DMA1_Stream0_IRQHandler) for DMA1_Stream0_IRQHandler
    startup_stm32h743xx.o(RESET) refers to stm32h7xx_it.o(i.DMA1_Stream1_IRQHandler) for DMA1_Stream1_IRQHandler
    startup_stm32h743xx.o(RESET) refers to stm32h7xx_it.o(i.TIM2_IRQHandler) for TIM2_IRQHandler
    startup_stm32h743xx.o(RESET) refers to stm32h7xx_it.o(i.OTG_FS_IRQHandler) for OTG_FS_IRQHandler
    startup_stm32h743xx.o(.text) refers (Special) to heapauxi.o(.text) for __use_two_region_memory
    startup_stm32h743xx.o(.text) refers to system_stm32h7xx.o(i.SystemInit) for SystemInit
    startup_stm32h743xx.o(.text) refers to __main.o(!!!main) for __main
    startup_stm32h743xx.o(.text) refers to startup_stm32h743xx.o(HEAP) for Heap_Mem
    startup_stm32h743xx.o(.text) refers to startup_stm32h743xx.o(STACK) for Stack_Mem
    main.o(i.HAL_TIM_PeriodElapsedCallback) refers to stm32h7xx_hal.o(i.HAL_IncTick) for HAL_IncTick
    main.o(i.SystemClock_Config) refers to rt_memclr_w.o(.text) for __aeabi_memclr4
    main.o(i.SystemClock_Config) refers to stm32h7xx_hal_pwr_ex.o(i.HAL_PWREx_ConfigSupply) for HAL_PWREx_ConfigSupply
    main.o(i.SystemClock_Config) refers to stm32h7xx_hal_rcc.o(i.HAL_RCC_OscConfig) for HAL_RCC_OscConfig
    main.o(i.SystemClock_Config) refers to main.o(i.Error_Handler) for Error_Handler
    main.o(i.SystemClock_Config) refers to stm32h7xx_hal_rcc.o(i.HAL_RCC_ClockConfig) for HAL_RCC_ClockConfig
    main.o(i.main) refers to stm32h7xx_hal.o(i.HAL_Init) for HAL_Init
    main.o(i.main) refers to main.o(i.SystemClock_Config) for SystemClock_Config
    main.o(i.main) refers to trckernelport.o(i.vTraceEnable) for vTraceEnable
    main.o(i.main) refers to gpio.o(i.MX_GPIO_Init) for MX_GPIO_Init
    main.o(i.main) refers to dma.o(i.MX_DMA_Init) for MX_DMA_Init
    main.o(i.main) refers to usart.o(i.MX_USART3_UART_Init) for MX_USART3_UART_Init
    main.o(i.main) refers to tasks.o(i.xTaskCreate) for xTaskCreate
    main.o(i.main) refers to freertos.o(i.MX_FREERTOS_Init) for MX_FREERTOS_Init
    main.o(i.main) refers to cmsis_os.o(i.osKernelStart) for osKernelStart
    main.o(i.main) refers to main.o(.data) for green_led_arg
    main.o(i.main) refers to main.o(i.tfLed) for tfLed
    main.o(i.main) refers to main.o(i.tfUart) for tfUart
    main.o(i.tfLed) refers to tasks.o(i.xTaskGetTickCount) for xTaskGetTickCount
    main.o(i.tfLed) refers to trcstreamingrecorder.o(i.xTraceRegisterString) for xTraceRegisterString
    main.o(i.tfLed) refers to trcstreamingrecorder.o(i.vTracePrintF) for vTracePrintF
    main.o(i.tfLed) refers to stm32h7xx_hal_gpio.o(i.HAL_GPIO_TogglePin) for HAL_GPIO_TogglePin
    main.o(i.tfLed) refers to stm32h7xx_hal.o(i.HAL_Delay) for HAL_Delay
    main.o(i.tfLed) refers to tasks.o(i.vTaskDelayUntil) for vTaskDelayUntil
    main.o(i.tfUart) refers to tasks.o(i.xTaskGetTickCount) for xTaskGetTickCount
    main.o(i.tfUart) refers to trcstreamingrecorder.o(i.xTraceRegisterString) for xTraceRegisterString
    main.o(i.tfUart) refers to trcstreamingrecorder.o(i.vTracePrintF) for vTracePrintF
    main.o(i.tfUart) refers to stm32h7xx_hal_uart.o(i.HAL_UART_Transmit) for HAL_UART_Transmit
    main.o(i.tfUart) refers to tasks.o(i.vTaskDelayUntil) for vTaskDelayUntil
    main.o(i.tfUart) refers to usart.o(.bss) for huart3
    gpio.o(i.MX_GPIO_Init) refers to rt_memclr_w.o(.text) for __aeabi_memclr4
    gpio.o(i.MX_GPIO_Init) refers to stm32h7xx_hal_gpio.o(i.HAL_GPIO_WritePin) for HAL_GPIO_WritePin
[...]
    TIM8_CC_IRQHandler                       0x08000453   Thumb Code     0  startup_stm32h743xx.o(.text)
    TIM8_TRG_COM_TIM14_IRQHandler            0x08000453   Thumb Code     0  startup_stm32h743xx.o(.text)
    TIM8_UP_TIM13_IRQHandler                 0x08000453   Thumb Code     0  startup_stm32h743xx.o(.text)
    UART4_IRQHandler                         0x08000453   Thumb Code     0  startup_stm32h743xx.o(.text)
    UART5_IRQHandler                         0x08000453   Thumb Code     0  startup_stm32h743xx.o(.text)
    UART7_IRQHandler                         0x08000453   Thumb Code     0  startup_stm32h743xx.o(.text)
    UART8_IRQHandler                         0x08000453   Thumb Code     0  startup_stm32h743xx.o(.text)
    USART1_IRQHandler                        0x08000453   Thumb Code     0  startup_stm32h743xx.o(.text)
    USART2_IRQHandler                        0x08000453   Thumb Code     0  startup_stm32h743xx.o(.text)
    USART3_IRQHandler                        0x08000453   Thumb Code     0  startup_stm32h743xx.o(.text)
    USART6_IRQHandler                        0x08000453   Thumb Code     0  startup_stm32h743xx.o(.text)
    WAKEUP_PIN_IRQHandler                    0x08000453   Thumb Code     0  startup_stm32h743xx.o(.text)
    WWDG_IRQHandler                          0x08000453   Thumb Code     0  startup_stm32h743xx.o(.text)
    __user_initial_stackheap                 0x08000455   Thumb Code     0  startup_stm32h743xx.o(.text)
    __aeabi_uldivmod                         0x08000479   Thumb Code     0  lludivv7m.o(.text)
    _ll_udiv                                 0x08000479   Thumb Code   238  lludivv7m.o(.text)
    __aeabi_memcpy                           0x08000567   Thumb Code     0  rt_memcpy_v6.o(.text)
    __rt_memcpy                              0x08000567   Thumb Code   138  rt_memcpy_v6.o(.text)
    _memcpy_lastbytes                        0x080005cd   Thumb Code     0  rt_memcpy_v6.o(.text)
    __aeabi_memcpy4                          0x080005f1   Thumb Code     0  rt_memcpy_w.o(.text)
    __aeabi_memcpy8                          0x080005f1   Thumb Code     0  rt_memcpy_w.o(.text)
    __rt_memcpy_w                            0x080005f1   Thumb Code   100  rt_memcpy_w.o(.text)
    _memcpy_lastbytes_aligned                0x08000639   Thumb Code     0  rt_memcpy_w.o(.text)
    __aeabi_memset                           0x08000655   Thumb Code    16  aeabi_memset.o(.text)
    __aeabi_memclr4                          0x08000665   Thumb Code     0  rt_memclr_w.o(.text)
    __aeabi_memclr8                          0x08000665   Thumb Code     0  rt_memclr_w.o(.text)
    __rt_memclr_w                            0x08000665   Thumb Code    78  rt_memclr_w.o(.text)
    _memset_w                                0x08000669   Thumb Code     0  rt_memclr_w.o(.text)
    __use_two_region_memory                  0x080006b3   Thumb Code     2  heapauxi.o(.text)
    __rt_heap_escrow$2region                 0x080006b5   Thumb Code     2  heapauxi.o(.text)
    __rt_heap_expand$2region                 0x080006b7   Thumb Code     2  heapauxi.o(.text)
    __aeabi_memclr                           0x080006b9   Thumb Code     0  rt_memclr.o(.text)
    __rt_memclr                              0x080006b9   Thumb Code    68  rt_memclr.o(.text)
    _memset                                  0x080006bd   Thumb Code     0  rt_memclr.o(.text)
    __user_setup_stackheap                   0x080006fd   Thumb Code    74  sys_stackheap_outer.o(.text)
    exit                                     0x08000747   Thumb Code    18  exit.o(.text)
    __user_libspace                          0x08000759   Thumb Code     8  libspace.o(.text)
    __user_perproc_libspace                  0x08000759   Thumb Code     0  libspace.o(.text)
    __user_perthread_libspace                0x08000759   Thumb Code     0  libspace.o(.text)
    _sys_exit                                0x08000761   Thumb Code     8  sys_exit.o(.text)
    __I$use$semihosting                      0x0800076d   Thumb Code     0  use_no_semi.o(.text)
    __use_no_semihosting_swi                 0x0800076d   Thumb Code     2  use_no_semi.o(.text)
    BusFault_Handler                         0x0800076f   Thumb Code     4  stm32h7xx_it.o(i.BusFault_Handler)
    __semihosting_library_function           0x0800076f   Thumb Code     0  indicate_semi.o(.text)
    CDC_Transmit_FS                          0x08000845   Thumb Code    50  usbd_cdc_if.o(i.CDC_Transmit_FS)
    DMA1_Stream0_IRQHandler                  0x0800087d   Thumb Code    10  stm32h7xx_it.o(i.DMA1_Stream0_IRQHandler)
    DMA1_Stream1_IRQHandler                  0x0800088d   Thumb Code    10  stm32h7xx_it.o(i.DMA1_Stream1_IRQHandler)
    DebugMon_Handler                         0x08000b93   Thumb Code     2  stm32h7xx_it.o(i.DebugMon_Handler)
    Error_Handler                            0x08000b95   Thumb Code     6  main.o(i.Error_Handler)
    HAL_DMA_IRQHandler                       0x08000bd1   Thumb Code  2798  stm32h7xx_hal_dma.o(i.HAL_DMA_IRQHandler)
    HAL_DMA_Init                             0x080016c9   Thumb Code  1304  stm32h7xx_hal_dma.o(i.HAL_DMA_Init)
    HAL_Delay                                0x08001be9   Thumb Code    36  stm32h7xx_hal.o(i.HAL_Delay)
    HAL_GPIO_Init                            0x08001c11   Thumb Code   456  stm32h7xx_hal_gpio.o(i.HAL_GPIO_Init)
    HAL_GPIO_TogglePin                       0x08001e0d   Thumb Code    20  stm32h7xx_hal_gpio.o(i.HAL_GPIO_TogglePin)
    HAL_GPIO_WritePin                        0x08001e21   Thumb Code    12  stm32h7xx_hal_gpio.o(i.HAL_GPIO_WritePin)
    HAL_GetREVID                             0x08001e2d   Thumb Code     8  stm32h7xx_hal.o(i.HAL_GetREVID)
    HAL_GetTick                              0x08001e39   Thumb Code     6  stm32h7xx_hal.o(i.HAL_GetTick)
    HAL_IncTick                              0x08001e45   Thumb Code    16  stm32h7xx_hal.o(i.HAL_IncTick)
    HAL_Init                                 0x08001e5d   Thumb Code    80  stm32h7xx_hal.o(i.HAL_Init)
    HAL_InitTick                             0x08001ebd   Thumb Code   142  stm32h7xx_hal_timebase_tim.o(i.HAL_InitTick)
    HAL_MspInit                              0x08001f5d   Thumb Code    42  stm32h7xx_hal_msp.o(i.HAL_MspInit)
    HAL_NVIC_EnableIRQ                       0x08001f8d   Thumb Code    40  stm32h7xx_hal_cortex.o(i.HAL_NVIC_EnableIRQ)
    HAL_NVIC_SetPriority                     0x08001fb5   Thumb Code   122  stm32h7xx_hal_cortex.o(i.HAL_NVIC_SetPriority)
    HAL_NVIC_SetPriorityGrouping             0x08002031   Thumb Code    32  stm32h7xx_hal_cortex.o(i.HAL_NVIC_SetPriorityGrouping)
    HAL_PCDEx_ActivateLPM                    0x08002059   Thumb Code    36  stm32h7xx_hal_pcd_ex.o(i.HAL_PCDEx_ActivateLPM)
    HAL_PCDEx_LPM_Callback                   0x08002081   Thumb Code     2  stm32h7xx_hal_pcd_ex.o(i.HAL_PCDEx_LPM_Callback)
    HAL_PCDEx_SetRxFiFo                      0x08002083   Thumb Code    10  stm32h7xx_hal_pcd_ex.o(i.HAL_PCDEx_SetRxFiFo)
    HAL_PCDEx_SetTxFiFo                      0x0800208d   Thumb Code    78  stm32h7xx_hal_pcd_ex.o(i.HAL_PCDEx_SetTxFiFo)
    HAL_PCD_ConnectCallback                  0x080020db   Thumb Code    14  usbd_conf.o(i.HAL_PCD_ConnectCallback)
    HAL_PCD_DataInStageCallback              0x080020e9   Thumb Code    32  usbd_conf.o(i.HAL_PCD_DataInStageCallback)
    HAL_PCD_DataOutStageCallback             0x08002109   Thumb Code    32  usbd_conf.o(i.HAL_PCD_DataOutStageCallback)
    HAL_PCD_DisconnectCallback               0x08002129   Thumb Code    14  usbd_conf.o(i.HAL_PCD_DisconnectCallback)
    HAL_PCD_EP_Close                         0x08002137   Thumb Code   106  stm32h7xx_hal_pcd.o(i.HAL_PCD_EP_Close)
    HAL_PCD_EP_ClrStall                      0x080021a1   Thumb Code   124  stm32h7xx_hal_pcd.o(i.HAL_PCD_EP_ClrStall)
    HAL_PCD_EP_GetRxCount                    0x0800221d   Thumb Code    22  stm32h7xx_hal_pcd.o(i.HAL_PCD_EP_GetRxCount)
    HAL_PCD_EP_Open                          0x08002233   Thumb Code   140  stm32h7xx_hal_pcd.o(i.HAL_PCD_EP_Open)
    HAL_PCD_EP_Receive                       0x080022bf   Thumb Code    88  stm32h7xx_hal_pcd.o(i.HAL_PCD_EP_Receive)
    HAL_PCD_EP_SetStall                      0x08002317   Thumb Code   138  stm32h7xx_hal_pcd.o(i.HAL_PCD_EP_SetStall)
    HAL_PCD_EP_Transmit                      0x080023a1   Thumb Code    90  stm32h7xx_hal_pcd.o(i.HAL_PCD_EP_Transmit)
    HAL_PCD_IRQHandler                       0x080023fb   Thumb Code  1424  stm32h7xx_hal_pcd.o(i.HAL_PCD_IRQHandler)
    HAL_PCD_ISOINIncompleteCallback          0x0800298b   Thumb Code    18  usbd_conf.o(i.HAL_PCD_ISOINIncompleteCallback)
    HAL_PCD_ISOOUTIncompleteCallback         0x0800299d   Thumb Code    18  usbd_conf.o(i.HAL_PCD_ISOOUTIncompleteCallback)
    HAL_PCD_Init                             0x080029af   Thumb Code   370  stm32h7xx_hal_pcd.o(i.HAL_PCD_Init)
    HAL_PCD_MspInit                          0x08002b21   Thumb Code   190  usbd_conf.o(i.HAL_PCD_MspInit)
    HAL_PCD_ResetCallback                    0x08002bed   Thumb Code    48  usbd_conf.o(i.HAL_PCD_ResetCallback)
    HAL_PCD_ResumeCallback                   0x08002c1d   Thumb Code    14  usbd_conf.o(i.HAL_PCD_ResumeCallback)
    HAL_PCD_SOFCallback                      0x08002c2b   Thumb Code    14  usbd_conf.o(i.HAL_PCD_SOFCallback)
    HAL_PCD_SetAddress                       0x08002c39   Thumb Code    54  stm32h7xx_hal_pcd.o(i.HAL_PCD_SetAddress)
    HAL_PCD_SetupStageCallback               0x08002c6f   Thumb Code    18  usbd_conf.o(i.HAL_PCD_SetupStageCallback)
    HAL_PCD_Start                            0x08002c81   Thumb Code    74  stm32h7xx_hal_pcd.o(i.HAL_PCD_Start)
    HAL_PCD_SuspendCallback                  0x08002ccd   Thumb Code    46  usbd_conf.o(i.HAL_PCD_SuspendCallback)
    HAL_PWREx_ConfigSupply                   0x08002d01   Thumb Code    90  stm32h7xx_hal_pwr_ex.o(i.HAL_PWREx_ConfigSupply)
    HAL_PWREx_EnableUSBVoltageDetector       0x08002d61   Thumb Code    14  stm32h7xx_hal_pwr_ex.o(i.HAL_PWREx_EnableUSBVoltageDetector)
    HAL_RCCEx_GetD3PCLK1Freq                 0x08002d75   Thumb Code    26  stm32h7xx_hal_rcc_ex.o(i.HAL_RCCEx_GetD3PCLK1Freq)
    HAL_RCCEx_GetPLL2ClockFreq               0x08002d99   Thumb Code   536  stm32h7xx_hal_rcc_ex.o(i.HAL_RCCEx_GetPLL2ClockFreq)
    HAL_RCCEx_GetPLL3ClockFreq               0x08002fc9   Thumb Code   536  stm32h7xx_hal_rcc_ex.o(i.HAL_RCCEx_GetPLL3ClockFreq)
    HAL_RCCEx_PeriphCLKConfig                0x080031f9   Thumb Code  2910  stm32h7xx_hal_rcc_ex.o(i.HAL_RCCEx_PeriphCLKConfig)
    HAL_RCC_ClockConfig                      0x08003d5d   Thumb Code   774  stm32h7xx_hal_rcc.o(i.HAL_RCC_ClockConfig)
    HAL_RCC_GetClockConfig                   0x0800407d   Thumb Code    98  stm32h7xx_hal_rcc.o(i.HAL_RCC_GetClockConfig)
    HAL_RCC_GetHCLKFreq                      0x080040e9   Thumb Code    60  stm32h7xx_hal_rcc.o(i.HAL_RCC_GetHCLKFreq)
    HAL_RCC_GetPCLK1Freq                     0x08004135   Thumb Code    26  stm32h7xx_hal_rcc.o(i.HAL_RCC_GetPCLK1Freq)
    HAL_RCC_GetPCLK2Freq                     0x08004159   Thumb Code    26  stm32h7xx_hal_rcc.o(i.HAL_RCC_GetPCLK2Freq)
    HAL_RCC_GetSysClockFreq                  0x0800417d   Thumb Code   524  stm32h7xx_hal_rcc.o(i.HAL_RCC_GetSysClockFreq)
    HAL_RCC_OscConfig                        0x080043a9   Thumb Code  2048  stm32h7xx_hal_rcc.o(i.HAL_RCC_OscConfig)
    HAL_TIMEx_Break2Callback                 0x08004ba9   Thumb Code     2  stm32h7xx_hal_tim_ex.o(i.HAL_TIMEx_Break2Callback)
    HAL_TIMEx_BreakCallback                  0x08004bab   Thumb Code     2  stm32h7xx_hal_tim_ex.o(i.HAL_TIMEx_BreakCallback)
    HAL_TIMEx_CommutCallback                 0x08004bad   Thumb Code     2  stm32h7xx_hal_tim_ex.o(i.HAL_TIMEx_CommutCallback)
    HAL_TIM_Base_Init                        0x08004baf   Thumb Code   110  stm32h7xx_hal_tim.o(i.HAL_TIM_Base_Init)
    HAL_TIM_Base_MspInit                     0x08004c1d   Thumb Code     2  stm32h7xx_hal_tim.o(i.HAL_TIM_Base_MspInit)
    HAL_TIM_Base_Start_IT                    0x08004c21   Thumb Code   146  stm32h7xx_hal_tim.o(i.HAL_TIM_Base_Start_IT)
    HAL_TIM_IC_CaptureCallback               0x08004cd5   Thumb Code     2  stm32h7xx_hal_tim.o(i.HAL_TIM_IC_CaptureCallback)
    HAL_TIM_IRQHandler                       0x08004cd7   Thumb Code   440  stm32h7xx_hal_tim.o(i.HAL_TIM_IRQHandler)
    HAL_TIM_OC_DelayElapsedCallback          0x08004e8f   Thumb Code     2  stm32h7xx_hal_tim.o(i.HAL_TIM_OC_DelayElapsedCallback)
    HAL_TIM_PWM_PulseFinishedCallback        0x08004e91   Thumb Code     2  stm32h7xx_hal_tim.o(i.HAL_TIM_PWM_PulseFinishedCallback)
    HAL_TIM_PeriodElapsedCallback            0x08004e93   Thumb Code    18  main.o(i.HAL_TIM_PeriodElapsedCallback)
    HAL_TIM_TriggerCallback                  0x08004ea5   Thumb Code     2  stm32h7xx_hal_tim.o(i.HAL_TIM_TriggerCallback)
    HAL_UARTEx_DisableFifoMode               0x08004ea7   Thumb Code    78  stm32h7xx_hal_uart_ex.o(i.HAL_UARTEx_DisableFifoMode)
    HAL_UARTEx_SetRxFifoThreshold            0x08004ef5   Thumb Code    94  stm32h7xx_hal_uart_ex.o(i.HAL_UARTEx_SetRxFifoThreshold)
    HAL_UARTEx_SetTxFifoThreshold            0x08004f53   Thumb Code    94  stm32h7xx_hal_uart_ex.o(i.HAL_UARTEx_SetTxFifoThreshold)
    HAL_UART_Init                            0x08004fb1   Thumb Code   120  stm32h7xx_hal_uart.o(i.HAL_UART_Init)
    HAL_UART_MspInit                         0x08005029   Thumb Code   258  usart.o(i.HAL_UART_MspInit)
    HAL_UART_Transmit                        0x08005145   Thumb Code   214  stm32h7xx_hal_uart.o(i.HAL_UART_Transmit)
    HardFault_Handler                        0x0800521b   Thumb Code     4  stm32h7xx_it.o(i.HardFault_Handler)
    MX_DMA_Init                              0x0800525d   Thumb Code    64  dma.o(i.MX_DMA_Init)
    MX_FREERTOS_Init                         0x080052a1   Thumb Code    30  freertos.o(i.MX_FREERTOS_Init)
    MX_GPIO_Init                             0x080052c9   Thumb Code   190  gpio.o(i.MX_GPIO_Init)
    MX_USART3_UART_Init                      0x08005395   Thumb Code    98  usart.o(i.MX_USART3_UART_Init)
    MX_USB_DEVICE_Init                       0x08005401   Thumb Code    64  usb_device.o(i.MX_USB_DEVICE_Init)
    MemManage_Handler                        0x08005451   Thumb Code     4  stm32h7xx_it.o(i.MemManage_Handler)
    NMI_Handler                              0x08005455   Thumb Code     4  stm32h7xx_it.o(i.NMI_Handler)
    OTG_FS_IRQHandler                        0x08005459   Thumb Code    10  stm32h7xx_it.o(i.OTG_FS_IRQHandler)
    StartDefaultTask                         0x080059db   Thumb Code    14  freertos.o(i.StartDefaultTask)
    SysTick_Handler                          0x080059e9   Thumb Code    46  port.o(i.SysTick_Handler)
    SystemClock_Config                       0x08005a1d   Thumb Code   214  main.o(i.SystemClock_Config)
    SystemInit                               0x08005b01   Thumb Code   212  system_stm32h7xx.o(i.SystemInit)
    TIM2_IRQHandler                          0x08005bfd   Thumb Code    10  stm32h7xx_it.o(i.TIM2_IRQHandler)
    TIM_Base_SetConfig                       0x08005c0d   Thumb Code   170  stm32h7xx_hal_tim.o(i.TIM_Base_SetConfig)
    UART_AdvFeatureConfig                    0x08005d89   Thumb Code   248  stm32h7xx_hal_uart.o(i.UART_AdvFeatureConfig)
    UART_CheckIdleState                      0x08005e81   Thumb Code   118  stm32h7xx_hal_uart.o(i.UART_CheckIdleState)
    UART_SetConfig                           0x08005ef9   Thumb Code  1402  stm32h7xx_hal_uart.o(i.UART_SetConfig)
    UART_WaitOnFlagUntilTimeout              0x08006485   Thumb Code   254  stm32h7xx_hal_uart.o(i.UART_WaitOnFlagUntilTimeout)
    USBD_CDC_GetDeviceQualifierDescriptor    0x080066d5   Thumb Code    10  usbd_cdc.o(i.USBD_CDC_GetDeviceQualifierDescriptor)
    USBD_CDC_ReceivePacket                   0x080067d5   Thumb Code    58  usbd_cdc.o(i.USBD_CDC_ReceivePacket)
    USBD_CDC_RegisterInterface               0x0800680f   Thumb Code    16  usbd_cdc.o(i.USBD_CDC_RegisterInterface)
    USBD_CDC_SetRxBuffer                     0x0800681f   Thumb Code    22  usbd_cdc.o(i.USBD_CDC_SetRxBuffer)
    USBD_CDC_SetTxBuffer                     0x08006835   Thumb Code    28  usbd_cdc.o(i.USBD_CDC_SetTxBuffer)
    USBD_CDC_TransmitPacket                  0x0800696d   Thumb Code    60  usbd_cdc.o(i.USBD_CDC_TransmitPacket)
    USBD_ClrClassConfig                      0x080069a9   Thumb Code    28  usbd_core.o(i.USBD_ClrClassConfig)
    USBD_CtlContinueRx                       0x08006a03   Thumb Code    24  usbd_ioreq.o(i.USBD_CtlContinueRx)
    USBD_CtlContinueSendData                 0x08006a1b   Thumb Code    24  usbd_ioreq.o(i.USBD_CtlContinueSendData)
    USBD_CtlError                            0x08006a33   Thumb Code    24  usbd_ctlreq.o(i.USBD_CtlError)
    USBD_CtlPrepareRx                        0x08006a4b   Thumb Code    40  usbd_ioreq.o(i.USBD_CtlPrepareRx)
    USBD_CtlReceiveStatus                    0x08006a73   Thumb Code    26  usbd_ioreq.o(i.USBD_CtlReceiveStatus)
    USBD_CtlSendData                         0x08006a8d   Thumb Code    34  usbd_ioreq.o(i.USBD_CtlSendData)
    USBD_CtlSendStatus                       0x08006aaf   Thumb Code    26  usbd_ioreq.o(i.USBD_CtlSendStatus)
    USBD_FS_ConfigStrDescriptor              0x08006ac9   Thumb Code    34  usbd_desc.o(i.USBD_FS_ConfigStrDescriptor)
    USBD_FS_DeviceDescriptor                 0x08006afd   Thumb Code    10  usbd_desc.o(i.USBD_FS_DeviceDescriptor)
    USBD_FS_InterfaceStrDescriptor           0x08006b0d   Thumb Code    34  usbd_desc.o(i.USBD_FS_InterfaceStrDescriptor)
    USBD_FS_LangIDStrDescriptor              0x08006b45   Thumb Code    10  usbd_desc.o(i.USBD_FS_LangIDStrDescriptor)
    USBD_FS_ManufacturerStrDescriptor        0x08006b55   Thumb Code    20  usbd_desc.o(i.USBD_FS_ManufacturerStrDescriptor)
    USBD_FS_ProductStrDescriptor             0x08006b81   Thumb Code    34  usbd_desc.o(i.USBD_FS_ProductStrDescriptor)
    USBD_FS_SerialStrDescriptor              0x08006bc1   Thumb Code    18  usbd_desc.o(i.USBD_FS_SerialStrDescriptor)
    USBD_GetString                           0x08006e9b   Thumb Code    84  usbd_ctlreq.o(i.USBD_GetString)
    USBD_Get_USB_Status                      0x08006eef   Thumb Code    44  usbd_conf.o(i.USBD_Get_USB_Status)
    USBD_Init                                0x08006f1b   Thumb Code    58  usbd_core.o(i.USBD_Init)
    USBD_LL_ClearStallEP                     0x08006f55   Thumb Code    38  usbd_conf.o(i.USBD_LL_ClearStallEP)
    USBD_LL_CloseEP                          0x08006f7b   Thumb Code    38  usbd_conf.o(i.USBD_LL_CloseEP)
    USBD_LL_DataInStage                      0x08006fa1   Thumb Code   226  usbd_core.o(i.USBD_LL_DataInStage)
    USBD_LL_DataOutStage                     0x08007083   Thumb Code   142  usbd_core.o(i.USBD_LL_DataOutStage)
    USBD_LL_DevConnected                     0x08007111   Thumb Code     6  usbd_core.o(i.USBD_LL_DevConnected)
    USBD_LL_DevDisconnected                  0x08007117   Thumb Code    32  usbd_core.o(i.USBD_LL_DevDisconnected)
    USBD_LL_GetRxDataSize                    0x08007137   Thumb Code    18  usbd_conf.o(i.USBD_LL_GetRxDataSize)
    USBD_LL_Init                             0x08007149   Thumb Code   100  usbd_conf.o(i.USBD_LL_Init)
    USBD_LL_IsStallEP                        0x080071b5   Thumb Code    56  usbd_conf.o(i.USBD_LL_IsStallEP)
    USBD_LL_IsoINIncomplete                  0x080071ed   Thumb Code    48  usbd_core.o(i.USBD_LL_IsoINIncomplete)
    USBD_LL_IsoOUTIncomplete                 0x0800721d   Thumb Code    48  usbd_core.o(i.USBD_LL_IsoOUTIncomplete)
    USBD_LL_OpenEP                           0x0800724d   Thumb Code    48  usbd_conf.o(i.USBD_LL_OpenEP)
    USBD_LL_PrepareReceive                   0x0800727d   Thumb Code    48  usbd_conf.o(i.USBD_LL_PrepareReceive)
    USBD_LL_Reset                            0x080072ad   Thumb Code   108  usbd_core.o(i.USBD_LL_Reset)
    USBD_LL_Resume                           0x08007319   Thumb Code    22  usbd_core.o(i.USBD_LL_Resume)
    USBD_LL_SOF                              0x0800732f   Thumb Code    44  usbd_core.o(i.USBD_LL_SOF)
    USBD_LL_SetSpeed                         0x0800735b   Thumb Code     8  usbd_core.o(i.USBD_LL_SetSpeed)
    USBD_LL_SetUSBAddress                    0x08007363   Thumb Code    38  usbd_conf.o(i.USBD_LL_SetUSBAddress)
    USBD_LL_SetupStage                       0x08007389   Thumb Code   118  usbd_core.o(i.USBD_LL_SetupStage)
    USBD_LL_StallEP                          0x080073ff   Thumb Code    38  usbd_conf.o(i.USBD_LL_StallEP)
    USBD_LL_Start                            0x08007425   Thumb Code    30  usbd_conf.o(i.USBD_LL_Start)
    USBD_LL_Suspend                          0x08007443   Thumb Code    20  usbd_core.o(i.USBD_LL_Suspend)
    USBD_LL_Transmit                         0x08007457   Thumb Code    48  usbd_conf.o(i.USBD_LL_Transmit)
    USBD_ParseSetupRequest                   0x08007487   Thumb Code    54  usbd_ctlreq.o(i.USBD_ParseSetupRequest)
    USBD_RegisterClass                       0x080074bd   Thumb Code    46  usbd_core.o(i.USBD_RegisterClass)
    USBD_RunTestMode                         0x080074eb   Thumb Code     6  usbd_core.o(i.USBD_RunTestMode)
    USBD_SetClassConfig                      0x0800754b   Thumb Code    32  usbd_core.o(i.USBD_SetClassConfig)
    USBD_Start                               0x08007681   Thumb Code    12  usbd_core.o(i.USBD_Start)
    USBD_StdDevReq                           0x0800768d   Thumb Code   166  usbd_ctlreq.o(i.USBD_StdDevReq)
    USBD_StdEPReq                            0x08007733   Thumb Code   556  usbd_ctlreq.o(i.USBD_StdEPReq)
    USBD_StdItfReq                           0x0800795f   Thumb Code   126  usbd_ctlreq.o(i.USBD_StdItfReq)
    USBD_static_free                         0x080079dd   Thumb Code     2  usbd_conf.o(i.USBD_static_free)
    USBD_static_malloc                       0x080079e1   Thumb Code     6  usbd_conf.o(i.USBD_static_malloc)
    USB_ActivateEndpoint                     0x080079ed   Thumb Code   202  stm32h7xx_ll_usb.o(i.USB_ActivateEndpoint)
    USB_ActivateSetup                        0x08007abd   Thumb Code    40  stm32h7xx_ll_usb.o(i.USB_ActivateSetup)
    USB_CoreInit                             0x08007ae5   Thumb Code   142  stm32h7xx_ll_usb.o(i.USB_CoreInit)
    USB_DeactivateEndpoint                   0x08007bd1   Thumb Code   318  stm32h7xx_ll_usb.o(i.USB_DeactivateEndpoint)
    USB_DevConnect                           0x08007d1d   Thumb Code    36  stm32h7xx_ll_usb.o(i.USB_DevConnect)
    USB_DevDisconnect                        0x08007d41   Thumb Code    36  stm32h7xx_ll_usb.o(i.USB_DevDisconnect)
    USB_DevInit                              0x08007d65   Thumb Code   464  stm32h7xx_ll_usb.o(i.USB_DevInit)
    USB_DisableGlobalInt                     0x08007f3d   Thumb Code    14  stm32h7xx_ll_usb.o(i.USB_DisableGlobalInt)
    USB_EP0StartXfer                         0x08007f4d   Thumb Code   468  stm32h7xx_ll_usb.o(i.USB_EP0StartXfer)
    USB_EP0_OutStart                         0x08008125   Thumb Code   106  stm32h7xx_ll_usb.o(i.USB_EP0_OutStart)
    USB_EPClearStall                         0x08008195   Thumb Code   142  stm32h7xx_ll_usb.o(i.USB_EPClearStall)
    USB_EPSetStall                           0x08008223   Thumb Code   154  stm32h7xx_ll_usb.o(i.USB_EPSetStall)
    USB_EPStartXfer                          0x080082bd   Thumb Code   832  stm32h7xx_ll_usb.o(i.USB_EPStartXfer)
    USB_EnableGlobalInt                      0x08008601   Thumb Code    14  stm32h7xx_ll_usb.o(i.USB_EnableGlobalInt)
    USB_FlushRxFifo                          0x08008611   Thumb Code    76  stm32h7xx_ll_usb.o(i.USB_FlushRxFifo)
    USB_FlushTxFifo                          0x08008661   Thumb Code    80  stm32h7xx_ll_usb.o(i.USB_FlushTxFifo)
    USB_GetDevSpeed                          0x080086b5   Thumb Code    38  stm32h7xx_ll_usb.o(i.USB_GetDevSpeed)
    USB_GetMode                              0x080086db   Thumb Code    10  stm32h7xx_ll_usb.o(i.USB_GetMode)
    USB_ReadDevAllInEpInterrupt              0x080086e5   Thumb Code    20  stm32h7xx_ll_usb.o(i.USB_ReadDevAllInEpInterrupt)
    USB_ReadDevAllOutEpInterrupt             0x080086f9   Thumb Code    20  stm32h7xx_ll_usb.o(i.USB_ReadDevAllOutEpInterrupt)
    USB_ReadDevInEPInterrupt                 0x0800870d   Thumb Code    50  stm32h7xx_ll_usb.o(i.USB_ReadDevInEPInterrupt)
    USB_ReadDevOutEPInterrupt                0x0800873f   Thumb Code    26  stm32h7xx_ll_usb.o(i.USB_ReadDevOutEPInterrupt)
    USB_ReadInterrupts                       0x08008759   Thumb Code    10  stm32h7xx_ll_usb.o(i.USB_ReadInterrupts)
    USB_ReadPacket                           0x08008763   Thumb Code    96  stm32h7xx_ll_usb.o(i.USB_ReadPacket)
    USB_SetCurrentMode                       0x080087c3   Thumb Code   104  stm32h7xx_ll_usb.o(i.USB_SetCurrentMode)
    USB_SetDevAddress                        0x0800882b   Thumb Code    42  stm32h7xx_ll_usb.o(i.USB_SetDevAddress)
    USB_SetDevSpeed                          0x08008855   Thumb Code    18  stm32h7xx_ll_usb.o(i.USB_SetDevSpeed)
    USB_SetTurnaroundTime                    0x08008869   Thumb Code   192  stm32h7xx_ll_usb.o(i.USB_SetTurnaroundTime)
    USB_WritePacket                          0x08008951   Thumb Code    68  stm32h7xx_ll_usb.o(i.USB_WritePacket)
    UsageFault_Handler                       0x08008995   Thumb Code     4  stm32h7xx_it.o(i.UsageFault_Handler)
    main                                     0x080089e5   Thumb Code   160  main.o(i.main)
    osDelay                                  0x08008af3   Thumb Code    24  cmsis_os.o(i.osDelay)
    osKernelStart                            0x08008b0b   Thumb Code    10  cmsis_os.o(i.osKernelStart)
    osThreadCreate                           0x08008b15   Thumb Code    94  cmsis_os.o(i.osThreadCreate)
    prvIsValidCommand                        0x08009125   Thumb Code    68  trcstreamingrecorder.o(i.prvIsValidCommand)
    prvPagedEventBufferGetWritePointer       0x080091c9   Thumb Code   230  trcinternalbuffer.o(i.prvPagedEventBufferGetWritePointer)
    prvPagedEventBufferInit                  0x080092c1   Thumb Code    96  trcinternalbuffer.o(i.prvPagedEventBufferInit)
    prvPagedEventBufferTransfer              0x08009331   Thumb Code    90  trcinternalbuffer.o(i.prvPagedEventBufferTransfer)
    prvProcessCommand                        0x08009391   Thumb Code    24  trcstreamingrecorder.o(i.prvProcessCommand)
    prvTraceError                            0x08009481   Thumb Code    76  trcstreamingrecorder.o(i.prvTraceError)
    prvTraceGetCurrentTask                   0x080094fd   Thumb Code     6  trcstreamingrecorder.o(i.prvTraceGetCurrentTask)
    prvTraceGetCurrentTaskHandle             0x08009509   Thumb Code     8  trckernelport.o(i.prvTraceGetCurrentTaskHandle)
    prvTraceGetTaskNumberHigh16              0x080097d9   Thumb Code    20  trckernelport.o(i.prvTraceGetTaskNumberHigh16)
    prvTraceInitCortexM                      0x080097ed   Thumb Code    76  trcstreamingrecorder.o(i.prvTraceInitCortexM)
    prvTraceSaveObjectData                   0x08009849   Thumb Code   124  trcstreamingrecorder.o(i.prvTraceSaveObjectData)
    prvTraceSaveObjectSymbol                 0x080098d1   Thumb Code   128  trcstreamingrecorder.o(i.prvTraceSaveObjectSymbol)
    prvTraceSaveSymbol                       0x08009961   Thumb Code    54  trcstreamingrecorder.o(i.prvTraceSaveSymbol)
    prvTraceSetCurrentTask                   0x080099a1   Thumb Code     6  trcstreamingrecorder.o(i.prvTraceSetCurrentTask)
    prvTraceSetTaskNumberHigh16              0x080099ad   Thumb Code    28  trckernelport.o(i.prvTraceSetTaskNumberHigh16)
    prvTraceStoreEvent1                      0x080099c9   Thumb Code    94  trcstreamingrecorder.o(i.prvTraceStoreEvent1)
    prvTraceStoreEvent2                      0x08009a31   Thumb Code    98  trcstreamingrecorder.o(i.prvTraceStoreEvent2)
    prvTraceStoreSimpleStringEventHelper     0x08009bbd   Thumb Code   256  trcstreamingrecorder.o(i.prvTraceStoreSimpleStringEventHelper)
    prvTraceStoreStringEvent                 0x08009d45   Thumb Code    58  trcstreamingrecorder.o(i.prvTraceStoreStringEvent)
    prvTraceWarning                          0x08009f3d   Thumb Code    60  trcstreamingrecorder.o(i.prvTraceWarning)
    pvPortMalloc                             0x08009f81   Thumb Code   382  heap_4.o(i.pvPortMalloc)
    pxPortInitialiseStack                    0x0800a125   Thumb Code    38  port.o(i.pxPortInitialiseStack)
    tfLed                                    0x0800a151   Thumb Code    66  main.o(i.tfLed)
    tfUart                                   0x0800a1bd   Thumb Code    62  main.o(i.tfUart)
    trcCDCInit                               0x0800a235   Thumb Code    22  trcstreamingport.o(i.trcCDCInit)
    trcCDCReceive                            0x0800a259   Thumb Code   106  trcstreamingport.o(i.trcCDCReceive)
    trcCDCTransmit                           0x0800a2c9   Thumb Code    72  trcstreamingport.o(i.trcCDCTransmit)
    uxListRemove                             0x0800a315   Thumb Code    40  list.o(i.uxListRemove)
    uxTaskGetTaskNumber                      0x0800a33d   Thumb Code    14  tasks.o(i.uxTaskGetTaskNumber)
    vApplicationGetIdleTaskMemory            0x0800a34d   Thumb Code    14  freertos.o(i.vApplicationGetIdleTaskMemory)
    vListInitialise                          0x0800a365   Thumb Code    26  list.o(i.vListInitialise)
    vListInitialiseItem                      0x0800a37f   Thumb Code     6  list.o(i.vListInitialiseItem)
    vListInsert                              0x0800a385   Thumb Code    52  list.o(i.vListInsert)
    vListInsertEnd                           0x0800a3b9   Thumb Code    24  list.o(i.vListInsertEnd)
    vPortEnterCritical                       0x0800a3d1   Thumb Code    76  port.o(i.vPortEnterCritical)
    vPortExitCritical                        0x0800a425   Thumb Code    56  port.o(i.vPortExitCritical)
    vPortFree                                0x0800a461   Thumb Code   196  heap_4.o(i.vPortFree)
    vPortSetupTimerInterrupt                 0x0800a539   Thumb Code    36  port.o(i.vPortSetupTimerInterrupt)
    vTaskDelay                               0x0800a561   Thumb Code   108  tasks.o(i.vTaskDelay)
    vTaskDelayUntil                          0x0800a5d9   Thumb Code   226  tasks.o(i.vTaskDelayUntil)
    vTaskSetTaskNumber                       0x0800a6cd   Thumb Code     8  tasks.o(i.vTaskSetTaskNumber)
    vTaskStartScheduler                      0x0800a6d5   Thumb Code   212  tasks.o(i.vTaskStartScheduler)
    vTaskSuspendAll                          0x0800a7d1   Thumb Code    12  tasks.o(i.vTaskSuspendAll)
    vTaskSwitchContext                       0x0800a7e1   Thumb Code   184  tasks.o(i.vTaskSwitchContext)
    vTraceEnable                             0x0800a8b5   Thumb Code   194  trckernelport.o(i.vTraceEnable)
    vTraceInitialize                         0x0800a9a1   Thumb Code   168  trcstreamingrecorder.o(i.vTraceInitialize)
    vTracePrintF                             0x0800aaa5   Thumb Code    30  trcstreamingrecorder.o(i.vTracePrintF)
    vTraceStop                               0x0800aac3   Thumb Code    10  trcstreamingrecorder.o(i.vTraceStop)
    vTraceVPrintF                            0x0800aacd   Thumb Code   108  trcstreamingrecorder.o(i.vTraceVPrintF)
    xPortStartScheduler                      0x0800ab39   Thumb Code   372  port.o(i.xPortStartScheduler)
    xTaskCreate                              0x0800acc9   Thumb Code   100  tasks.o(i.xTaskCreate)
    xTaskCreateStatic                        0x0800ad2d   Thumb Code   186  tasks.o(i.xTaskCreateStatic)
    xTaskGetCurrentTaskHandle                0x0800ade9   Thumb Code     6  tasks.o(i.xTaskGetCurrentTaskHandle)
    xTaskGetTickCount                        0x0800adf5   Thumb Code     6  tasks.o(i.xTaskGetTickCount)
    xTaskIncrementTick                       0x0800ae01   Thumb Code   346  tasks.o(i.xTaskIncrementTick)
    xTaskResumeAll                           0x0800af91   Thumb Code   246  tasks.o(i.xTaskResumeAll)
    xTraceIsRecordingEnabled                 0x0800b0b1   Thumb Code     6  trcstreamingrecorder.o(i.xTraceIsRecordingEnabled)
    xTraceRegisterString                     0x0800b0bd   Thumb Code    46  trcstreamingrecorder.o(i.xTraceRegisterString)
    _fp_init                                 0x0800b0eb   Thumb Code    10  fpinit.o(x$fpl$fpinit)
    __fplib_config_fpu_vfp                   0x0800b0f3   Thumb Code     0  fpinit.o(x$fpl$fpinit)
    __fplib_config_pureend_doubles           0x0800b0f3   Thumb Code     0  fpinit.o(x$fpl$fpinit)
    UARTPrescTable                           0x0800b118   Data          24  stm32h7xx_hal_uart.o(.constdata)
    D1CorePrescTable                         0x0800b140   Data          16  system_stm32h7xx.o(.constdata)
    Region$$Table$$Base                      0x0800b15c   Number         0  anon$$obj.o(Region$$Table)
    Region$$Table$$Limit                     0x0800b17c   Number         0  anon$$obj.o(Region$$Table)
    defaultTaskHandle                        0x24000020   Data           4  freertos.o(.data)
    uwTick                                   0x24000024   Data           4  stm32h7xx_hal.o(.data)
    uwTickPrio                               0x24000028   Data           4  stm32h7xx_hal.o(.data)
    uwTickFreq                               0x2400002c   Data           1  stm32h7xx_hal.o(.data)
    SystemCoreClock                          0x24000030   Data           4  system_stm32h7xx.o(.data)
    SystemD2Clock                            0x24000034   Data           4  system_stm32h7xx.o(.data)
    pxCurrentTCB                             0x24000038   Data           4  tasks.o(.data)
    trcWarningChannel                        0x240000a8   Data           4  trckernelport.o(.data)
    PSFExtensionInfo                         0x240000bc   Data           4  trcstreamingrecorder.o(.data)
    trcHeapCounter                           0x240000d4   Data           4  trcstreamingrecorder.o(.data)
    trcHeapMax                               0x240000d8   Data           4  trcstreamingrecorder.o(.data)
    isPendingContextSwitch                   0x240000f0   Data           4  trcstreamingrecorder.o(.data)
    uiTraceTickCount                         0x240000f4   Data           4  trcstreamingrecorder.o(.data)
    timestampFrequency                       0x240000f8   Data           4  trcstreamingrecorder.o(.data)
    DroppedEventCounter                      0x240000fc   Data           4  trcstreamingrecorder.o(.data)
    NoRoomForSymbol                          0x24000100   Data           4  trcstreamingrecorder.o(.data)
    NoRoomForObjectData                      0x24000104   Data           4  trcstreamingrecorder.o(.data)
    LongestSymbolName                        0x24000108   Data           4  trcstreamingrecorder.o(.data)
    MaxBytesTruncated                        0x2400010c   Data           4  trcstreamingrecorder.o(.data)
    CurrentFilterMask                        0x24000110   Data           2  trcstreamingrecorder.o(.data)
    CurrentFilterGroup                       0x24000112   Data           2  trcstreamingrecorder.o(.data)
    uiTraceSystemState                       0x24000114   Data           4  trcstreamingrecorder.o(.data)
    RecorderEnabled                          0x24000118   Data           4  trcstreamingrecorder.o(.data)
    RecorderInitialized                      0x2400011c   Data           4  trcstreamingrecorder.o(.data)
    EventBuffer                              0x24000124   Data           4  trcinternalbuffer.o(.data)
    TotalBytesRemaining_LowWaterMark         0x24000128   Data           4  trcinternalbuffer.o(.data)
    TotalBytesRemaining                      0x2400012c   Data           4  trcinternalbuffer.o(.data)
    FS_Desc                                  0x24000140   Data          28  usbd_desc.o(.data)
    USBD_FS_DeviceDesc                       0x2400015c   Data          18  usbd_desc.o(.data)
    USBD_LangIDDesc                          0x24000170   Data           4  usbd_desc.o(.data)
    USBD_StringSerial                        0x24000174   Data          26  usbd_desc.o(.data)
    USBD_Interface_fops_FS                   0x24000190   Data          20  usbd_cdc_if.o(.data)
    USBD_CDC                                 0x240001b4   Data          56  usbd_cdc.o(.data)
    defaultTaskBuffer                        0x240002b8   Data         512  freertos.o(.bss)
    defaultTaskControlBlock                  0x240004b8   Data          92  freertos.o(.bss)
    huart3                                   0x24000770   Data         144  usart.o(.bss)
    hdma_usart3_rx                           0x24000800   Data         120  usart.o(.bss)
    hdma_usart3_tx                           0x24000878   Data         120  usart.o(.bss)
    htim2                                    0x240008f0   Data          76  stm32h7xx_hal_timebase_tim.o(.bss)
    _TzTraceData                             0x24004a88   Data        5000  trckernelport.o(.bss)
    PageInfo                                 0x240064b4   Data          80  trcinternalbuffer.o(.bss)
    commandBuffer                            0x24006504   Data          68  trcstreamingport.o(.bss)
    hUsbDeviceFS                             0x24006548   Data         720  usb_device.o(.bss)
    USBD_StrDesc                             0x24006818   Data         512  usbd_desc.o(.bss)
    UserRxBufferFS                           0x24006a18   Data        2048  usbd_cdc_if.o(.bss)
    UserTxBufferFS                           0x24007218   Data        2048  usbd_cdc_if.o(.bss)
    hpcd_USB_OTG_FS                          0x24007a18   Data        1032  usbd_conf.o(.bss)
    __libspace_start                         0x24008040   Data          96  libspace.o(.bss)
    __temporary_stack_top$libspace           0x240080a0   Data           0  libspace.o(.bss)



==============================================================================

Memory Map of the image

  Image Entry point : 0x08000299

  Load Region LR_IROM1 (Base: 0x08000000, Size: 0x0000b434, Max: 0x00200000, ABSOLUTE, COMPRESSED[0x0000b25c])

    Execution Region ER_IROM1 (Exec base: 0x08000000, Load base: 0x08000000, Size: 0x0000b17c, Max: 0x00200000, ABSOLUTE)

    Exec Addr    Load Addr    Size         Type   Attr      Idx    E Section Name        Object

    0x08000000   0x08000000   0x00000298   Data   RO            3    RESET               startup_stm32h743xx.o
    0x08000298   0x08000298   0x00000008   Code   RO         8278  * !!!main             c_w.l(__main.o)
    0x080002a0   0x080002a0   0x00000034   Code   RO         8617    !!!scatter          c_w.l(__scatter.o)
    0x080002d4   0x080002d4   0x0000005a   Code   RO         8615    !!dczerorl2         c_w.l(__dczerorl2.o)
    0x0800032e   0x0800032e   0x00000002   PAD
    0x08000330   0x08000330   0x0000001c   Code   RO         8619    !!handler_zi        c_w.l(__scatter_zi.o)
    0x0800034c   0x0800034c   0x00000002   Code   RO         8473    .ARM.Collect$$libinit$$00000000  c_w.l(libinit.o)
    0x0800034e   0x0800034e   0x00000004   Code   RO         8495    .ARM.Collect$$libinit$$00000001  c_w.l(libinit2.o)
    0x08000352   0x08000352   0x00000000   Code   RO         8498    .ARM.Collect$$libinit$$00000004  c_w.l(libinit2.o)
    0x08000352   0x08000352   0x00000000   Code   RO         8501    .ARM.Collect$$libinit$$0000000A  c_w.l(libinit2.o)
    0x08000352   0x08000352   0x00000000   Code   RO         8503    .ARM.Collect$$libinit$$0000000C  c_w.l(libinit2.o)
    0x08000352   0x08000352   0x00000000   Code   RO         8505    .ARM.Collect$$libinit$$0000000E  c_w.l(libinit2.o)
    0x08000352   0x08000352   0x00000000   Code   RO         8508    .ARM.Collect$$libinit$$00000011  c_w.l(libinit2.o)
    0x08000352   0x08000352   0x00000000   Code   RO         8510    .ARM.Collect$$libinit$$00000013  c_w.l(libinit2.o)
    0x08000352   0x08000352   0x00000000   Code   RO         8512    .ARM.Collect$$libinit$$00000015  c_w.l(libinit2.o)
    0x08000352   0x08000352   0x00000000   Code   RO         8514    .ARM.Collect$$libinit$$00000017  c_w.l(libinit2.o)
    0x08000352   0x08000352   0x00000000   Code   RO         8516    .ARM.Collect$$libinit$$00000019  c_w.l(libinit2.o)
    0x08000352   0x08000352   0x00000000   Code   RO         8518    .ARM.Collect$$libinit$$0000001B  c_w.l(libinit2.o)
    0x08000352   0x08000352   0x00000000   Code   RO         8520    .ARM.Collect$$libinit$$0000001D  c_w.l(libinit2.o)
    0x08000352   0x08000352   0x00000000   Code   RO         8522    .ARM.Collect$$libinit$$0000001F  c_w.l(libinit2.o)
    0x08000352   0x08000352   0x00000000   Code   RO         8524    .ARM.Collect$$libinit$$00000021  c_w.l(libinit2.o)
    0x08000352   0x08000352   0x00000000   Code   RO         8526    .ARM.Collect$$libinit$$00000023  c_w.l(libinit2.o)
    0x08000352   0x08000352   0x00000000   Code   RO         8528    .ARM.Collect$$libinit$$00000025  c_w.l(libinit2.o)
    0x08000352   0x08000352   0x00000000   Code   RO         8532    .ARM.Collect$$libinit$$0000002C  c_w.l(libinit2.o)
    0x08000352   0x08000352   0x00000000   Code   RO         8534    .ARM.Collect$$libinit$$0000002E  c_w.l(libinit2.o)
    0x08000352   0x08000352   0x00000000   Code   RO         8536    .ARM.Collect$$libinit$$00000030  c_w.l(libinit2.o)
    0x08000352   0x08000352   0x00000000   Code   RO         8538    .ARM.Collect$$libinit$$00000032  c_w.l(libinit2.o)
    0x08000352   0x08000352   0x00000002   Code   RO         8539    .ARM.Collect$$libinit$$00000033  c_w.l(libinit2.o)
    0x08000354   0x08000354   0x00000002   Code   RO         8570    .ARM.Collect$$libshutdown$$00000000  c_w.l(libshutdown.o)
    0x08000356   0x08000356   0x00000000   Code   RO         8596    .ARM.Collect$$libshutdown$$00000002  c_w.l(libshutdown2.o)
    0x08000356   0x08000356   0x00000000   Code   RO         8598    .ARM.Collect$$libshutdown$$00000004  c_w.l(libshutdown2.o)
    0x08000356   0x08000356   0x00000000   Code   RO         8600    .ARM.Collect$$libshutdown$$00000006  c_w.l(libshutdown2.o)
    0x08000356   0x08000356   0x00000000   Code   RO         8603    .ARM.Collect$$libshutdown$$00000009  c_w.l(libshutdown2.o)
    0x08000356   0x08000356   0x00000000   Code   RO         8606    .ARM.Collect$$libshutdown$$0000000C  c_w.l(libshutdown2.o)
    0x08000356   0x08000356   0x00000000   Code   RO         8608    .ARM.Collect$$libshutdown$$0000000E  c_w.l(libshutdown2.o)
    0x08000356   0x08000356   0x00000000   Code   RO         8611    .ARM.Collect$$libshutdown$$00000011  c_w.l(libshutdown2.o)
    0x08000356   0x08000356   0x00000002   Code   RO         8612    .ARM.Collect$$libshutdown$$00000012  c_w.l(libshutdown2.o)
    0x08000358   0x08000358   0x00000000   Code   RO         8280    .ARM.Collect$$rtentry$$00000000  c_w.l(__rtentry.o)
    0x08000358   0x08000358   0x00000000   Code   RO         8389    .ARM.Collect$$rtentry$$00000002  c_w.l(__rtentry2.o)
    0x08000358   0x08000358   0x00000006   Code   RO         8401    .ARM.Collect$$rtentry$$00000004  c_w.l(__rtentry4.o)
    0x0800035e   0x0800035e   0x00000000   Code   RO         8391    .ARM.Collect$$rtentry$$00000009  c_w.l(__rtentry2.o)
    0x0800035e   0x0800035e   0x00000004   Code   RO         8392    .ARM.Collect$$rtentry$$0000000A  c_w.l(__rtentry2.o)
    0x08000362   0x08000362   0x00000000   Code   RO         8394    .ARM.Collect$$rtentry$$0000000C  c_w.l(__rtentry2.o)
    0x08000362   0x08000362   0x00000008   Code   RO         8395    .ARM.Collect$$rtentry$$0000000D  c_w.l(__rtentry2.o)
    0x0800036a   0x0800036a   0x00000002   Code   RO         8482    .ARM.Collect$$rtexit$$00000000  c_w.l(rtexit.o)
    0x0800036c   0x0800036c   0x00000000   Code   RO         8543    .ARM.Collect$$rtexit$$00000002  c_w.l(rtexit2.o)
    0x0800036c   0x0800036c   0x00000004   Code   RO         8544    .ARM.Collect$$rtexit$$00000003  c_w.l(rtexit2.o)
    0x08000370   0x08000370   0x00000006   Code   RO         8545    .ARM.Collect$$rtexit$$00000004  c_w.l(rtexit2.o)
    0x08000376   0x08000376   0x00000002   PAD
    0x08000378   0x08000378   0x000000be   Code   RO         6735    .emb_text           port.o
    0x08000436   0x08000436   0x00000002   PAD
    0x08000438   0x08000438   0x00000040   Code   RO            4    .text               startup_stm32h743xx.o
    0x08000478   0x08000478   0x000000ee   Code   RO         8262    .text               c_w.l(lludivv7m.o)
    0x08000566   0x08000566   0x0000008a   Code   RO         8266    .text               c_w.l(rt_memcpy_v6.o)
    0x080005f0   0x080005f0   0x00000064   Code   RO         8268    .text               c_w.l(rt_memcpy_w.o)
    0x08000654   0x08000654   0x00000010   Code   RO         8272    .text               c_w.l(aeabi_memset.o)
    0x08000664   0x08000664   0x0000004e   Code   RO         8274    .text               c_w.l(rt_memclr_w.o)
    0x080006b2   0x080006b2   0x00000006   Code   RO         8276    .text               c_w.l(heapauxi.o)
    0x080006b8   0x080006b8   0x00000044   Code   RO         8378    .text               c_w.l(rt_memclr.o)
    0x080006fc   0x080006fc   0x0000004a   Code   RO         8423    .text               c_w.l(sys_stackheap_outer.o)
    0x08000746   0x08000746   0x00000012   Code   RO         8462    .text               c_w.l(exit.o)
    0x08000758   0x08000758   0x00000008   Code   RO         8479    .text               c_w.l(libspace.o)
    0x08000760   0x08000760   0x0000000c   Code   RO         8540    .text               c_w.l(sys_exit.o)
    0x0800076c   0x0800076c   0x00000002   Code   RO         8559    .text               c_w.l(use_no_semi.o)
    0x0800076e   0x0800076e   0x00000000   Code   RO         8561    .text               c_w.l(indicate_semi.o)
    0x0800076e   0x0800076e   0x00000004   Code   RO          447    i.BusFault_Handler  stm32h7xx_it.o
    0x08000772   0x08000772   0x00000044   Code   RO         7569    i.CDC_Control_FS    usbd_cdc_if.o
    0x080007b6   0x080007b6   0x00000004   Code   RO         7570    i.CDC_DeInit_FS     usbd_cdc_if.o
    0x080007ba   0x080007ba   0x00000002   PAD
    0x080007bc   0x080007bc   0x00000024   Code   RO         7571    i.CDC_Init_FS       usbd_cdc_if.o
    0x080007e0   0x080007e0   0x0000001c   Code   RO         7572    i.CDC_Receive_FS    usbd_cdc_if.o
    0x080007fc   0x080007fc   0x0000003c   Code   RO         7395    i.CDC_Receive_FS_modified  trcstreamingport.o
    0x08000838   0x08000838   0x0000000c   Code   RO         7573    i.CDC_TransmitCplt_FS  usbd_cdc_if.o
    0x08000844   0x08000844   0x00000038   Code   RO         7574    i.CDC_Transmit_FS   usbd_cdc_if.o
    0x0800087c   0x0800087c   0x00000010   Code   RO          448    i.DMA1_Stream0_IRQHandler  stm32h7xx_it.o
    0x0800088c   0x0800088c   0x00000010   Code   RO          449    i.DMA1_Stream1_IRQHandler  stm32h7xx_it.o
    0x0800089c   0x0800089c   0x000000ec   Code   RO         1924    i.DMA_CalcBaseAndBitshift  stm32h7xx_hal_dma.o
    0x08000988   0x08000988   0x000000c4   Code   RO         1925    i.DMA_CalcDMAMUXChannelBaseAndMask  stm32h7xx_hal_dma.o
    0x08000a4c   0x08000a4c   0x00000098   Code   RO         1926    i.DMA_CalcDMAMUXRequestGenBaseAndMask  stm32h7xx_hal_dma.o
    0x08000ae4   0x08000ae4   0x000000ae   Code   RO         1927    i.DMA_CheckFifoParam  stm32h7xx_hal_dma.o
    0x08000b92   0x08000b92   0x00000002   Code   RO          450    i.DebugMon_Handler  stm32h7xx_it.o
    0x08000b94   0x08000b94   0x00000006   Code   RO           13    i.Error_Handler     main.o
    0x08000b9a   0x08000b9a   0x00000002   PAD
    0x08000b9c   0x08000b9c   0x00000034   Code   RO         7479    i.Get_SerialNum     usbd_desc.o
    0x08000bd0   0x08000bd0   0x00000af8   Code   RO         1934    i.HAL_DMA_IRQHandler  stm32h7xx_hal_dma.o
    0x080016c8   0x080016c8   0x00000520   Code   RO         1935    i.HAL_DMA_Init      stm32h7xx_hal_dma.o
    0x08001be8   0x08001be8   0x00000028   Code   RO         2784    i.HAL_Delay         stm32h7xx_hal.o
    0x08001c10   0x08001c10   0x000001fc   Code   RO         1777    i.HAL_GPIO_Init     stm32h7xx_hal_gpio.o
    0x08001e0c   0x08001e0c   0x00000014   Code   RO         1780    i.HAL_GPIO_TogglePin  stm32h7xx_hal_gpio.o
    0x08001e20   0x08001e20   0x0000000c   Code   RO         1781    i.HAL_GPIO_WritePin  stm32h7xx_hal_gpio.o
    0x08001e2c   0x08001e2c   0x0000000c   Code   RO         2795    i.HAL_GetREVID      stm32h7xx_hal.o
    0x08001e38   0x08001e38   0x0000000c   Code   RO         2796    i.HAL_GetTick       stm32h7xx_hal.o
    0x08001e44   0x08001e44   0x00000018   Code   RO         2802    i.HAL_IncTick       stm32h7xx_hal.o
    0x08001e5c   0x08001e5c   0x00000060   Code   RO         2803    i.HAL_Init          stm32h7xx_hal.o
    0x08001ebc   0x08001ebc   0x000000a0   Code   RO          553    i.HAL_InitTick      stm32h7xx_hal_timebase_tim.o
    0x08001f5c   0x08001f5c   0x00000030   Code   RO          529    i.HAL_MspInit       stm32h7xx_hal_msp.o
    0x08001f8c   0x08001f8c   0x00000028   Code   RO         2637    i.HAL_NVIC_EnableIRQ  stm32h7xx_hal_cortex.o
    0x08001fb4   0x08001fb4   0x0000007a   Code   RO         2643    i.HAL_NVIC_SetPriority  stm32h7xx_hal_cortex.o
    0x0800202e   0x0800202e   0x00000002   PAD
    0x08002030   0x08002030   0x00000028   Code   RO         2644    i.HAL_NVIC_SetPriorityGrouping  stm32h7xx_hal_cortex.o
    0x08002058   0x08002058   0x00000028   Code   RO          830    i.HAL_PCDEx_ActivateLPM  stm32h7xx_hal_pcd_ex.o
    0x08002080   0x08002080   0x00000002   Code   RO          835    i.HAL_PCDEx_LPM_Callback  stm32h7xx_hal_pcd_ex.o
    0x08002082   0x08002082   0x0000000a   Code   RO          836    i.HAL_PCDEx_SetRxFiFo  stm32h7xx_hal_pcd_ex.o
    0x0800208c   0x0800208c   0x0000004e   Code   RO          837    i.HAL_PCDEx_SetTxFiFo  stm32h7xx_hal_pcd_ex.o
    0x080020da   0x080020da   0x0000000e   Code   RO         7630    i.HAL_PCD_ConnectCallback  usbd_conf.o
    0x080020e8   0x080020e8   0x00000020   Code   RO         7631    i.HAL_PCD_DataInStageCallback  usbd_conf.o
    0x08002108   0x08002108   0x00000020   Code   RO         7632    i.HAL_PCD_DataOutStageCallback  usbd_conf.o
    0x08002128   0x08002128   0x0000000e   Code   RO         7633    i.HAL_PCD_DisconnectCallback  usbd_conf.o
    0x08002136   0x08002136   0x0000006a   Code   RO          602    i.HAL_PCD_EP_Close  stm32h7xx_hal_pcd.o
    0x080021a0   0x080021a0   0x0000007c   Code   RO          603    i.HAL_PCD_EP_ClrStall  stm32h7xx_hal_pcd.o
    0x0800221c   0x0800221c   0x00000016   Code   RO          605    i.HAL_PCD_EP_GetRxCount  stm32h7xx_hal_pcd.o
    0x08002232   0x08002232   0x0000008c   Code   RO          606    i.HAL_PCD_EP_Open   stm32h7xx_hal_pcd.o
    0x080022be   0x080022be   0x00000058   Code   RO          607    i.HAL_PCD_EP_Receive  stm32h7xx_hal_pcd.o
    0x08002316   0x08002316   0x0000008a   Code   RO          608    i.HAL_PCD_EP_SetStall  stm32h7xx_hal_pcd.o
    0x080023a0   0x080023a0   0x0000005a   Code   RO          609    i.HAL_PCD_EP_Transmit  stm32h7xx_hal_pcd.o
    0x080023fa   0x080023fa   0x00000590   Code   RO          611    i.HAL_PCD_IRQHandler  stm32h7xx_hal_pcd.o
    0x0800298a   0x0800298a   0x00000012   Code   RO         7634    i.HAL_PCD_ISOINIncompleteCallback  usbd_conf.o
    0x0800299c   0x0800299c   0x00000012   Code   RO         7635    i.HAL_PCD_ISOOUTIncompleteCallback  usbd_conf.o
    0x080029ae   0x080029ae   0x00000172   Code   RO          614    i.HAL_PCD_Init      stm32h7xx_hal_pcd.o
    0x08002b20   0x08002b20   0x000000cc   Code   RO         7637    i.HAL_PCD_MspInit   usbd_conf.o
    0x08002bec   0x08002bec   0x00000030   Code   RO         7638    i.HAL_PCD_ResetCallback  usbd_conf.o
    0x08002c1c   0x08002c1c   0x0000000e   Code   RO         7639    i.HAL_PCD_ResumeCallback  usbd_conf.o
    0x08002c2a   0x08002c2a   0x0000000e   Code   RO         7640    i.HAL_PCD_SOFCallback  usbd_conf.o
    0x08002c38   0x08002c38   0x00000036   Code   RO          620    i.HAL_PCD_SetAddress  stm32h7xx_hal_pcd.o
    0x08002c6e   0x08002c6e   0x00000012   Code   RO         7641    i.HAL_PCD_SetupStageCallback  usbd_conf.o
    0x08002c80   0x08002c80   0x0000004a   Code   RO          623    i.HAL_PCD_Start     stm32h7xx_hal_pcd.o
    0x08002cca   0x08002cca   0x00000002   PAD
    0x08002ccc   0x08002ccc   0x00000034   Code   RO         7642    i.HAL_PCD_SuspendCallback  usbd_conf.o
    0x08002d00   0x08002d00   0x00000060   Code   RO         2378    i.HAL_PWREx_ConfigSupply  stm32h7xx_hal_pwr_ex.o
    0x08002d60   0x08002d60   0x00000014   Code   RO         2395    i.HAL_PWREx_EnableUSBVoltageDetector  stm32h7xx_hal_pwr_ex.o
    0x08002d74   0x08002d74   0x00000024   Code   RO         1328    i.HAL_RCCEx_GetD3PCLK1Freq  stm32h7xx_hal_rcc_ex.o
    0x08002d98   0x08002d98   0x00000230   Code   RO         1330    i.HAL_RCCEx_GetPLL2ClockFreq  stm32h7xx_hal_rcc_ex.o
    0x08002fc8   0x08002fc8   0x00000230   Code   RO         1331    i.HAL_RCCEx_GetPLL3ClockFreq  stm32h7xx_hal_rcc_ex.o
    0x080031f8   0x080031f8   0x00000b64   Code   RO         1337    i.HAL_RCCEx_PeriphCLKConfig  stm32h7xx_hal_rcc_ex.o
    0x08003d5c   0x08003d5c   0x00000320   Code   RO         1213    i.HAL_RCC_ClockConfig  stm32h7xx_hal_rcc.o
    0x0800407c   0x0800407c   0x0000006c   Code   RO         1217    i.HAL_RCC_GetClockConfig  stm32h7xx_hal_rcc.o
    0x080040e8   0x080040e8   0x0000004c   Code   RO         1218    i.HAL_RCC_GetHCLKFreq  stm32h7xx_hal_rcc.o
    0x08004134   0x08004134   0x00000024   Code   RO         1220    i.HAL_RCC_GetPCLK1Freq  stm32h7xx_hal_rcc.o
    0x08004158   0x08004158   0x00000024   Code   RO         1221    i.HAL_RCC_GetPCLK2Freq  stm32h7xx_hal_rcc.o
    0x0800417c   0x0800417c   0x0000022c   Code   RO         1222    i.HAL_RCC_GetSysClockFreq  stm32h7xx_hal_rcc.o
    0x080043a8   0x080043a8   0x00000800   Code   RO         1225    i.HAL_RCC_OscConfig  stm32h7xx_hal_rcc.o
    0x08004ba8   0x08004ba8   0x00000002   Code   RO         4404    i.HAL_TIMEx_Break2Callback  stm32h7xx_hal_tim_ex.o
    0x08004baa   0x08004baa   0x00000002   Code   RO         4405    i.HAL_TIMEx_BreakCallback  stm32h7xx_hal_tim_ex.o
    0x08004bac   0x08004bac   0x00000002   Code   RO         4406    i.HAL_TIMEx_CommutCallback  stm32h7xx_hal_tim_ex.o
    0x08004bae   0x08004bae   0x0000006e   Code   RO         3679    i.HAL_TIM_Base_Init  stm32h7xx_hal_tim.o
    0x08004c1c   0x08004c1c   0x00000002   Code   RO         3681    i.HAL_TIM_Base_MspInit  stm32h7xx_hal_tim.o
    0x08004c1e   0x08004c1e   0x00000002   PAD
    0x08004c20   0x08004c20   0x000000b4   Code   RO         3684    i.HAL_TIM_Base_Start_IT  stm32h7xx_hal_tim.o
    0x08004cd4   0x08004cd4   0x00000002   Code   RO         3713    i.HAL_TIM_IC_CaptureCallback  stm32h7xx_hal_tim.o
    0x08004cd6   0x08004cd6   0x000001b8   Code   RO         3727    i.HAL_TIM_IRQHandler  stm32h7xx_hal_tim.o
    0x08004e8e   0x08004e8e   0x00000002   Code   RO         3730    i.HAL_TIM_OC_DelayElapsedCallback  stm32h7xx_hal_tim.o
    0x08004e90   0x08004e90   0x00000002   Code   RO         3757    i.HAL_TIM_PWM_PulseFinishedCallback  stm32h7xx_hal_tim.o
    0x08004e92   0x08004e92   0x00000012   Code   RO           14    i.HAL_TIM_PeriodElapsedCallback  main.o
    0x08004ea4   0x08004ea4   0x00000002   Code   RO         3770    i.HAL_TIM_TriggerCallback  stm32h7xx_hal_tim.o
    0x08004ea6   0x08004ea6   0x0000004e   Code   RO         5120    i.HAL_UARTEx_DisableFifoMode  stm32h7xx_hal_uart_ex.o
    0x08004ef4   0x08004ef4   0x0000005e   Code   RO         5128    i.HAL_UARTEx_SetRxFifoThreshold  stm32h7xx_hal_uart_ex.o
    0x08004f52   0x08004f52   0x0000005e   Code   RO         5129    i.HAL_UARTEx_SetTxFifoThreshold  stm32h7xx_hal_uart_ex.o
    0x08004fb0   0x08004fb0   0x00000078   Code   RO         4724    i.HAL_UART_Init     stm32h7xx_hal_uart.o
    0x08005028   0x08005028   0x0000011c   Code   RO          406    i.HAL_UART_MspInit  usart.o
    0x08005144   0x08005144   0x000000d6   Code   RO         4733    i.HAL_UART_Transmit  stm32h7xx_hal_uart.o
    0x0800521a   0x0800521a   0x00000004   Code   RO          451    i.HardFault_Handler  stm32h7xx_it.o
    0x0800521e   0x0800521e   0x0000003e   Code   RO         7480    i.IntToUnicode      usbd_desc.o
    0x0800525c   0x0800525c   0x00000044   Code   RO          381    i.MX_DMA_Init       dma.o
    0x080052a0   0x080052a0   0x00000028   Code   RO          331    i.MX_FREERTOS_Init  freertos.o
    0x080052c8   0x080052c8   0x000000cc   Code   RO          307    i.MX_GPIO_Init      gpio.o
    0x08005394   0x08005394   0x0000006c   Code   RO          407    i.MX_USART3_UART_Init  usart.o
    0x08005400   0x08005400   0x00000050   Code   RO         7440    i.MX_USB_DEVICE_Init  usb_device.o
    0x08005450   0x08005450   0x00000004   Code   RO          452    i.MemManage_Handler  stm32h7xx_it.o
    0x08005454   0x08005454   0x00000004   Code   RO          453    i.NMI_Handler       stm32h7xx_it.o
    0x08005458   0x08005458   0x00000010   Code   RO          454    i.OTG_FS_IRQHandler  stm32h7xx_it.o
    0x08005468   0x08005468   0x00000064   Code   RO          626    i.PCD_EP_OutSetupPacket_int  stm32h7xx_hal_pcd.o
    0x080054cc   0x080054cc   0x0000017c   Code   RO          627    i.PCD_EP_OutXfrComplete_int  stm32h7xx_hal_pcd.o
    0x08005648   0x08005648   0x000000b6   Code   RO          628    i.PCD_WriteEmptyTxFifo  stm32h7xx_hal_pcd.o
    0x080056fe   0x080056fe   0x00000002   PAD
    0x08005700   0x08005700   0x00000164   Code   RO         1340    i.RCCEx_PLL2_Config  stm32h7xx_hal_rcc_ex.o
    0x08005864   0x08005864   0x00000164   Code   RO         1341    i.RCCEx_PLL3_Config  stm32h7xx_hal_rcc_ex.o
    0x080059c8   0x080059c8   0x00000012   Code   RO         7983    i.SWAPBYTE          usbd_ctlreq.o
    0x080059da   0x080059da   0x0000000e   Code   RO          332    i.StartDefaultTask  freertos.o
    0x080059e8   0x080059e8   0x00000034   Code   RO         6736    i.SysTick_Handler   port.o
    0x08005a1c   0x08005a1c   0x000000e4   Code   RO           15    i.SystemClock_Config  main.o
    0x08005b00   0x08005b00   0x000000fc   Code   RO         5238    i.SystemInit        system_stm32h7xx.o
    0x08005bfc   0x08005bfc   0x00000010   Code   RO          455    i.TIM2_IRQHandler   stm32h7xx_it.o
    0x08005c0c   0x08005c0c   0x000000cc   Code   RO         3772    i.TIM_Base_SetConfig  stm32h7xx_hal_tim.o
    0x08005cd8   0x08005cd8   0x00000056   Code   RO         6824    i.TzCtrl            trckernelport.o
    0x08005d2e   0x08005d2e   0x00000002   PAD
    0x08005d30   0x08005d30   0x00000058   Code   RO         5133    i.UARTEx_SetNbDataToProcess  stm32h7xx_hal_uart_ex.o
    0x08005d88   0x08005d88   0x000000f8   Code   RO         4738    i.UART_AdvFeatureConfig  stm32h7xx_hal_uart.o
    0x08005e80   0x08005e80   0x00000076   Code   RO         4739    i.UART_CheckIdleState  stm32h7xx_hal_uart.o
    0x08005ef6   0x08005ef6   0x00000002   PAD
    0x08005ef8   0x08005ef8   0x0000058c   Code   RO         4757    i.UART_SetConfig    stm32h7xx_hal_uart.o
    0x08006484   0x08006484   0x000000fe   Code   RO         4764    i.UART_WaitOnFlagUntilTimeout  stm32h7xx_hal_uart.o
    0x08006582   0x08006582   0x00000094   Code   RO         8154    i.USBD_CDC_DataIn   usbd_cdc.o
    0x08006616   0x08006616   0x00000034   Code   RO         8155    i.USBD_CDC_DataOut  usbd_cdc.o
    0x0800664a   0x0800664a   0x00000052   Code   RO         8156    i.USBD_CDC_DeInit   usbd_cdc.o
    0x0800669c   0x0800669c   0x00000038   Code   RO         8157    i.USBD_CDC_EP0_RxReady  usbd_cdc.o
    0x080066d4   0x080066d4   0x00000010   Code   RO         8158    i.USBD_CDC_GetDeviceQualifierDescriptor  usbd_cdc.o
    0x080066e4   0x080066e4   0x00000010   Code   RO         8159    i.USBD_CDC_GetFSCfgDesc  usbd_cdc.o
    0x080066f4   0x080066f4   0x00000010   Code   RO         8160    i.USBD_CDC_GetHSCfgDesc  usbd_cdc.o
    0x08006704   0x08006704   0x00000010   Code   RO         8161    i.USBD_CDC_GetOtherSpeedCfgDesc  usbd_cdc.o
    0x08006714   0x08006714   0x000000c0   Code   RO         8162    i.USBD_CDC_Init     usbd_cdc.o
    0x080067d4   0x080067d4   0x0000003a   Code   RO         8163    i.USBD_CDC_ReceivePacket  usbd_cdc.o
    0x0800680e   0x0800680e   0x00000010   Code   RO         8164    i.USBD_CDC_RegisterInterface  usbd_cdc.o
    0x0800681e   0x0800681e   0x00000016   Code   RO         8165    i.USBD_CDC_SetRxBuffer  usbd_cdc.o
    0x08006834   0x08006834   0x0000001c   Code   RO         8166    i.USBD_CDC_SetTxBuffer  usbd_cdc.o
    0x08006850   0x08006850   0x0000011c   Code   RO         8167    i.USBD_CDC_Setup    usbd_cdc.o
    0x0800696c   0x0800696c   0x0000003c   Code   RO         8168    i.USBD_CDC_TransmitPacket  usbd_cdc.o
    0x080069a8   0x080069a8   0x0000001c   Code   RO         7841    i.USBD_ClrClassConfig  usbd_core.o
    0x080069c4   0x080069c4   0x0000003e   Code   RO         7984    i.USBD_ClrFeature   usbd_ctlreq.o
    0x08006a02   0x08006a02   0x00000018   Code   RO         8090    i.USBD_CtlContinueRx  usbd_ioreq.o
    0x08006a1a   0x08006a1a   0x00000018   Code   RO         8091    i.USBD_CtlContinueSendData  usbd_ioreq.o
    0x08006a32   0x08006a32   0x00000018   Code   RO         7985    i.USBD_CtlError     usbd_ctlreq.o
    0x08006a4a   0x08006a4a   0x00000028   Code   RO         8092    i.USBD_CtlPrepareRx  usbd_ioreq.o
    0x08006a72   0x08006a72   0x0000001a   Code   RO         8093    i.USBD_CtlReceiveStatus  usbd_ioreq.o
    0x08006a8c   0x08006a8c   0x00000022   Code   RO         8094    i.USBD_CtlSendData  usbd_ioreq.o
    0x08006aae   0x08006aae   0x0000001a   Code   RO         8095    i.USBD_CtlSendStatus  usbd_ioreq.o
    0x08006ac8   0x08006ac8   0x00000034   Code   RO         7481    i.USBD_FS_ConfigStrDescriptor  usbd_desc.o
    0x08006afc   0x08006afc   0x00000010   Code   RO         7482    i.USBD_FS_DeviceDescriptor  usbd_desc.o
    0x08006b0c   0x08006b0c   0x00000038   Code   RO         7483    i.USBD_FS_InterfaceStrDescriptor  usbd_desc.o
    0x08006b44   0x08006b44   0x00000010   Code   RO         7484    i.USBD_FS_LangIDStrDescriptor  usbd_desc.o
    0x08006b54   0x08006b54   0x0000002c   Code   RO         7485    i.USBD_FS_ManufacturerStrDescriptor  usbd_desc.o
    0x08006b80   0x08006b80   0x00000040   Code   RO         7486    i.USBD_FS_ProductStrDescriptor  usbd_desc.o
    0x08006bc0   0x08006bc0   0x00000018   Code   RO         7487    i.USBD_FS_SerialStrDescriptor  usbd_desc.o
    0x08006bd8   0x08006bd8   0x00000056   Code   RO         7986    i.USBD_GetConfig    usbd_ctlreq.o
    0x08006c2e   0x08006c2e   0x000001fc   Code   RO         7987    i.USBD_GetDescriptor  usbd_ctlreq.o
    0x08006e2a   0x08006e2a   0x00000016   Code   RO         7988    i.USBD_GetLen       usbd_ctlreq.o
    0x08006e40   0x08006e40   0x0000005a   Code   RO         7989    i.USBD_GetStatus    usbd_ctlreq.o
    0x08006e9a   0x08006e9a   0x00000054   Code   RO         7990    i.USBD_GetString    usbd_ctlreq.o
    0x08006eee   0x08006eee   0x0000002c   Code   RO         7643    i.USBD_Get_USB_Status  usbd_conf.o
    0x08006f1a   0x08006f1a   0x0000003a   Code   RO         7843    i.USBD_Init         usbd_core.o
    0x08006f54   0x08006f54   0x00000026   Code   RO         7644    i.USBD_LL_ClearStallEP  usbd_conf.o
    0x08006f7a   0x08006f7a   0x00000026   Code   RO         7645    i.USBD_LL_CloseEP   usbd_conf.o
    0x08006fa0   0x08006fa0   0x000000e2   Code   RO         7844    i.USBD_LL_DataInStage  usbd_core.o
    0x08007082   0x08007082   0x0000008e   Code   RO         7845    i.USBD_LL_DataOutStage  usbd_core.o
    0x08007110   0x08007110   0x00000006   Code   RO         7846    i.USBD_LL_DevConnected  usbd_core.o
    0x08007116   0x08007116   0x00000020   Code   RO         7847    i.USBD_LL_DevDisconnected  usbd_core.o
    0x08007136   0x08007136   0x00000012   Code   RO         7649    i.USBD_LL_GetRxDataSize  usbd_conf.o
    0x08007148   0x08007148   0x0000006c   Code   RO         7650    i.USBD_LL_Init      usbd_conf.o
    0x080071b4   0x080071b4   0x00000038   Code   RO         7651    i.USBD_LL_IsStallEP  usbd_conf.o
    0x080071ec   0x080071ec   0x00000030   Code   RO         7848    i.USBD_LL_IsoINIncomplete  usbd_core.o
    0x0800721c   0x0800721c   0x00000030   Code   RO         7849    i.USBD_LL_IsoOUTIncomplete  usbd_core.o
    0x0800724c   0x0800724c   0x00000030   Code   RO         7652    i.USBD_LL_OpenEP    usbd_conf.o
    0x0800727c   0x0800727c   0x00000030   Code   RO         7653    i.USBD_LL_PrepareReceive  usbd_conf.o
    0x080072ac   0x080072ac   0x0000006c   Code   RO         7850    i.USBD_LL_Reset     usbd_core.o
    0x08007318   0x08007318   0x00000016   Code   RO         7851    i.USBD_LL_Resume    usbd_core.o
    0x0800732e   0x0800732e   0x0000002c   Code   RO         7852    i.USBD_LL_SOF       usbd_core.o
    0x0800735a   0x0800735a   0x00000008   Code   RO         7853    i.USBD_LL_SetSpeed  usbd_core.o
    0x08007362   0x08007362   0x00000026   Code   RO         7654    i.USBD_LL_SetUSBAddress  usbd_conf.o
    0x08007388   0x08007388   0x00000076   Code   RO         7854    i.USBD_LL_SetupStage  usbd_core.o
    0x080073fe   0x080073fe   0x00000026   Code   RO         7655    i.USBD_LL_StallEP   usbd_conf.o
    0x08007424   0x08007424   0x0000001e   Code   RO         7656    i.USBD_LL_Start     usbd_conf.o
    0x08007442   0x08007442   0x00000014   Code   RO         7855    i.USBD_LL_Suspend   usbd_core.o
    0x08007456   0x08007456   0x00000030   Code   RO         7658    i.USBD_LL_Transmit  usbd_conf.o
    0x08007486   0x08007486   0x00000036   Code   RO         7991    i.USBD_ParseSetupRequest  usbd_ctlreq.o
    0x080074bc   0x080074bc   0x0000002e   Code   RO         7856    i.USBD_RegisterClass  usbd_core.o
    0x080074ea   0x080074ea   0x00000006   Code   RO         7857    i.USBD_RunTestMode  usbd_core.o
    0x080074f0   0x080074f0   0x0000005a   Code   RO         7992    i.USBD_SetAddress   usbd_ctlreq.o
    0x0800754a   0x0800754a   0x00000020   Code   RO         7858    i.USBD_SetClassConfig  usbd_core.o
    0x0800756a   0x0800756a   0x00000002   PAD
    0x0800756c   0x0800756c   0x000000fc   Code   RO         7993    i.USBD_SetConfig    usbd_ctlreq.o
    0x08007668   0x08007668   0x00000018   Code   RO         7994    i.USBD_SetFeature   usbd_ctlreq.o
    0x08007680   0x08007680   0x0000000c   Code   RO         7859    i.USBD_Start        usbd_core.o
    0x0800768c   0x0800768c   0x000000a6   Code   RO         7995    i.USBD_StdDevReq    usbd_ctlreq.o
    0x08007732   0x08007732   0x0000022c   Code   RO         7996    i.USBD_StdEPReq     usbd_ctlreq.o
    0x0800795e   0x0800795e   0x0000007e   Code   RO         7997    i.USBD_StdItfReq    usbd_ctlreq.o
    0x080079dc   0x080079dc   0x00000002   Code   RO         7659    i.USBD_static_free  usbd_conf.o
    0x080079de   0x080079de   0x00000002   PAD
    0x080079e0   0x080079e0   0x0000000c   Code   RO         7660    i.USBD_static_malloc  usbd_conf.o
    0x080079ec   0x080079ec   0x000000d0   Code   RO          902    i.USB_ActivateEndpoint  stm32h7xx_ll_usb.o
    0x08007abc   0x08007abc   0x00000028   Code   RO          904    i.USB_ActivateSetup  stm32h7xx_ll_usb.o
    0x08007ae4   0x08007ae4   0x00000098   Code   RO          906    i.USB_CoreInit      stm32h7xx_ll_usb.o
    0x08007b7c   0x08007b7c   0x00000054   Code   RO          907    i.USB_CoreReset     stm32h7xx_ll_usb.o
    0x08007bd0   0x08007bd0   0x0000014c   Code   RO          910    i.USB_DeactivateEndpoint  stm32h7xx_ll_usb.o
    0x08007d1c   0x08007d1c   0x00000024   Code   RO          911    i.USB_DevConnect    stm32h7xx_ll_usb.o
    0x08007d40   0x08007d40   0x00000024   Code   RO          912    i.USB_DevDisconnect  stm32h7xx_ll_usb.o
    0x08007d64   0x08007d64   0x000001d8   Code   RO          913    i.USB_DevInit       stm32h7xx_ll_usb.o
    0x08007f3c   0x08007f3c   0x0000000e   Code   RO          914    i.USB_DisableGlobalInt  stm32h7xx_ll_usb.o
    0x08007f4a   0x08007f4a   0x00000002   PAD
    0x08007f4c   0x08007f4c   0x000001d8   Code   RO          917    i.USB_EP0StartXfer  stm32h7xx_ll_usb.o
    0x08008124   0x08008124   0x00000070   Code   RO          918    i.USB_EP0_OutStart  stm32h7xx_ll_usb.o
    0x08008194   0x08008194   0x0000008e   Code   RO          919    i.USB_EPClearStall  stm32h7xx_ll_usb.o
    0x08008222   0x08008222   0x0000009a   Code   RO          920    i.USB_EPSetStall    stm32h7xx_ll_usb.o
    0x080082bc   0x080082bc   0x00000344   Code   RO          921    i.USB_EPStartXfer   stm32h7xx_ll_usb.o
    0x08008600   0x08008600   0x0000000e   Code   RO          923    i.USB_EnableGlobalInt  stm32h7xx_ll_usb.o
    0x0800860e   0x0800860e   0x00000002   PAD
    0x08008610   0x08008610   0x00000050   Code   RO          924    i.USB_FlushRxFifo   stm32h7xx_ll_usb.o
    0x08008660   0x08008660   0x00000054   Code   RO          925    i.USB_FlushTxFifo   stm32h7xx_ll_usb.o
    0x080086b4   0x080086b4   0x00000026   Code   RO          927    i.USB_GetDevSpeed   stm32h7xx_ll_usb.o
    0x080086da   0x080086da   0x0000000a   Code   RO          929    i.USB_GetMode       stm32h7xx_ll_usb.o
    0x080086e4   0x080086e4   0x00000014   Code   RO          936    i.USB_ReadDevAllInEpInterrupt  stm32h7xx_ll_usb.o
    0x080086f8   0x080086f8   0x00000014   Code   RO          937    i.USB_ReadDevAllOutEpInterrupt  stm32h7xx_ll_usb.o
    0x0800870c   0x0800870c   0x00000032   Code   RO          938    i.USB_ReadDevInEPInterrupt  stm32h7xx_ll_usb.o
    0x0800873e   0x0800873e   0x0000001a   Code   RO          939    i.USB_ReadDevOutEPInterrupt  stm32h7xx_ll_usb.o
    0x08008758   0x08008758   0x0000000a   Code   RO          940    i.USB_ReadInterrupts  stm32h7xx_ll_usb.o
    0x08008762   0x08008762   0x00000060   Code   RO          941    i.USB_ReadPacket    stm32h7xx_ll_usb.o
    0x080087c2   0x080087c2   0x00000068   Code   RO          943    i.USB_SetCurrentMode  stm32h7xx_ll_usb.o
    0x0800882a   0x0800882a   0x0000002a   Code   RO          944    i.USB_SetDevAddress  stm32h7xx_ll_usb.o
    0x08008854   0x08008854   0x00000012   Code   RO          945    i.USB_SetDevSpeed   stm32h7xx_ll_usb.o
    0x08008866   0x08008866   0x00000002   PAD
    0x08008868   0x08008868   0x000000e8   Code   RO          946    i.USB_SetTurnaroundTime  stm32h7xx_ll_usb.o
    0x08008950   0x08008950   0x00000044   Code   RO          949    i.USB_WritePacket   stm32h7xx_ll_usb.o
    0x08008994   0x08008994   0x00000004   Code   RO          456    i.UsageFault_Handler  stm32h7xx_it.o
    0x08008998   0x08008998   0x00000010   Code   RO         2650    i.__NVIC_GetPriorityGrouping  stm32h7xx_hal_cortex.o
    0x080089a8   0x080089a8   0x00000028   Code   RO         2651    i.__NVIC_SetPriority  stm32h7xx_hal_cortex.o
    0x080089d0   0x080089d0   0x00000006   Code   RO         6980    i.__get_PRIMASK     trcstreamingrecorder.o
    0x080089d6   0x080089d6   0x00000006   Code   RO         6981    i.__set_PRIMASK     trcstreamingrecorder.o
    0x080089dc   0x080089dc   0x00000006   Code   RO         7335    i.__set_PRIMASK     trcinternalbuffer.o
    0x080089e2   0x080089e2   0x00000002   PAD
    0x080089e4   0x080089e4   0x00000100   Code   RO           16    i.main              main.o
    0x08008ae4   0x08008ae4   0x0000000e   Code   RO         6286    i.makeFreeRtosPriority  cmsis_os.o
    0x08008af2   0x08008af2   0x00000018   Code   RO         6288    i.osDelay           cmsis_os.o
    0x08008b0a   0x08008b0a   0x0000000a   Code   RO         6291    i.osKernelStart     cmsis_os.o
    0x08008b14   0x08008b14   0x0000005e   Code   RO         6325    i.osThreadCreate    cmsis_os.o
    0x08008b72   0x08008b72   0x00000002   PAD
    0x08008b74   0x08008b74   0x00000098   Code   RO         5890    i.prvAddCurrentTaskToDelayedList  tasks.o
    0x08008c0c   0x08008c0c   0x0000012c   Code   RO         5891    i.prvAddNewTaskToReadyList  tasks.o
    0x08008d38   0x08008d38   0x00000048   Code   RO         7336    i.prvAllocateBufferPage  trcinternalbuffer.o
    0x08008d80   0x08008d80   0x00000060   Code   RO         6825    i.prvCheckRecorderStatus  trckernelport.o
    0x08008de0   0x08008de0   0x00000048   Code   RO         5892    i.prvCheckTasksWaitingTermination  tasks.o
    0x08008e28   0x08008e28   0x00000050   Code   RO         5893    i.prvDeleteTCB      tasks.o
    0x08008e78   0x08008e78   0x0000006c   Code   RO         7337    i.prvGetBufferPage  trcinternalbuffer.o
    0x08008ee4   0x08008ee4   0x0000000c   Code   RO         6982    i.prvGetTimestamp32  trcstreamingrecorder.o
    0x08008ef0   0x08008ef0   0x0000007c   Code   RO         6656    i.prvHeapInit       heap_4.o
    0x08008f6c   0x08008f6c   0x00000028   Code   RO         5894    i.prvIdleTask       tasks.o
    0x08008f94   0x08008f94   0x000000be   Code   RO         5895    i.prvInitialiseNewTask  tasks.o
    0x08009052   0x08009052   0x00000002   PAD
    0x08009054   0x08009054   0x00000068   Code   RO         5896    i.prvInitialiseTaskLists  tasks.o
    0x080090bc   0x080090bc   0x00000068   Code   RO         6657    i.prvInsertBlockIntoFreeList  heap_4.o
    0x08009124   0x08009124   0x00000044   Code   RO         6983    i.prvIsValidCommand  trcstreamingrecorder.o
    0x08009168   0x08009168   0x00000060   Code   RO         7338    i.prvPageReadComplete  trcinternalbuffer.o
    0x080091c8   0x080091c8   0x000000f8   Code   RO         7339    i.prvPagedEventBufferGetWritePointer  trcinternalbuffer.o
    0x080092c0   0x080092c0   0x00000070   Code   RO         7340    i.prvPagedEventBufferInit  trcinternalbuffer.o
    0x08009330   0x08009330   0x00000060   Code   RO         7341    i.prvPagedEventBufferTransfer  trcinternalbuffer.o
    0x08009390   0x08009390   0x00000018   Code   RO         6984    i.prvProcessCommand  trcstreamingrecorder.o
    0x080093a8   0x080093a8   0x00000034   Code   RO         5898    i.prvResetNextTaskUnblockTime  tasks.o
    0x080093dc   0x080093dc   0x00000064   Code   RO         6985    i.prvSetRecorderEnabled  trcstreamingrecorder.o
    0x08009440   0x08009440   0x00000040   Code   RO         6737    i.prvTaskExitError  port.o
    0x08009480   0x08009480   0x0000007c   Code   RO         6990    i.prvTraceError     trcstreamingrecorder.o
    0x080094fc   0x080094fc   0x0000000c   Code   RO         6991    i.prvTraceGetCurrentTask  trcstreamingrecorder.o
    0x08009508   0x08009508   0x00000008   Code   RO         6826    i.prvTraceGetCurrentTaskHandle  trckernelport.o
    0x08009510   0x08009510   0x000002c8   Code   RO         6992    i.prvTraceGetError  trcstreamingrecorder.o
    0x080097d8   0x080097d8   0x00000014   Code   RO         6831    i.prvTraceGetTaskNumberHigh16  trckernelport.o
    0x080097ec   0x080097ec   0x0000005c   Code   RO         6993    i.prvTraceInitCortexM  trcstreamingrecorder.o
    0x08009848   0x08009848   0x00000088   Code   RO         6994    i.prvTraceSaveObjectData  trcstreamingrecorder.o
    0x080098d0   0x080098d0   0x00000090   Code   RO         6995    i.prvTraceSaveObjectSymbol  trcstreamingrecorder.o
    0x08009960   0x08009960   0x00000040   Code   RO         6996    i.prvTraceSaveSymbol  trcstreamingrecorder.o
    0x080099a0   0x080099a0   0x0000000c   Code   RO         6997    i.prvTraceSetCurrentTask  trcstreamingrecorder.o
    0x080099ac   0x080099ac   0x0000001c   Code   RO         6836    i.prvTraceSetTaskNumberHigh16  trckernelport.o
    0x080099c8   0x080099c8   0x00000068   Code   RO         7000    i.prvTraceStoreEvent1  trcstreamingrecorder.o
    0x08009a30   0x08009a30   0x0000006c   Code   RO         7001    i.prvTraceStoreEvent2  trcstreamingrecorder.o
    0x08009a9c   0x08009a9c   0x00000030   Code   RO         7007    i.prvTraceStoreExtensionInfo  trcstreamingrecorder.o
    0x08009acc   0x08009acc   0x000000a0   Code   RO         7008    i.prvTraceStoreHeader  trcstreamingrecorder.o
    0x08009b6c   0x08009b6c   0x00000050   Code   RO         7009    i.prvTraceStoreObjectDataTable  trcstreamingrecorder.o
    0x08009bbc   0x08009bbc   0x0000010c   Code   RO         7010    i.prvTraceStoreSimpleStringEventHelper  trcstreamingrecorder.o
    0x08009cc8   0x08009cc8   0x0000007c   Code   RO         7011    i.prvTraceStoreStartEvent  trcstreamingrecorder.o
    0x08009d44   0x08009d44   0x0000003a   Code   RO         7012    i.prvTraceStoreStringEvent  trcstreamingrecorder.o
    0x08009d7e   0x08009d7e   0x00000002   PAD
    0x08009d80   0x08009d80   0x00000108   Code   RO         7013    i.prvTraceStoreStringEventHelper  trcstreamingrecorder.o
    0x08009e88   0x08009e88   0x00000054   Code   RO         7014    i.prvTraceStoreSymbolTable  trcstreamingrecorder.o
    0x08009edc   0x08009edc   0x00000060   Code   RO         7015    i.prvTraceStoreTSConfig  trcstreamingrecorder.o
    0x08009f3c   0x08009f3c   0x00000044   Code   RO         7016    i.prvTraceWarning   trcstreamingrecorder.o
    0x08009f80   0x08009f80   0x000001a4   Code   RO         6658    i.pvPortMalloc      heap_4.o
    0x0800a124   0x0800a124   0x0000002c   Code   RO         6738    i.pxPortInitialiseStack  port.o
    0x0800a150   0x0800a150   0x0000006c   Code   RO           17    i.tfLed             main.o
    0x0800a1bc   0x0800a1bc   0x00000078   Code   RO           18    i.tfUart            main.o
    0x0800a234   0x0800a234   0x00000024   Code   RO         7396    i.trcCDCInit        trcstreamingport.o
    0x0800a258   0x0800a258   0x00000070   Code   RO         7397    i.trcCDCReceive     trcstreamingport.o
    0x0800a2c8   0x0800a2c8   0x0000004c   Code   RO         7398    i.trcCDCTransmit    trcstreamingport.o
    0x0800a314   0x0800a314   0x00000028   Code   RO         5421    i.uxListRemove      list.o
    0x0800a33c   0x0800a33c   0x0000000e   Code   RO         5906    i.uxTaskGetTaskNumber  tasks.o
    0x0800a34a   0x0800a34a   0x00000002   PAD
    0x0800a34c   0x0800a34c   0x00000018   Code   RO          333    i.vApplicationGetIdleTaskMemory  freertos.o
    0x0800a364   0x0800a364   0x0000001a   Code   RO         5422    i.vListInitialise   list.o
    0x0800a37e   0x0800a37e   0x00000006   Code   RO         5423    i.vListInitialiseItem  list.o
    0x0800a384   0x0800a384   0x00000034   Code   RO         5424    i.vListInsert       list.o
    0x0800a3b8   0x0800a3b8   0x00000018   Code   RO         5425    i.vListInsertEnd    list.o
    0x0800a3d0   0x0800a3d0   0x00000054   Code   RO         6740    i.vPortEnterCritical  port.o
    0x0800a424   0x0800a424   0x0000003c   Code   RO         6741    i.vPortExitCritical  port.o
    0x0800a460   0x0800a460   0x000000d8   Code   RO         6659    i.vPortFree         heap_4.o
    0x0800a538   0x0800a538   0x00000028   Code   RO         6742    i.vPortSetupTimerInterrupt  port.o
    0x0800a560   0x0800a560   0x00000078   Code   RO         5910    i.vTaskDelay        tasks.o
    0x0800a5d8   0x0800a5d8   0x000000f4   Code   RO         5911    i.vTaskDelayUntil   tasks.o
    0x0800a6cc   0x0800a6cc   0x00000008   Code   RO         5924    i.vTaskSetTaskNumber  tasks.o
    0x0800a6d4   0x0800a6d4   0x000000fc   Code   RO         5926    i.vTaskStartScheduler  tasks.o
    0x0800a7d0   0x0800a7d0   0x00000010   Code   RO         5928    i.vTaskSuspendAll   tasks.o
    0x0800a7e0   0x0800a7e0   0x000000d4   Code   RO         5929    i.vTaskSwitchContext  tasks.o
    0x0800a8b4   0x0800a8b4   0x000000ec   Code   RO         6838    i.vTraceEnable      trckernelport.o
    0x0800a9a0   0x0800a9a0   0x00000104   Code   RO         7019    i.vTraceInitialize  trcstreamingrecorder.o
    0x0800aaa4   0x0800aaa4   0x0000001e   Code   RO         7023    i.vTracePrintF      trcstreamingrecorder.o
    0x0800aac2   0x0800aac2   0x0000000a   Code   RO         7027    i.vTraceStop        trcstreamingrecorder.o
    0x0800aacc   0x0800aacc   0x0000006c   Code   RO         7031    i.vTraceVPrintF     trcstreamingrecorder.o
    0x0800ab38   0x0800ab38   0x00000190   Code   RO         6744    i.xPortStartScheduler  port.o
    0x0800acc8   0x0800acc8   0x00000064   Code   RO         5932    i.xTaskCreate       tasks.o
    0x0800ad2c   0x0800ad2c   0x000000ba   Code   RO         5933    i.xTaskCreateStatic  tasks.o
    0x0800ade6   0x0800ade6   0x00000002   PAD
    0x0800ade8   0x0800ade8   0x0000000c   Code   RO         5936    i.xTaskGetCurrentTaskHandle  tasks.o
    0x0800adf4   0x0800adf4   0x0000000c   Code   RO         5938    i.xTaskGetTickCount  tasks.o
    0x0800ae00   0x0800ae00   0x00000190   Code   RO         5940    i.xTaskIncrementTick  tasks.o
    0x0800af90   0x0800af90   0x00000120   Code   RO         5946    i.xTaskResumeAll    tasks.o
    0x0800b0b0   0x0800b0b0   0x0000000c   Code   RO         7033    i.xTraceIsRecordingEnabled  trcstreamingrecorder.o
    0x0800b0bc   0x0800b0bc   0x0000002e   Code   RO         7034    i.xTraceRegisterString  trcstreamingrecorder.o
    0x0800b0ea   0x0800b0ea   0x0000000a   Code   RO         8555    x$fpl$fpinit        fz_wv.l(fpinit.o)
    0x0800b0f4   0x0800b0f4   0x0000001c   Data   RO          335    .constdata          freertos.o
    0x0800b110   0x0800b110   0x00000008   Data   RO         1941    .constdata          stm32h7xx_hal_dma.o
    0x0800b118   0x0800b118   0x00000018   Data   RO         4765    .constdata          stm32h7xx_hal_uart.o
    0x0800b130   0x0800b130   0x00000010   Data   RO         5135    .constdata          stm32h7xx_hal_uart_ex.o
    0x0800b140   0x0800b140   0x00000010   Data   RO         5239    .constdata          system_stm32h7xx.o
    0x0800b150   0x0800b150   0x0000000c   Data   RO          336    .conststring        freertos.o
    0x0800b15c   0x0800b15c   0x00000020   Data   RO         8613    Region$$Table       anon$$obj.o


    Execution Region RW_IRAM1 (Exec base: 0x20000000, Load base: 0x0800b17c, Size: 0x00000000, Max: 0x00020000, ABSOLUTE)

    **** No section assigned to this execution region ****


    Execution Region RW_IRAM2 (Exec base: 0x24000000, Load base: 0x0800b17c, Size: 0x000090a0, Max: 0x00080000, ABSOLUTE, COMPRESSED[0x000000e0])

    Exec Addr    Load Addr    Size         Type   Attr      Idx    E Section Name        Object

    0x24000000   COMPRESSED   0x00000020   Data   RW           19    .data               main.o
    0x24000020   COMPRESSED   0x00000004   Data   RW          337    .data               freertos.o
    0x24000024   COMPRESSED   0x00000009   Data   RW         2825    .data               stm32h7xx_hal.o
    0x2400002d   COMPRESSED   0x00000003   PAD
    0x24000030   COMPRESSED   0x00000008   Data   RW         5240    .data               system_stm32h7xx.o
    0x24000038   COMPRESSED   0x0000003c   Data   RW         5949    .data               tasks.o
    0x24000074   COMPRESSED   0x00000020   Data   RW         6665    .data               heap_4.o
    0x24000094   COMPRESSED   0x0000000c   Data   RW         6745    .data               port.o
    0x240000a0   COMPRESSED   0x0000000c   Data   RW         6843    .data               trckernelport.o
    0x240000ac   COMPRESSED   0x00000078   Data   RW         7037    .data               trcstreamingrecorder.o
    0x24000124   COMPRESSED   0x00000014   Data   RW         7343    .data               trcinternalbuffer.o
    0x24000138   COMPRESSED   0x00000008   Data   RW         7400    .data               trcstreamingport.o
    0x24000140   COMPRESSED   0x0000004e   Data   RW         7489    .data               usbd_desc.o
    0x2400018e   COMPRESSED   0x00000002   PAD
    0x24000190   COMPRESSED   0x00000014   Data   RW         7576    .data               usbd_cdc_if.o
    0x240001a4   COMPRESSED   0x00000001   Data   RW         7998    .data               usbd_ctlreq.o
    0x240001a5   COMPRESSED   0x00000003   PAD
    0x240001a8   COMPRESSED   0x0000010f   Data   RW         8169    .data               usbd_cdc.o
    0x240002b7   COMPRESSED   0x00000001   PAD
    0x240002b8        -       0x000004b8   Zero   RW          334    .bss                freertos.o
    0x24000770        -       0x00000180   Zero   RW          408    .bss                usart.o
    0x240008f0        -       0x0000004c   Zero   RW          556    .bss                stm32h7xx_hal_timebase_tim.o
    0x2400093c        -       0x000000f0   Zero   RW         5948    .bss                tasks.o
    0x24000a2c        -       0x00003c00   Zero   RW         6664    .bss                heap_4.o
    0x2400462c        -       0x000017e4   Zero   RW         6842    .bss                trckernelport.o
    0x24005e10        -       0x000006a4   Zero   RW         7036    .bss                trcstreamingrecorder.o
    0x240064b4        -       0x00000050   Zero   RW         7342    .bss                trcinternalbuffer.o
    0x24006504        -       0x00000044   Zero   RW         7399    .bss                trcstreamingport.o
    0x24006548        -       0x000002d0   Zero   RW         7441    .bss                usb_device.o
    0x24006818        -       0x00000200   Zero   RW         7488    .bss                usbd_desc.o
    0x24006a18        -       0x00001000   Zero   RW         7575    .bss                usbd_cdc_if.o
    0x24007a18        -       0x00000628   Zero   RW         7661    .bss                usbd_conf.o
    0x24008040        -       0x00000060   Zero   RW         8480    .bss                c_w.l(libspace.o)
    0x240080a0        -       0x00000800   Zero   RW            2    HEAP                startup_stm32h743xx.o
    0x240088a0        -       0x00000800   Zero   RW            1    STACK               startup_stm32h743xx.o


==============================================================================

Image component sizes


      Code (inc. data)   RO Data    RW Data    ZI Data      Debug   Object Name

       142          0          0          0          0      21647   cmsis_os.o
        68          4          0          0          0        926   dma.o
         0          0          0          0          0      15304   event_groups.o
        78         20         40          4       1208       2796   freertos.o
       204         14          0          0          0       1135   gpio.o
       864         92          0         32      15360       7667   heap_4.o
       148          0          0          0          0       3762   list.o
       736        210          0         32          0    1324141   main.o
       934         76          0         12          0      11500   port.o
        64         26        664          0       4096        860   startup_stm32h743xx.o
       184         38          0          9          0      22865   stm32h7xx_hal.o
       258         22          0          0          0      39378   stm32h7xx_hal_cortex.o
      4878        108          8          0          0       8664   stm32h7xx_hal_dma.o
       540         52          0          0          0       2949   stm32h7xx_hal_gpio.o
        48          6          0          0          0        970   stm32h7xx_hal_msp.o
      3292         14          0          0          0      13301   stm32h7xx_hal_pcd.o
       130          4          0          0          0       3293   stm32h7xx_hal_pcd_ex.o
       116         12          0          0          0       1382   stm32h7xx_hal_pwr_ex.o
      3660        118          0          0          0       7797   stm32h7xx_hal_rcc.o
      4784        110          0          0          0       7389   stm32h7xx_hal_rcc_ex.o
       944         68          0          0          0       6790   stm32h7xx_hal_tim.o
         6          0          0          0          0       2348   stm32h7xx_hal_tim_ex.o
       160         18          0          0         76       1703   stm32h7xx_hal_timebase_tim.o
      2374        122         24          0          0      25930   stm32h7xx_hal_uart.o
       354         10         16          0          0       3869   stm32h7xx_hal_uart_ex.o
        86         24          0          0          0       4991   stm32h7xx_it.o
      4002        104          0          0          0      23482   stm32h7xx_ll_usb.o
         0          0          0          0          0        392   stream_buffer.o
       252         40         16          8          0       1462   system_stm32h7xx.o
      2854        338          0         60        240      24881   tasks.o
       738         68          0         20         80       6637   trcinternalbuffer.o
       474         60          0         12       6116       8577   trckernelport.o
       284         32          0          8         68       4282   trcstreamingport.o
      3440        998          0        120       1700      37207   trcstreamingrecorder.o
       392         36          0          0        384       2164   usart.o
        80         16          0          0        720        816   usb_device.o
      1062         24          0        271          0      14273   usbd_cdc.o
       204         22          0         20       4096       4524   usbd_cdc_if.o
      1044         34          0          0       1576      18296   usbd_conf.o
      1004          0          0          0          0      13925   usbd_core.o
      2162         28          0          1          0      17692   usbd_ctlreq.o
       386        122          0         78        512       7177   usbd_desc.o
       174          0          0          0          0       4960   usbd_ioreq.o

    ----------------------------------------------------------------------
     43644       3090        800        696      36232    1734104   Object Totals
         0          0         32          0          0          0   (incl. Generated)
        40          0          0          9          0          0   (incl. Padding)

    ----------------------------------------------------------------------

      Code (inc. data)   RO Data    RW Data    ZI Data      Debug   Library Member Name

        90          0          0          0          0          0   __dczerorl2.o
         8          0          0          0          0         68   __main.o
         0          0          0          0          0          0   __rtentry.o
        12          0          0          0          0          0   __rtentry2.o
         6          0          0          0          0          0   __rtentry4.o
        52          8          0          0          0          0   __scatter.o
        28          0          0          0          0          0   __scatter_zi.o
        16          0          0          0          0         68   aeabi_memset.o
        18          0          0          0          0         80   exit.o
         6          0          0          0          0        152   heapauxi.o
         0          0          0          0          0          0   indicate_semi.o
         2          0          0          0          0          0   libinit.o
         6          0          0          0          0          0   libinit2.o
         2          0          0          0          0          0   libshutdown.o
         2          0          0          0          0          0   libshutdown2.o
         8          4          0          0         96         68   libspace.o
       238          0          0          0          0        100   lludivv7m.o
        68          0          0          0          0         68   rt_memclr.o
        78          0          0          0          0         80   rt_memclr_w.o
       138          0          0          0          0         68   rt_memcpy_v6.o
       100          0          0          0          0         80   rt_memcpy_w.o
         2          0          0          0          0          0   rtexit.o
        10          0          0          0          0          0   rtexit2.o
        12          4          0          0          0         68   sys_exit.o
        74          0          0          0          0         80   sys_stackheap_outer.o
         2          0          0          0          0         68   use_no_semi.o
        10          0          0          0          0        116   fpinit.o

    ----------------------------------------------------------------------
       992         16          0          0         96       1164   Library Totals
         4          0          0          0          0          0   (incl. Padding)

    ----------------------------------------------------------------------

      Code (inc. data)   RO Data    RW Data    ZI Data      Debug   Library Name

       978         16          0          0         96       1048   c_w.l
        10          0          0          0          0        116   fz_wv.l

    ----------------------------------------------------------------------
       992         16          0          0         96       1164   Library Totals

    ----------------------------------------------------------------------

==============================================================================


      Code (inc. data)   RO Data    RW Data    ZI Data      Debug   

     44636       3106        800        696      36328    1703800   Grand Totals
     44636       3106        800        224      36328    1703800   ELF Image Totals (compressed)
     44636       3106        800        224          0          0   ROM Totals

==============================================================================

    Total RO  Size (Code + RO Data)                45436 (  44.37kB)
    Total RW  Size (RW Data + ZI Data)             37024 (  36.16kB)
    Total ROM Size (Code + RO Data + RW Data)      45660 (  44.59kB)

==============================================================================

